../Core/Src/LiquidCrystal_I2C.c:12:6:LCDI2C_init	16	static
../Core/Src/LiquidCrystal_I2C.c:48:6:LCDI2C_begin	16	static
../Core/Src/LiquidCrystal_I2C.c:53:6:LCDI2C_clear	8	static
../Core/Src/LiquidCrystal_I2C.c:58:6:LCDI2C_home	8	static
../Core/Src/LiquidCrystal_I2C.c:63:6:LCDI2C_noDisplay	8	static
../Core/Src/LiquidCrystal_I2C.c:68:6:LCDI2C_display	8	static
../Core/Src/LiquidCrystal_I2C.c:73:6:LCDI2C_noBlink	8	static
../Core/Src/LiquidCrystal_I2C.c:78:6:LCDI2C_blink	8	static
../Core/Src/LiquidCrystal_I2C.c:83:6:LCDI2C_noCursor	8	static
../Core/Src/LiquidCrystal_I2C.c:88:6:LCDI2C_cursor	8	static
../Core/Src/LiquidCrystal_I2C.c:93:6:LCDI2C_scrollDisplayLeft	8	static
../Core/Src/LiquidCrystal_I2C.c:97:6:LCDI2C_scrollDisplayRight	8	static
../Core/Src/LiquidCrystal_I2C.c:101:6:LCDI2C_leftToRight	8	static
../Core/Src/LiquidCrystal_I2C.c:106:6:LCDI2C_rightToLeft	8	static
../Core/Src/LiquidCrystal_I2C.c:111:6:LCDI2C_autoscroll	8	static
../Core/Src/LiquidCrystal_I2C.c:116:6:LCDI2C_noAutoscroll	8	static
../Core/Src/LiquidCrystal_I2C.c:121:6:LCDI2C_backlight	8	static
../Core/Src/LiquidCrystal_I2C.c:126:6:LCDI2C_noBacklight	8	static
../Core/Src/LiquidCrystal_I2C.c:131:6:LCDI2C_setCursor	24	static
../Core/Src/LiquidCrystal_I2C.c:137:6:LCDI2C_createChar	24	static
../Core/Src/LiquidCrystal_I2C.c:145:6:LCDI2C_command	16	static
../Core/Src/LiquidCrystal_I2C.c:149:6:LCDI2C_write	16	static
../Core/Src/LiquidCrystal_I2C.c:153:6:LCDI2C_write_String	16	static
../Core/Src/LiquidCrystal_I2C.c:159:6:LCDI2C_write_Int	32	static
../Core/Src/LiquidCrystal_I2C.c:165:6:LCDI2C_write_Float	48	static
../Core/Src/LiquidCrystal_I2C.c:173:6:LCDI2C_send	24	static
../Core/Src/LiquidCrystal_I2C.c:180:6:LCDI2C_write4bits	16	static
../Core/Src/LiquidCrystal_I2C.c:185:6:LCDI2C_expanderWrite	32	static
../Core/Src/LiquidCrystal_I2C.c:190:6:LCDI2C_pulseEnable	16	static
../Core/Src/LiquidCrystal_I2C.c:197:6:LCDI2C_blink_on	8	static
../Core/Src/LiquidCrystal_I2C.c:198:6:LCDI2C_blink_off	8	static
../Core/Src/LiquidCrystal_I2C.c:199:6:LCDI2C_cursor_on	8	static
../Core/Src/LiquidCrystal_I2C.c:200:6:LCDI2C_cursor_off	8	static
../Core/Src/LiquidCrystal_I2C.c:201:6:LCDI2C_setBacklight	16	static
../Core/Src/LiquidCrystal_I2C.c:205:6:LCDI2C_load_custom_character	16	static
../Core/Src/LiquidCrystal_I2C.c:208:6:LCDI2C_printstr	16	static
