../Core/Src/main.c:375:6:HAL_GPIO_EXTI_Callback	24	static
../Core/Src/main.c:395:6:HAL_TIM_PeriodElapsedCallback	16	static
../Core/Src/main.c:407:13:Copy_To_LCD_Row	24	static
../Core/Src/main.c:413:17:Interval_Duration_Seconds	16	static
../Core/Src/main.c:421:13:Sanitize_Settings	16	static
../Core/Src/main.c:438:13:Commit_Pending_Edit	4	static
../Core/Src/main.c:453:13:Stop_Heating_Control	8	static
../Core/Src/main.c:476:13:Trip_Control_Fault	16	static
../Core/Src/main.c:485:13:Start_Profile	16	static,ignoring_inline_asm
../Core/Src/main.c:531:13:Advance_Profile_If_Needed	32	static
../Core/Src/main.c:584:14:Calculate_Profile_Setpoint	48	static
../Core/Src/main.c:607:13:TIOT_Target_Reached	32	static
../Core/Src/main.c:628:14:Calculate_TIOT_Control_Setpoint	72	static
../Core/Src/main.c:699:13:Update_TIOT_Rate_Estimate	32	static
../Core/Src/main.c:735:14:Limit_TIOT_Output	72	static
../Core/Src/main.c:862:13:Reset_MT_Control	24	static
../Core/Src/main.c:877:13:Update_Temperature_Rate	40	static
../Core/Src/main.c:910:13:Apply_PID_Tunings	48	static
../Core/Src/main.c:922:14:MT_Hold_Output_Cap	24	static
../Core/Src/main.c:933:13:Enter_MT_Phase	24	static
../Core/Src/main.c:960:13:Update_MT_Control_Phase	24	static
../Core/Src/main.c:1009:14:Limit_MT_Output	32	static
../Core/Src/main.c:1081:13:Read_Temperature_Task	32	static
../Core/Src/main.c:1152:13:Update_PID_And_SSR	40	static
../Core/Src/main.c:1278:6:Process_Buttons	32	static,ignoring_inline_asm
../Core/Src/main.c:1430:6:Update_LCD	112	static
../Core/Src/main.c:1549:6:Init_Default_Intervals	16	static
../Core/Src/main.c:1557:17:Flash_Checksum	32	static
../Core/Src/main.c:1572:6:Save_Settings_To_Flash	152	static,ignoring_inline_asm
../Core/Src/main.c:1625:6:Load_Settings_From_Flash	24	static
../Core/Src/main.c:1647:5:main	40	static
../Core/Src/main.c:1731:6:SystemClock_Config	72	static
../Core/Src/main.c:1771:13:MX_I2C2_Init	8	static
../Core/Src/main.c:1805:13:MX_SPI1_Init	8	static
../Core/Src/main.c:1843:13:MX_TIM2_Init	32	static
../Core/Src/main.c:1888:13:MX_GPIO_Init	40	static
../Core/Src/main.c:1952:6:Error_Handler	4	static,ignoring_inline_asm
