../Core/Src/main.c:457:6:HAL_GPIO_EXTI_Callback	11
../Core/Src/main.c:477:6:HAL_TIM_PeriodElapsedCallback	5
../Core/Src/main.c:489:13:Copy_To_LCD_Row	2
../Core/Src/main.c:495:17:Interval_Duration_Seconds	2
../Core/Src/main.c:503:13:Sanitize_Settings	9
../Core/Src/main.c:520:13:Commit_Pending_Edit	8
../Core/Src/main.c:535:13:Stop_Heating_Control	2
../Core/Src/main.c:557:13:Pause_Profile	4
../Core/Src/main.c:580:13:Resume_Profile	7
../Core/Src/main.c:618:13:Trip_Control_Fault	2
../Core/Src/main.c:627:13:Start_Profile	6
../Core/Src/main.c:673:13:Advance_Profile_If_Needed	6
../Core/Src/main.c:712:14:Calculate_Profile_Setpoint	6
../Core/Src/main.c:737:14:Calculate_TIOT_Control_Setpoint	17
../Core/Src/main.c:808:13:Update_TIOT_Rate_Estimate	11
../Core/Src/main.c:844:13:Reset_TIOT_Fast_Rate	5
../Core/Src/main.c:851:13:Update_TIOT_Fast_Rate	11
../Core/Src/main.c:882:14:Limit_TIOT_Output	59
../Core/Src/main.c:1107:13:Reset_MT_Control	5
../Core/Src/main.c:1122:13:Update_Temperature_Rate	11
../Core/Src/main.c:1155:13:Apply_PID_Tunings	6
../Core/Src/main.c:1167:14:MT_Hold_Output_Cap	5
../Core/Src/main.c:1188:14:MT_Hold_Initial_Bias	4
../Core/Src/main.c:1206:13:Enter_MT_Phase	5
../Core/Src/main.c:1236:13:Update_MT_Control_Phase	25
../Core/Src/main.c:1315:14:Limit_MT_Output	28
../Core/Src/main.c:1425:13:Read_Temperature_Task	28
../Core/Src/main.c:1516:13:Update_PID_And_SSR	27
../Core/Src/main.c:1682:6:Process_Buttons	46
../Core/Src/main.c:1844:6:Update_LCD	23
../Core/Src/main.c:1965:6:Init_Default_Intervals	2
../Core/Src/main.c:1973:17:Flash_Checksum	2
../Core/Src/main.c:1988:6:Save_Settings_To_Flash	10
../Core/Src/main.c:2041:6:Load_Settings_From_Flash	7
../Core/Src/main.c:2063:5:main	3
../Core/Src/main.c:2172:6:SystemClock_Config	3
../Core/Src/main.c:2211:13:MX_IWDG_Init	3
../Core/Src/main.c:2238:13:MX_I2C2_Init	2
../Core/Src/main.c:2272:13:MX_SPI1_Init	2
../Core/Src/main.c:2310:13:MX_TIM2_Init	4
../Core/Src/main.c:2355:13:MX_GPIO_Init	1
../Core/Src/main.c:2412:6:Error_Handler	1
