../Core/Src/main.c:433:6:HAL_GPIO_EXTI_Callback	24	static
../Core/Src/main.c:453:6:HAL_TIM_PeriodElapsedCallback	16	static
../Core/Src/main.c:465:13:Copy_To_LCD_Row	24	static
../Core/Src/main.c:471:17:Interval_Duration_Seconds	16	static
../Core/Src/main.c:479:13:Sanitize_Settings	16	static
../Core/Src/main.c:496:13:Commit_Pending_Edit	4	static
../Core/Src/main.c:511:13:Stop_Heating_Control	8	static
../Core/Src/main.c:534:13:Stop_Profile_To_Idle	16	static,ignoring_inline_asm
../Core/Src/main.c:556:13:Pause_Profile	16	static,ignoring_inline_asm
../Core/Src/main.c:579:13:Resume_Profile	24	static,ignoring_inline_asm
../Core/Src/main.c:617:13:Trip_Control_Fault	16	static
../Core/Src/main.c:626:13:Start_Profile	16	static,ignoring_inline_asm
../Core/Src/main.c:673:13:Advance_Profile_If_Needed	24	static
../Core/Src/main.c:712:14:Calculate_Profile_Setpoint	48	static
../Core/Src/main.c:737:14:Calculate_TIOT_Control_Setpoint	56	static
../Core/Src/main.c:798:13:Update_TIOT_Rate_Estimate	32	static
../Core/Src/main.c:834:13:Reset_TIOT_Fast_Rate	24	static
../Core/Src/main.c:841:13:Update_TIOT_Fast_Rate	40	static
../Core/Src/main.c:872:14:Limit_TIOT_Output	104	static
../Core/Src/main.c:1017:13:Reset_MT_Control	24	static
../Core/Src/main.c:1032:13:Update_Temperature_Rate	40	static
../Core/Src/main.c:1065:13:Apply_PID_Tunings	48	static
../Core/Src/main.c:1077:14:MT_Hold_Output_Cap	24	static
../Core/Src/main.c:1098:14:MT_Hold_Initial_Bias	32	static
../Core/Src/main.c:1116:13:Enter_MT_Phase	24	static
../Core/Src/main.c:1146:13:Update_MT_Control_Phase	24	static
../Core/Src/main.c:1225:14:Limit_MT_Output	40	static
../Core/Src/main.c:1335:13:Read_Temperature_Task	32	static
../Core/Src/main.c:1426:13:Update_PID_And_SSR	48	static
../Core/Src/main.c:1593:6:Process_Buttons	32	static,ignoring_inline_asm
../Core/Src/main.c:1761:6:Update_LCD	112	static
../Core/Src/main.c:1882:6:Init_Default_Intervals	16	static
../Core/Src/main.c:1890:17:Flash_Checksum	32	static
../Core/Src/main.c:1905:6:Save_Settings_To_Flash	152	static,ignoring_inline_asm
../Core/Src/main.c:1958:6:Load_Settings_From_Flash	24	static
../Core/Src/main.c:1980:5:main	40	static
../Core/Src/main.c:2089:6:SystemClock_Config	72	static
../Core/Src/main.c:2128:13:MX_IWDG_Init	16	static
../Core/Src/main.c:2155:13:MX_I2C2_Init	8	static
../Core/Src/main.c:2189:13:MX_SPI1_Init	8	static
../Core/Src/main.c:2227:13:MX_TIM2_Init	32	static
../Core/Src/main.c:2272:13:MX_GPIO_Init	40	static
../Core/Src/main.c:2329:6:Error_Handler	16	static,ignoring_inline_asm
