../Core/Src/main.c:434:6:HAL_GPIO_EXTI_Callback	24	static
../Core/Src/main.c:454:6:HAL_TIM_PeriodElapsedCallback	16	static
../Core/Src/main.c:466:13:Copy_To_LCD_Row	24	static
../Core/Src/main.c:472:17:Interval_Duration_Seconds	16	static
../Core/Src/main.c:480:13:Sanitize_Settings	16	static
../Core/Src/main.c:497:13:Commit_Pending_Edit	4	static
../Core/Src/main.c:512:13:Stop_Heating_Control	8	static
../Core/Src/main.c:534:13:Trip_Control_Fault	16	static
../Core/Src/main.c:543:13:Start_Profile	16	static,ignoring_inline_asm
../Core/Src/main.c:589:13:Advance_Profile_If_Needed	24	static
../Core/Src/main.c:628:14:Calculate_Profile_Setpoint	48	static
../Core/Src/main.c:653:14:Calculate_TIOT_Control_Setpoint	72	static
../Core/Src/main.c:724:13:Update_TIOT_Rate_Estimate	32	static
../Core/Src/main.c:760:13:Reset_TIOT_Fast_Rate	24	static
../Core/Src/main.c:767:13:Update_TIOT_Fast_Rate	40	static
../Core/Src/main.c:798:14:Limit_TIOT_Output	128	static
../Core/Src/main.c:1023:13:Reset_MT_Control	24	static
../Core/Src/main.c:1038:13:Update_Temperature_Rate	40	static
../Core/Src/main.c:1071:13:Apply_PID_Tunings	48	static
../Core/Src/main.c:1083:14:MT_Hold_Output_Cap	24	static
../Core/Src/main.c:1094:14:MT_Hold_Initial_Bias	32	static
../Core/Src/main.c:1112:13:Enter_MT_Phase	24	static
../Core/Src/main.c:1136:13:Update_MT_Control_Phase	24	static
../Core/Src/main.c:1207:14:Limit_MT_Output	40	static
../Core/Src/main.c:1317:13:Read_Temperature_Task	32	static
../Core/Src/main.c:1389:13:Update_PID_And_SSR	40	static
../Core/Src/main.c:1515:6:Process_Buttons	32	static,ignoring_inline_asm
../Core/Src/main.c:1667:6:Update_LCD	112	static
../Core/Src/main.c:1786:6:Init_Default_Intervals	16	static
../Core/Src/main.c:1794:17:Flash_Checksum	32	static
../Core/Src/main.c:1809:6:Save_Settings_To_Flash	152	static,ignoring_inline_asm
../Core/Src/main.c:1862:6:Load_Settings_From_Flash	24	static
../Core/Src/main.c:1884:5:main	40	static
../Core/Src/main.c:1970:6:SystemClock_Config	72	static
../Core/Src/main.c:2010:13:MX_I2C2_Init	8	static
../Core/Src/main.c:2044:13:MX_SPI1_Init	8	static
../Core/Src/main.c:2082:13:MX_TIM2_Init	32	static
../Core/Src/main.c:2127:13:MX_GPIO_Init	40	static
../Core/Src/main.c:2184:6:Error_Handler	4	static,ignoring_inline_asm
