../Core/Src/main.c:134:6:HAL_GPIO_EXTI_Callback	24	static
../Core/Src/main.c:151:6:HAL_TIM_PeriodElapsedCallback	16	static
../Core/Src/main.c:171:6:Process_Buttons	16	static
../Core/Src/main.c:299:6:Update_LCD	80	static
../Core/Src/main.c:387:6:Init_Default_Intervals	16	static
../Core/Src/main.c:403:5:main	16	static
../Core/Src/main.c:501:6:SystemClock_Config	72	static
../Core/Src/main.c:541:13:MX_I2C2_Init	8	static
../Core/Src/main.c:575:13:MX_SPI1_Init	8	static
../Core/Src/main.c:613:13:MX_TIM2_Init	32	static
../Core/Src/main.c:658:13:MX_GPIO_Init	40	static
../Core/Src/main.c:722:6:Error_Handler	4	static,ignoring_inline_asm
