../Core/Src/main.c:380:6:HAL_GPIO_EXTI_Callback	24	static
../Core/Src/main.c:400:6:HAL_TIM_PeriodElapsedCallback	16	static
../Core/Src/main.c:412:13:Copy_To_LCD_Row	24	static
../Core/Src/main.c:418:17:Interval_Duration_Seconds	16	static
../Core/Src/main.c:426:13:Sanitize_Settings	16	static
../Core/Src/main.c:443:13:Commit_Pending_Edit	4	static
../Core/Src/main.c:458:13:Stop_Heating_Control	8	static
../Core/Src/main.c:480:13:Trip_Control_Fault	16	static
../Core/Src/main.c:489:13:Start_Profile	16	static,ignoring_inline_asm
../Core/Src/main.c:534:13:Advance_Profile_If_Needed	24	static
../Core/Src/main.c:573:14:Calculate_Profile_Setpoint	48	static
../Core/Src/main.c:598:14:Calculate_TIOT_Control_Setpoint	72	static
../Core/Src/main.c:669:13:Update_TIOT_Rate_Estimate	32	static
../Core/Src/main.c:705:14:Limit_TIOT_Output	112	static
../Core/Src/main.c:902:13:Reset_MT_Control	24	static
../Core/Src/main.c:917:13:Update_Temperature_Rate	40	static
../Core/Src/main.c:950:13:Apply_PID_Tunings	48	static
../Core/Src/main.c:962:14:MT_Hold_Output_Cap	24	static
../Core/Src/main.c:973:13:Enter_MT_Phase	24	static
../Core/Src/main.c:1000:13:Update_MT_Control_Phase	24	static
../Core/Src/main.c:1049:14:Limit_MT_Output	32	static
../Core/Src/main.c:1121:13:Read_Temperature_Task	32	static
../Core/Src/main.c:1192:13:Update_PID_And_SSR	40	static
../Core/Src/main.c:1317:6:Process_Buttons	32	static,ignoring_inline_asm
../Core/Src/main.c:1469:6:Update_LCD	112	static
../Core/Src/main.c:1588:6:Init_Default_Intervals	16	static
../Core/Src/main.c:1596:17:Flash_Checksum	32	static
../Core/Src/main.c:1611:6:Save_Settings_To_Flash	152	static,ignoring_inline_asm
../Core/Src/main.c:1664:6:Load_Settings_From_Flash	24	static
../Core/Src/main.c:1686:5:main	40	static
../Core/Src/main.c:1772:6:SystemClock_Config	72	static
../Core/Src/main.c:1812:13:MX_I2C2_Init	8	static
../Core/Src/main.c:1846:13:MX_SPI1_Init	8	static
../Core/Src/main.c:1884:13:MX_TIM2_Init	32	static
../Core/Src/main.c:1929:13:MX_GPIO_Init	40	static
../Core/Src/main.c:1986:6:Error_Handler	4	static,ignoring_inline_asm
