../Core/Src/main.c:263:6:HAL_GPIO_EXTI_Callback	24	static
../Core/Src/main.c:283:6:HAL_TIM_PeriodElapsedCallback	16	static
../Core/Src/main.c:295:13:Copy_To_LCD_Row	24	static
../Core/Src/main.c:301:17:Interval_Duration_Seconds	16	static
../Core/Src/main.c:309:13:Sanitize_Settings	16	static
../Core/Src/main.c:326:13:Commit_Pending_Edit	4	static
../Core/Src/main.c:341:13:Stop_Heating_Control	8	static
../Core/Src/main.c:351:13:Trip_Control_Fault	16	static
../Core/Src/main.c:360:13:Start_Profile	24	static,ignoring_inline_asm
../Core/Src/main.c:398:13:Advance_Profile_If_Needed	32	static
../Core/Src/main.c:423:14:Calculate_Profile_Setpoint	48	static
../Core/Src/main.c:446:13:Read_Temperature_Task	32	static
../Core/Src/main.c:516:13:Update_PID_And_SSR	40	static
../Core/Src/main.c:577:6:Process_Buttons	32	static,ignoring_inline_asm
../Core/Src/main.c:729:6:Update_LCD	112	static
../Core/Src/main.c:848:6:Init_Default_Intervals	16	static
../Core/Src/main.c:856:17:Flash_Checksum	32	static
../Core/Src/main.c:871:6:Save_Settings_To_Flash	152	static,ignoring_inline_asm
../Core/Src/main.c:924:6:Load_Settings_From_Flash	24	static
../Core/Src/main.c:946:5:main	40	static
../Core/Src/main.c:1030:6:SystemClock_Config	72	static
../Core/Src/main.c:1070:13:MX_I2C2_Init	8	static
../Core/Src/main.c:1104:13:MX_SPI1_Init	8	static
../Core/Src/main.c:1142:13:MX_TIM2_Init	32	static
../Core/Src/main.c:1187:13:MX_GPIO_Init	40	static
../Core/Src/main.c:1251:6:Error_Handler	4	static,ignoring_inline_asm
