../Core/Src/main.c:327:6:HAL_GPIO_EXTI_Callback	24	static
../Core/Src/main.c:347:6:HAL_TIM_PeriodElapsedCallback	16	static
../Core/Src/main.c:359:13:Copy_To_LCD_Row	24	static
../Core/Src/main.c:365:17:Interval_Duration_Seconds	16	static
../Core/Src/main.c:373:13:Sanitize_Settings	16	static
../Core/Src/main.c:390:13:Commit_Pending_Edit	4	static
../Core/Src/main.c:405:13:Stop_Heating_Control	8	static
../Core/Src/main.c:421:13:Trip_Control_Fault	16	static
../Core/Src/main.c:430:13:Start_Profile	16	static,ignoring_inline_asm
../Core/Src/main.c:469:13:Advance_Profile_If_Needed	32	static
../Core/Src/main.c:494:14:Calculate_Profile_Setpoint	48	static
../Core/Src/main.c:517:13:Reset_MT_Control	24	static
../Core/Src/main.c:532:13:Update_Temperature_Rate	40	static
../Core/Src/main.c:564:13:Apply_PID_Tunings	48	static
../Core/Src/main.c:576:14:MT_Hold_Output_Cap	24	static
../Core/Src/main.c:587:13:Enter_MT_Phase	24	static
../Core/Src/main.c:614:13:Update_MT_Control_Phase	24	static
../Core/Src/main.c:663:14:Limit_MT_Output	32	static
../Core/Src/main.c:735:13:Read_Temperature_Task	32	static
../Core/Src/main.c:806:13:Update_PID_And_SSR	32	static
../Core/Src/main.c:917:6:Process_Buttons	32	static,ignoring_inline_asm
../Core/Src/main.c:1069:6:Update_LCD	112	static
../Core/Src/main.c:1188:6:Init_Default_Intervals	16	static
../Core/Src/main.c:1196:17:Flash_Checksum	32	static
../Core/Src/main.c:1211:6:Save_Settings_To_Flash	152	static,ignoring_inline_asm
../Core/Src/main.c:1264:6:Load_Settings_From_Flash	24	static
../Core/Src/main.c:1286:5:main	40	static
../Core/Src/main.c:1370:6:SystemClock_Config	72	static
../Core/Src/main.c:1410:13:MX_I2C2_Init	8	static
../Core/Src/main.c:1444:13:MX_SPI1_Init	8	static
../Core/Src/main.c:1482:13:MX_TIM2_Init	32	static
../Core/Src/main.c:1527:13:MX_GPIO_Init	40	static
../Core/Src/main.c:1591:6:Error_Handler	4	static,ignoring_inline_asm
