../Core/Src/main.c:155:6:HAL_GPIO_EXTI_Callback	24	static
../Core/Src/main.c:172:6:HAL_TIM_PeriodElapsedCallback	16	static
../Core/Src/main.c:192:6:Process_Buttons	16	static
../Core/Src/main.c:322:6:Update_LCD	80	static
../Core/Src/main.c:410:6:Init_Default_Intervals	16	static
../Core/Src/main.c:423:6:Save_Settings_To_Flash	128	static,ignoring_inline_asm
../Core/Src/main.c:461:6:Load_Settings_From_Flash	16	static
../Core/Src/main.c:488:5:main	16	static
../Core/Src/main.c:588:6:SystemClock_Config	72	static
../Core/Src/main.c:628:13:MX_I2C2_Init	8	static
../Core/Src/main.c:662:13:MX_SPI1_Init	8	static
../Core/Src/main.c:700:13:MX_TIM2_Init	32	static
../Core/Src/main.c:745:13:MX_GPIO_Init	40	static
../Core/Src/main.c:809:6:Error_Handler	4	static,ignoring_inline_asm
