../Core/Src/main.c:432:6:HAL_GPIO_EXTI_Callback	24	static
../Core/Src/main.c:452:6:HAL_TIM_PeriodElapsedCallback	16	static
../Core/Src/main.c:464:13:Copy_To_LCD_Row	24	static
../Core/Src/main.c:470:17:Interval_Duration_Seconds	16	static
../Core/Src/main.c:478:13:Sanitize_Settings	16	static
../Core/Src/main.c:495:13:Commit_Pending_Edit	4	static
../Core/Src/main.c:510:13:Stop_Heating_Control	8	static
../Core/Src/main.c:533:13:Pause_Profile	16	static,ignoring_inline_asm
../Core/Src/main.c:556:13:Resume_Profile	24	static,ignoring_inline_asm
../Core/Src/main.c:594:13:Trip_Control_Fault	16	static
../Core/Src/main.c:603:13:Start_Profile	16	static,ignoring_inline_asm
../Core/Src/main.c:650:13:Advance_Profile_If_Needed	24	static
../Core/Src/main.c:689:14:Calculate_Profile_Setpoint	48	static
../Core/Src/main.c:714:14:Calculate_TIOT_Control_Setpoint	56	static
../Core/Src/main.c:775:13:Update_TIOT_Rate_Estimate	32	static
../Core/Src/main.c:811:13:Reset_TIOT_Fast_Rate	24	static
../Core/Src/main.c:818:13:Update_TIOT_Fast_Rate	40	static
../Core/Src/main.c:849:14:Limit_TIOT_Output	104	static
../Core/Src/main.c:994:13:Reset_MT_Control	24	static
../Core/Src/main.c:1009:13:Update_Temperature_Rate	40	static
../Core/Src/main.c:1042:13:Apply_PID_Tunings	48	static
../Core/Src/main.c:1054:14:MT_Hold_Output_Cap	24	static
../Core/Src/main.c:1075:14:MT_Hold_Initial_Bias	32	static
../Core/Src/main.c:1093:13:Enter_MT_Phase	24	static
../Core/Src/main.c:1123:13:Update_MT_Control_Phase	24	static
../Core/Src/main.c:1202:14:Limit_MT_Output	40	static
../Core/Src/main.c:1312:13:Read_Temperature_Task	32	static
../Core/Src/main.c:1403:13:Update_PID_And_SSR	48	static
../Core/Src/main.c:1570:6:Process_Buttons	32	static,ignoring_inline_asm
../Core/Src/main.c:1732:6:Update_LCD	112	static
../Core/Src/main.c:1853:6:Init_Default_Intervals	16	static
../Core/Src/main.c:1861:17:Flash_Checksum	32	static
../Core/Src/main.c:1876:6:Save_Settings_To_Flash	152	static,ignoring_inline_asm
../Core/Src/main.c:1929:6:Load_Settings_From_Flash	24	static
../Core/Src/main.c:1951:5:main	40	static
../Core/Src/main.c:2060:6:SystemClock_Config	72	static
../Core/Src/main.c:2099:13:MX_IWDG_Init	16	static
../Core/Src/main.c:2126:13:MX_I2C2_Init	8	static
../Core/Src/main.c:2160:13:MX_SPI1_Init	8	static
../Core/Src/main.c:2198:13:MX_TIM2_Init	32	static
../Core/Src/main.c:2243:13:MX_GPIO_Init	40	static
../Core/Src/main.c:2300:6:Error_Handler	16	static,ignoring_inline_asm
