../Core/Src/main.c:517:6:HAL_GPIO_EXTI_Callback	24	static
../Core/Src/main.c:533:13:Update_Hold_Button_Events	48	static,ignoring_inline_asm
../Core/Src/main.c:616:13:Is_Setting_UI_State	16	static
../Core/Src/main.c:623:13:Update_Transient_UI	16	static
../Core/Src/main.c:635:6:HAL_TIM_PeriodElapsedCallback	16	static
../Core/Src/main.c:647:13:Copy_To_LCD_Row	24	static
../Core/Src/main.c:653:17:Interval_Duration_Seconds	16	static
../Core/Src/main.c:661:13:Sanitize_Settings	16	static
../Core/Src/main.c:678:13:Sanitize_Program	24	static
../Core/Src/main.c:703:13:Commit_Pending_Edit	4	static
../Core/Src/main.c:718:16:Program_Manager_Saved_Count	16	static
../Core/Src/main.c:726:16:Program_Manager_Slot_At	24	static
../Core/Src/main.c:737:13:Program_Manager_Keep_Selection_Visible	16	static
../Core/Src/main.c:757:13:Enter_Program_Manager	8	static
../Core/Src/main.c:767:13:Load_Program_Slot	16	static
../Core/Src/main.c:781:13:Save_Working_Program	24	static
../Core/Src/main.c:805:13:Delete_Stored_Program	24	static
../Core/Src/main.c:829:13:Begin_Operation_Confirmation	24	static
../Core/Src/main.c:840:13:Stop_Heating_Control	8	static
../Core/Src/main.c:863:13:Stop_Profile_To_Idle	16	static,ignoring_inline_asm
../Core/Src/main.c:885:13:Exit_To_Main_Idle	8	static
../Core/Src/main.c:893:13:Pause_Profile	16	static,ignoring_inline_asm
../Core/Src/main.c:916:13:Resume_Profile	24	static,ignoring_inline_asm
../Core/Src/main.c:954:13:Trip_Control_Fault	16	static
../Core/Src/main.c:963:13:Start_Profile	16	static,ignoring_inline_asm
../Core/Src/main.c:1010:13:Advance_Profile_If_Needed	24	static
../Core/Src/main.c:1049:14:Calculate_Profile_Setpoint	48	static
../Core/Src/main.c:1074:14:Calculate_TIOT_Control_Setpoint	56	static
../Core/Src/main.c:1135:13:Update_TIOT_Rate_Estimate	32	static
../Core/Src/main.c:1171:13:Reset_TIOT_Fast_Rate	24	static
../Core/Src/main.c:1178:13:Update_TIOT_Fast_Rate	40	static
../Core/Src/main.c:1209:14:Limit_TIOT_Output	104	static
../Core/Src/main.c:1354:13:Reset_MT_Control	24	static
../Core/Src/main.c:1369:13:Update_Temperature_Rate	40	static
../Core/Src/main.c:1402:13:Apply_PID_Tunings	48	static
../Core/Src/main.c:1414:14:MT_Hold_Output_Cap	24	static
../Core/Src/main.c:1435:14:MT_Hold_Initial_Bias	32	static
../Core/Src/main.c:1453:13:Enter_MT_Phase	24	static
../Core/Src/main.c:1483:13:Update_MT_Control_Phase	24	static
../Core/Src/main.c:1562:14:Limit_MT_Output	40	static
../Core/Src/main.c:1672:13:Read_Temperature_Task	32	static
../Core/Src/main.c:1763:13:Update_PID_And_SSR	48	static
../Core/Src/main.c:1930:6:Process_Buttons	48	static,ignoring_inline_asm
../Core/Src/main.c:2248:6:Update_LCD	128	static
../Core/Src/main.c:2423:6:Init_Default_Intervals	16	static
../Core/Src/main.c:2431:17:Flash_Checksum_Bytes	32	static
../Core/Src/main.c:2442:17:Flash_Checksum	16	static
../Core/Src/main.c:2449:6:Save_Settings_To_Flash	64	static,ignoring_inline_asm
../Core/Src/main.c:2508:6:Load_Settings_From_Flash	40	static
../Core/Src/main.c:2578:5:main	40	static
../Core/Src/main.c:2687:6:SystemClock_Config	72	static
../Core/Src/main.c:2726:13:MX_IWDG_Init	16	static
../Core/Src/main.c:2753:13:MX_I2C2_Init	8	static
../Core/Src/main.c:2787:13:MX_SPI1_Init	8	static
../Core/Src/main.c:2825:13:MX_TIM2_Init	32	static
../Core/Src/main.c:2870:13:MX_GPIO_Init	40	static
../Core/Src/main.c:2927:6:Error_Handler	16	static,ignoring_inline_asm
