../Core/Src/main.c:415:6:HAL_GPIO_EXTI_Callback	24	static
../Core/Src/main.c:435:6:HAL_TIM_PeriodElapsedCallback	16	static
../Core/Src/main.c:447:13:Copy_To_LCD_Row	24	static
../Core/Src/main.c:453:17:Interval_Duration_Seconds	16	static
../Core/Src/main.c:461:13:Sanitize_Settings	16	static
../Core/Src/main.c:478:13:Commit_Pending_Edit	4	static
../Core/Src/main.c:493:13:Stop_Heating_Control	8	static
../Core/Src/main.c:515:13:Trip_Control_Fault	16	static
../Core/Src/main.c:524:13:Start_Profile	16	static,ignoring_inline_asm
../Core/Src/main.c:570:13:Advance_Profile_If_Needed	24	static
../Core/Src/main.c:609:14:Calculate_Profile_Setpoint	48	static
../Core/Src/main.c:634:14:Calculate_TIOT_Control_Setpoint	72	static
../Core/Src/main.c:705:13:Update_TIOT_Rate_Estimate	32	static
../Core/Src/main.c:741:13:Reset_TIOT_Fast_Rate	24	static
../Core/Src/main.c:748:13:Update_TIOT_Fast_Rate	40	static
../Core/Src/main.c:779:14:Limit_TIOT_Output	128	static
../Core/Src/main.c:1004:13:Reset_MT_Control	24	static
../Core/Src/main.c:1019:13:Update_Temperature_Rate	40	static
../Core/Src/main.c:1052:13:Apply_PID_Tunings	48	static
../Core/Src/main.c:1064:14:MT_Hold_Output_Cap	24	static
../Core/Src/main.c:1075:13:Enter_MT_Phase	24	static
../Core/Src/main.c:1102:13:Update_MT_Control_Phase	24	static
../Core/Src/main.c:1151:14:Limit_MT_Output	32	static
../Core/Src/main.c:1223:13:Read_Temperature_Task	32	static
../Core/Src/main.c:1295:13:Update_PID_And_SSR	40	static
../Core/Src/main.c:1421:6:Process_Buttons	32	static,ignoring_inline_asm
../Core/Src/main.c:1573:6:Update_LCD	112	static
../Core/Src/main.c:1692:6:Init_Default_Intervals	16	static
../Core/Src/main.c:1700:17:Flash_Checksum	32	static
../Core/Src/main.c:1715:6:Save_Settings_To_Flash	152	static,ignoring_inline_asm
../Core/Src/main.c:1768:6:Load_Settings_From_Flash	24	static
../Core/Src/main.c:1790:5:main	40	static
../Core/Src/main.c:1876:6:SystemClock_Config	72	static
../Core/Src/main.c:1916:13:MX_I2C2_Init	8	static
../Core/Src/main.c:1950:13:MX_SPI1_Init	8	static
../Core/Src/main.c:1988:13:MX_TIM2_Init	32	static
../Core/Src/main.c:2033:13:MX_GPIO_Init	40	static
../Core/Src/main.c:2090:6:Error_Handler	4	static,ignoring_inline_asm
