../Core/Src/MAX31856.c:14:13:MAX31856_WriteRegister8	24	static
../Core/Src/MAX31856.c:23:13:MAX31856_ReadRegisterN	24	static
../Core/Src/MAX31856.c:32:16:MAX31856_ReadRegister8	24	static
../Core/Src/MAX31856.c:38:17:MAX31856_ReadRegister16	24	static
../Core/Src/MAX31856.c:49:17:MAX31856_ReadRegister24	24	static
../Core/Src/MAX31856.c:66:6:MAX31856_Init	24	static
../Core/Src/MAX31856.c:100:6:MAX31856_SetConversionMode	24	static
../Core/Src/MAX31856.c:121:28:MAX31856_GetConversionMode	16	static
../Core/Src/MAX31856.c:131:6:MAX31856_SetThermocoupleType	24	static
../Core/Src/MAX31856.c:138:29:MAX31856_GetThermocoupleType	24	static
../Core/Src/MAX31856.c:150:9:MAX31856_ReadFault	16	static
../Core/Src/MAX31856.c:162:6:MAX31856_SetColdJunctionFaultThreshholds	16	static
../Core/Src/MAX31856.c:175:6:MAX31856_SetNoiseFilter	24	static
../Core/Src/MAX31856.c:193:6:MAX31856_SetTempFaultThreshholds	32	static
../Core/Src/MAX31856.c:215:6:MAX31856_TriggerOneShot	24	static
../Core/Src/MAX31856.c:231:6:MAX31856_ConversionComplete	16	static
../Core/Src/MAX31856.c:243:7:MAX31856_ReadCJTemperature	16	static
../Core/Src/MAX31856.c:253:7:MAX31856_ReadThermocoupleTemperature	24	static
