../Core/Src/LiquidCrystal_I2C.c:11:6:LCDI2C_init	16	static
../Core/Src/LiquidCrystal_I2C.c:47:6:LCDI2C_begin	16	static
../Core/Src/LiquidCrystal_I2C.c:52:6:LCDI2C_clear	8	static
../Core/Src/LiquidCrystal_I2C.c:57:6:LCDI2C_home	8	static
../Core/Src/LiquidCrystal_I2C.c:62:6:LCDI2C_noDisplay	8	static
../Core/Src/LiquidCrystal_I2C.c:67:6:LCDI2C_display	8	static
../Core/Src/LiquidCrystal_I2C.c:72:6:LCDI2C_noBlink	8	static
../Core/Src/LiquidCrystal_I2C.c:77:6:LCDI2C_blink	8	static
../Core/Src/LiquidCrystal_I2C.c:82:6:LCDI2C_noCursor	8	static
../Core/Src/LiquidCrystal_I2C.c:87:6:LCDI2C_cursor	8	static
../Core/Src/LiquidCrystal_I2C.c:92:6:LCDI2C_scrollDisplayLeft	8	static
../Core/Src/LiquidCrystal_I2C.c:96:6:LCDI2C_scrollDisplayRight	8	static
../Core/Src/LiquidCrystal_I2C.c:100:6:LCDI2C_leftToRight	8	static
../Core/Src/LiquidCrystal_I2C.c:105:6:LCDI2C_rightToLeft	8	static
../Core/Src/LiquidCrystal_I2C.c:110:6:LCDI2C_autoscroll	8	static
../Core/Src/LiquidCrystal_I2C.c:115:6:LCDI2C_noAutoscroll	8	static
../Core/Src/LiquidCrystal_I2C.c:120:6:LCDI2C_backlight	8	static
../Core/Src/LiquidCrystal_I2C.c:125:6:LCDI2C_noBacklight	8	static
../Core/Src/LiquidCrystal_I2C.c:130:6:LCDI2C_setCursor	24	static
../Core/Src/LiquidCrystal_I2C.c:136:6:LCDI2C_createChar	24	static
../Core/Src/LiquidCrystal_I2C.c:145:6:LCDI2C_command	16	static
../Core/Src/LiquidCrystal_I2C.c:149:6:LCDI2C_write	16	static
../Core/Src/LiquidCrystal_I2C.c:153:6:LCDI2C_write_String	16	static
../Core/Src/LiquidCrystal_I2C.c:159:6:LCDI2C_write_Int	32	static
../Core/Src/LiquidCrystal_I2C.c:165:6:LCDI2C_write_Float	56	static
../Core/Src/LiquidCrystal_I2C.c:195:6:LCDI2C_send	24	static
../Core/Src/LiquidCrystal_I2C.c:202:6:LCDI2C_write4bits	16	static
../Core/Src/LiquidCrystal_I2C.c:207:6:LCDI2C_expanderWrite	32	static
../Core/Src/LiquidCrystal_I2C.c:212:6:LCDI2C_pulseEnable	16	static
../Core/Src/LiquidCrystal_I2C.c:217:6:LCDI2C_blink_on	8	static
../Core/Src/LiquidCrystal_I2C.c:218:6:LCDI2C_blink_off	8	static
../Core/Src/LiquidCrystal_I2C.c:219:6:LCDI2C_cursor_on	8	static
../Core/Src/LiquidCrystal_I2C.c:220:6:LCDI2C_cursor_off	8	static
../Core/Src/LiquidCrystal_I2C.c:221:6:LCDI2C_setBacklight	16	static
../Core/Src/LiquidCrystal_I2C.c:225:6:LCDI2C_load_custom_character	16	static
../Core/Src/LiquidCrystal_I2C.c:228:6:LCDI2C_printstr	16	static
