Archive member included to satisfy reference by file (symbol)

D:/RUN PROGRAMS/STM32CubeIDE_2.0.0/STM32CubeIDE/plugins/com.st.stm32cube.ide.mcu.externaltools.gnu-tools-for-stm32.13.3.rel1.win32_1.0.100.202509120712/tools/bin/../lib/gcc/arm-none-eabi/13.3.1/../../../../arm-none-eabi/lib/thumb/v7-m/nofp\libc_nano.a(libc_a-exit.o)
                              D:/RUN PROGRAMS/STM32CubeIDE_2.0.0/STM32CubeIDE/plugins/com.st.stm32cube.ide.mcu.externaltools.gnu-tools-for-stm32.13.3.rel1.win32_1.0.100.202509120712/tools/bin/../lib/gcc/arm-none-eabi/13.3.1/../../../../arm-none-eabi/lib/thumb/v7-m/nofp/crt0.o (exit)
D:/RUN PROGRAMS/STM32CubeIDE_2.0.0/STM32CubeIDE/plugins/com.st.stm32cube.ide.mcu.externaltools.gnu-tools-for-stm32.13.3.rel1.win32_1.0.100.202509120712/tools/bin/../lib/gcc/arm-none-eabi/13.3.1/../../../../arm-none-eabi/lib/thumb/v7-m/nofp\libc_nano.a(libc_a-nano-vfprintf_float.o)
                              (_printf_float)
D:/RUN PROGRAMS/STM32CubeIDE_2.0.0/STM32CubeIDE/plugins/com.st.stm32cube.ide.mcu.externaltools.gnu-tools-for-stm32.13.3.rel1.win32_1.0.100.202509120712/tools/bin/../lib/gcc/arm-none-eabi/13.3.1/../../../../arm-none-eabi/lib/thumb/v7-m/nofp\libc_nano.a(libc_a-nano-vfprintf_i.o)
                              D:/RUN PROGRAMS/STM32CubeIDE_2.0.0/STM32CubeIDE/plugins/com.st.stm32cube.ide.mcu.externaltools.gnu-tools-for-stm32.13.3.rel1.win32_1.0.100.202509120712/tools/bin/../lib/gcc/arm-none-eabi/13.3.1/../../../../arm-none-eabi/lib/thumb/v7-m/nofp\libc_nano.a(libc_a-nano-vfprintf_float.o) (_printf_common)
D:/RUN PROGRAMS/STM32CubeIDE_2.0.0/STM32CubeIDE/plugins/com.st.stm32cube.ide.mcu.externaltools.gnu-tools-for-stm32.13.3.rel1.win32_1.0.100.202509120712/tools/bin/../lib/gcc/arm-none-eabi/13.3.1/../../../../arm-none-eabi/lib/thumb/v7-m/nofp\libc_nano.a(libc_a-findfp.o)
                              D:/RUN PROGRAMS/STM32CubeIDE_2.0.0/STM32CubeIDE/plugins/com.st.stm32cube.ide.mcu.externaltools.gnu-tools-for-stm32.13.3.rel1.win32_1.0.100.202509120712/tools/bin/../lib/gcc/arm-none-eabi/13.3.1/../../../../arm-none-eabi/lib/thumb/v7-m/nofp\libc_nano.a(libc_a-exit.o) (__stdio_exit_handler)
D:/RUN PROGRAMS/STM32CubeIDE_2.0.0/STM32CubeIDE/plugins/com.st.stm32cube.ide.mcu.externaltools.gnu-tools-for-stm32.13.3.rel1.win32_1.0.100.202509120712/tools/bin/../lib/gcc/arm-none-eabi/13.3.1/../../../../arm-none-eabi/lib/thumb/v7-m/nofp\libc_nano.a(libc_a-fwalk.o)
                              D:/RUN PROGRAMS/STM32CubeIDE_2.0.0/STM32CubeIDE/plugins/com.st.stm32cube.ide.mcu.externaltools.gnu-tools-for-stm32.13.3.rel1.win32_1.0.100.202509120712/tools/bin/../lib/gcc/arm-none-eabi/13.3.1/../../../../arm-none-eabi/lib/thumb/v7-m/nofp\libc_nano.a(libc_a-findfp.o) (_fwalk_sglue)
D:/RUN PROGRAMS/STM32CubeIDE_2.0.0/STM32CubeIDE/plugins/com.st.stm32cube.ide.mcu.externaltools.gnu-tools-for-stm32.13.3.rel1.win32_1.0.100.202509120712/tools/bin/../lib/gcc/arm-none-eabi/13.3.1/../../../../arm-none-eabi/lib/thumb/v7-m/nofp\libc_nano.a(libc_a-snprintf.o)
                              ./Core/Src/LiquidCrystal_I2C.o (snprintf)
D:/RUN PROGRAMS/STM32CubeIDE_2.0.0/STM32CubeIDE/plugins/com.st.stm32cube.ide.mcu.externaltools.gnu-tools-for-stm32.13.3.rel1.win32_1.0.100.202509120712/tools/bin/../lib/gcc/arm-none-eabi/13.3.1/../../../../arm-none-eabi/lib/thumb/v7-m/nofp\libc_nano.a(libc_a-stdio.o)
                              D:/RUN PROGRAMS/STM32CubeIDE_2.0.0/STM32CubeIDE/plugins/com.st.stm32cube.ide.mcu.externaltools.gnu-tools-for-stm32.13.3.rel1.win32_1.0.100.202509120712/tools/bin/../lib/gcc/arm-none-eabi/13.3.1/../../../../arm-none-eabi/lib/thumb/v7-m/nofp\libc_nano.a(libc_a-findfp.o) (__sread)
D:/RUN PROGRAMS/STM32CubeIDE_2.0.0/STM32CubeIDE/plugins/com.st.stm32cube.ide.mcu.externaltools.gnu-tools-for-stm32.13.3.rel1.win32_1.0.100.202509120712/tools/bin/../lib/gcc/arm-none-eabi/13.3.1/../../../../arm-none-eabi/lib/thumb/v7-m/nofp\libc_nano.a(libc_a-memset.o)
                              D:/RUN PROGRAMS/STM32CubeIDE_2.0.0/STM32CubeIDE/plugins/com.st.stm32cube.ide.mcu.externaltools.gnu-tools-for-stm32.13.3.rel1.win32_1.0.100.202509120712/tools/bin/../lib/gcc/arm-none-eabi/13.3.1/../../../../arm-none-eabi/lib/thumb/v7-m/nofp/crt0.o (memset)
D:/RUN PROGRAMS/STM32CubeIDE_2.0.0/STM32CubeIDE/plugins/com.st.stm32cube.ide.mcu.externaltools.gnu-tools-for-stm32.13.3.rel1.win32_1.0.100.202509120712/tools/bin/../lib/gcc/arm-none-eabi/13.3.1/../../../../arm-none-eabi/lib/thumb/v7-m/nofp\libc_nano.a(libc_a-localeconv.o)
                              D:/RUN PROGRAMS/STM32CubeIDE_2.0.0/STM32CubeIDE/plugins/com.st.stm32cube.ide.mcu.externaltools.gnu-tools-for-stm32.13.3.rel1.win32_1.0.100.202509120712/tools/bin/../lib/gcc/arm-none-eabi/13.3.1/../../../../arm-none-eabi/lib/thumb/v7-m/nofp\libc_nano.a(libc_a-nano-vfprintf_float.o) (_localeconv_r)
[...]
Memory Configuration

Name             Origin             Length             Attributes
RAM              0x20000000         0x00005000         xrw
FLASH            0x08000000         0x00010000         xr
*default*        0x00000000         0xffffffff

Linker script and memory map

LOAD D:/RUN PROGRAMS/STM32CubeIDE_2.0.0/STM32CubeIDE/plugins/com.st.stm32cube.ide.mcu.externaltools.gnu-tools-for-stm32.13.3.rel1.win32_1.0.100.202509120712/tools/bin/../lib/gcc/arm-none-eabi/13.3.1/thumb/v7-m/nofp/crti.o
LOAD D:/RUN PROGRAMS/STM32CubeIDE_2.0.0/STM32CubeIDE/plugins/com.st.stm32cube.ide.mcu.externaltools.gnu-tools-for-stm32.13.3.rel1.win32_1.0.100.202509120712/tools/bin/../lib/gcc/arm-none-eabi/13.3.1/thumb/v7-m/nofp/crtbegin.o
LOAD D:/RUN PROGRAMS/STM32CubeIDE_2.0.0/STM32CubeIDE/plugins/com.st.stm32cube.ide.mcu.externaltools.gnu-tools-for-stm32.13.3.rel1.win32_1.0.100.202509120712/tools/bin/../lib/gcc/arm-none-eabi/13.3.1/../../../../arm-none-eabi/lib/thumb/v7-m/nofp/crt0.o
LOAD ./Core/Src/LiquidCrystal_I2C.o
LOAD ./Core/Src/MAX31856.o
LOAD ./Core/Src/PID_Controller.o
LOAD ./Core/Src/main.o
LOAD ./Core/Src/stm32f1xx_hal_msp.o
LOAD ./Core/Src/stm32f1xx_it.o
LOAD ./Core/Src/syscalls.o
LOAD ./Core/Src/sysmem.o
LOAD ./Core/Src/system_stm32f1xx.o
LOAD ./Core/Startup/startup_stm32f103c8tx.o
LOAD ./Drivers/STM32F1xx_HAL_Driver/Src/stm32f1xx_hal.o
LOAD ./Drivers/STM32F1xx_HAL_Driver/Src/stm32f1xx_hal_cortex.o
LOAD ./Drivers/STM32F1xx_HAL_Driver/Src/stm32f1xx_hal_dma.o
LOAD ./Drivers/STM32F1xx_HAL_Driver/Src/stm32f1xx_hal_exti.o
LOAD ./Drivers/STM32F1xx_HAL_Driver/Src/stm32f1xx_hal_flash.o
LOAD ./Drivers/STM32F1xx_HAL_Driver/Src/stm32f1xx_hal_flash_ex.o
LOAD ./Drivers/STM32F1xx_HAL_Driver/Src/stm32f1xx_hal_gpio.o
LOAD ./Drivers/STM32F1xx_HAL_Driver/Src/stm32f1xx_hal_gpio_ex.o
LOAD ./Drivers/STM32F1xx_HAL_Driver/Src/stm32f1xx_hal_i2c.o
LOAD ./Drivers/STM32F1xx_HAL_Driver/Src/stm32f1xx_hal_pwr.o
LOAD ./Drivers/STM32F1xx_HAL_Driver/Src/stm32f1xx_hal_rcc.o
LOAD ./Drivers/STM32F1xx_HAL_Driver/Src/stm32f1xx_hal_rcc_ex.o
LOAD ./Drivers/STM32F1xx_HAL_Driver/Src/stm32f1xx_hal_spi.o
LOAD ./Drivers/STM32F1xx_HAL_Driver/Src/stm32f1xx_hal_tim.o
LOAD ./Drivers/STM32F1xx_HAL_Driver/Src/stm32f1xx_hal_tim_ex.o
START GROUP
LOAD D:/RUN PROGRAMS/STM32CubeIDE_2.0.0/STM32CubeIDE/plugins/com.st.stm32cube.ide.mcu.externaltools.gnu-tools-for-stm32.13.3.rel1.win32_1.0.100.202509120712/tools/bin/../lib/gcc/arm-none-eabi/13.3.1/../../../../arm-none-eabi/lib/thumb/v7-m/nofp\libc_nano.a
LOAD D:/RUN PROGRAMS/STM32CubeIDE_2.0.0/STM32CubeIDE/plugins/com.st.stm32cube.ide.mcu.externaltools.gnu-tools-for-stm32.13.3.rel1.win32_1.0.100.202509120712/tools/bin/../lib/gcc/arm-none-eabi/13.3.1/../../../../arm-none-eabi/lib/thumb/v7-m/nofp\libm.a
END GROUP
START GROUP
LOAD D:/RUN PROGRAMS/STM32CubeIDE_2.0.0/STM32CubeIDE/plugins/com.st.stm32cube.ide.mcu.externaltools.gnu-tools-for-stm32.13.3.rel1.win32_1.0.100.202509120712/tools/bin/../lib/gcc/arm-none-eabi/13.3.1/thumb/v7-m/nofp\libgcc.a
LOAD D:/RUN PROGRAMS/STM32CubeIDE_2.0.0/STM32CubeIDE/plugins/com.st.stm32cube.ide.mcu.externaltools.gnu-tools-for-stm32.13.3.rel1.win32_1.0.100.202509120712/tools/bin/../lib/gcc/arm-none-eabi/13.3.1/../../../../arm-none-eabi/lib/thumb/v7-m/nofp\libc_nano.a
END GROUP
START GROUP
LOAD D:/RUN PROGRAMS/STM32CubeIDE_2.0.0/STM32CubeIDE/plugins/com.st.stm32cube.ide.mcu.externaltools.gnu-tools-for-stm32.13.3.rel1.win32_1.0.100.202509120712/tools/bin/../lib/gcc/arm-none-eabi/13.3.1/thumb/v7-m/nofp\libgcc.a
LOAD D:/RUN PROGRAMS/STM32CubeIDE_2.0.0/STM32CubeIDE/plugins/com.st.stm32cube.ide.mcu.externaltools.gnu-tools-for-stm32.13.3.rel1.win32_1.0.100.202509120712/tools/bin/../lib/gcc/arm-none-eabi/13.3.1/../../../../arm-none-eabi/lib/thumb/v7-m/nofp\libc_nano.a
LOAD D:/RUN PROGRAMS/STM32CubeIDE_2.0.0/STM32CubeIDE/plugins/com.st.stm32cube.ide.mcu.externaltools.gnu-tools-for-stm32.13.3.rel1.win32_1.0.100.202509120712/tools/bin/../lib/gcc/arm-none-eabi/13.3.1/../../../../arm-none-eabi/lib/thumb/v7-m/nofp\libnosys.a
END GROUP
START GROUP
LOAD D:/RUN PROGRAMS/STM32CubeIDE_2.0.0/STM32CubeIDE/plugins/com.st.stm32cube.ide.mcu.externaltools.gnu-tools-for-stm32.13.3.rel1.win32_1.0.100.202509120712/tools/bin/../lib/gcc/arm-none-eabi/13.3.1/thumb/v7-m/nofp\libgcc.a
LOAD D:/RUN PROGRAMS/STM32CubeIDE_2.0.0/STM32CubeIDE/plugins/com.st.stm32cube.ide.mcu.externaltools.gnu-tools-for-stm32.13.3.rel1.win32_1.0.100.202509120712/tools/bin/../lib/gcc/arm-none-eabi/13.3.1/../../../../arm-none-eabi/lib/thumb/v7-m/nofp\libc_nano.a
LOAD D:/RUN PROGRAMS/STM32CubeIDE_2.0.0/STM32CubeIDE/plugins/com.st.stm32cube.ide.mcu.externaltools.gnu-tools-for-stm32.13.3.rel1.win32_1.0.100.202509120712/tools/bin/../lib/gcc/arm-none-eabi/13.3.1/../../../../arm-none-eabi/lib/thumb/v7-m/nofp\libnosys.a
END GROUP
LOAD D:/RUN PROGRAMS/STM32CubeIDE_2.0.0/STM32CubeIDE/plugins/com.st.stm32cube.ide.mcu.externaltools.gnu-tools-for-stm32.13.3.rel1.win32_1.0.100.202509120712/tools/bin/../lib/gcc/arm-none-eabi/13.3.1/thumb/v7-m/nofp/crtend.o
LOAD D:/RUN PROGRAMS/STM32CubeIDE_2.0.0/STM32CubeIDE/plugins/com.st.stm32cube.ide.mcu.externaltools.gnu-tools-for-stm32.13.3.rel1.win32_1.0.100.202509120712/tools/bin/../lib/gcc/arm-none-eabi/13.3.1/thumb/v7-m/nofp/crtn.o
                0x20005000                        _estack = (ORIGIN (RAM) + LENGTH (RAM))
                0x00000200                        _Min_Heap_Size = 0x200
                0x00000400                        _Min_Stack_Size = 0x400

.isr_vector     0x08000000      0x10c
                0x08000000                        . = ALIGN (0x4)
 *(.isr_vector)
 .isr_vector    0x08000000      0x10c ./Core/Startup/startup_stm32f103c8tx.o
                0x08000000                g_pfnVectors
                0x0800010c                        . = ALIGN (0x4)

.text           0x08000110     0xb6cc
                0x08000110                        . = ALIGN (0x4)
 *(.text)
 .text          0x08000110       0x40 D:/RUN PROGRAMS/STM32CubeIDE_2.0.0/STM32CubeIDE/plugins/com.st.stm32cube.ide.mcu.externaltools.gnu-tools-for-stm32.13.3.rel1.win32_1.0.100.202509120712/tools/bin/../lib/gcc/arm-none-eabi/13.3.1/thumb/v7-m/nofp/crtbegin.o
 .text          0x08000150       0x14 D:/RUN PROGRAMS/STM32CubeIDE_2.0.0/STM32CubeIDE/plugins/com.st.stm32cube.ide.mcu.externaltools.gnu-tools-for-stm32.13.3.rel1.win32_1.0.100.202509120712/tools/bin/../lib/gcc/arm-none-eabi/13.3.1/../../../../arm-none-eabi/lib/thumb/v7-m/nofp\libc_nano.a(libc_a-strcmp.o)
                0x08000150                strcmp
 .text          0x08000164       0x10 D:/RUN PROGRAMS/STM32CubeIDE_2.0.0/STM32CubeIDE/plugins/com.st.stm32cube.ide.mcu.externaltools.gnu-tools-for-stm32.13.3.rel1.win32_1.0.100.202509120712/tools/bin/../lib/gcc/arm-none-eabi/13.3.1/../../../../arm-none-eabi/lib/thumb/v7-m/nofp\libc_nano.a(libc_a-strlen.o)
                0x08000164                strlen
 .text          0x08000174      0x378 D:/RUN PROGRAMS/STM32CubeIDE_2.0.0/STM32CubeIDE/plugins/com.st.stm32cube.ide.mcu.externaltools.gnu-tools-for-stm32.13.3.rel1.win32_1.0.100.202509120712/tools/bin/../lib/gcc/arm-none-eabi/13.3.1/thumb/v7-m/nofp\libgcc.a(_arm_addsubdf3.o)
                0x08000174                __aeabi_drsub
                0x0800017c                __aeabi_dsub
                0x0800017c                __subdf3
                0x08000180                __aeabi_dadd
                0x08000180                __adddf3
                0x080003f8                __floatunsidf
                0x080003f8                __aeabi_ui2d
                0x08000418                __floatsidf
                0x08000418                __aeabi_i2d
                0x0800043c                __aeabi_f2d
                0x0800043c                __extendsfdf2
                0x08000480                __floatundidf
                0x08000480                __aeabi_ul2d
                0x08000490                __floatdidf
                0x08000490                __aeabi_l2d
 .text          0x080004ec      0x424 D:/RUN PROGRAMS/STM32CubeIDE_2.0.0/STM32CubeIDE/plugins/com.st.stm32cube.ide.mcu.externaltools.gnu-tools-for-stm32.13.3.rel1.win32_1.0.100.202509120712/tools/bin/../lib/gcc/arm-none-eabi/13.3.1/thumb/v7-m/nofp\libgcc.a(_arm_muldivdf3.o)
                0x080004ec                __aeabi_dmul
                0x080004ec                __muldf3
                0x08000740                __divdf3
                0x08000740                __aeabi_ddiv
 .text          0x08000910      0x110 D:/RUN PROGRAMS/STM32CubeIDE_2.0.0/STM32CubeIDE/plugins/com.st.stm32cube.ide.mcu.externaltools.gnu-tools-for-stm32.13.3.rel1.win32_1.0.100.202509120712/tools/bin/../lib/gcc/arm-none-eabi/13.3.1/thumb/v7-m/nofp\libgcc.a(_arm_cmpdf2.o)
                0x08000910                __gtdf2
                0x08000910                __gedf2
                0x08000918                __ltdf2
                0x08000918                __ledf2
                0x08000920                __nedf2
                0x08000920                __eqdf2
                0x08000920                __cmpdf2
                0x0800099c                __aeabi_cdrcmple
                0x080009ac                __aeabi_cdcmpeq
                0x080009ac                __aeabi_cdcmple
                0x080009bc                __aeabi_dcmpeq
                0x080009d0                __aeabi_dcmplt
                0x080009e4                __aeabi_dcmple
                0x080009f8                __aeabi_dcmpge
                0x08000a0c                __aeabi_dcmpgt
 .text          0x08000a20       0x2c D:/RUN PROGRAMS/STM32CubeIDE_2.0.0/STM32CubeIDE/plugins/com.st.stm32cube.ide.mcu.externaltools.gnu-tools-for-stm32.13.3.rel1.win32_1.0.100.202509120712/tools/bin/../lib/gcc/arm-none-eabi/13.3.1/thumb/v7-m/nofp\libgcc.a(_arm_unorddf2.o)
                0x08000a20                __unorddf2
                0x08000a20                __aeabi_dcmpun
 .text          0x08000a4c       0x50 D:/RUN PROGRAMS/STM32CubeIDE_2.0.0/STM32CubeIDE/plugins/com.st.stm32cube.ide.mcu.externaltools.gnu-tools-for-stm32.13.3.rel1.win32_1.0.100.202509120712/tools/bin/../lib/gcc/arm-none-eabi/13.3.1/thumb/v7-m/nofp\libgcc.a(_arm_fixdfsi.o)
                0x08000a4c                __aeabi_d2iz
                0x08000a4c                __fixdfsi
 .text          0x08000a9c      0x21c D:/RUN PROGRAMS/STM32CubeIDE_2.0.0/STM32CubeIDE/plugins/com.st.stm32cube.ide.mcu.externaltools.gnu-tools-for-stm32.13.3.rel1.win32_1.0.100.202509120712/tools/bin/../lib/gcc/arm-none-eabi/13.3.1/thumb/v7-m/nofp\libgcc.a(_arm_addsubsf3.o)
                0x08000a9c                __aeabi_frsub
                0x08000aa4                __subsf3
                0x08000aa4                __aeabi_fsub
                0x08000aa8                __aeabi_fadd
                0x08000aa8                __addsf3
                0x08000c08                __aeabi_ui2f
                0x08000c08                __floatunsisf
                0x08000c10                __aeabi_i2f
                0x08000c10                __floatsisf
                0x08000c2c                __aeabi_ul2f
                0x08000c2c                __floatundisf
                0x08000c3c                __aeabi_l2f
                0x08000c3c                __floatdisf
 .text          0x08000cb8      0x2a0 D:/RUN PROGRAMS/STM32CubeIDE_2.0.0/STM32CubeIDE/plugins/com.st.stm32cube.ide.mcu.externaltools.gnu-tools-for-stm32.13.3.rel1.win32_1.0.100.202509120712/tools/bin/../lib/gcc/arm-none-eabi/13.3.1/thumb/v7-m/nofp\libgcc.a(_arm_muldivsf3.o)
                0x08000cb8                __mulsf3
                0x08000cb8                __aeabi_fmul
                0x08000e20                __aeabi_fdiv
                0x08000e20                __divsf3
 .text          0x08000f58       0xec D:/RUN PROGRAMS/STM32CubeIDE_2.0.0/STM32CubeIDE/plugins/com.st.stm32cube.ide.mcu.externaltools.gnu-tools-for-stm32.13.3.rel1.win32_1.0.100.202509120712/tools/bin/../lib/gcc/arm-none-eabi/13.3.1/thumb/v7-m/nofp\libgcc.a(_arm_cmpsf2.o)
                0x08000f58                __gesf2
                0x08000f58                __gtsf2
                0x08000f60                __lesf2
                0x08000f60                __ltsf2
                0x08000f68                __nesf2
                0x08000f68                __eqsf2
                0x08000f68                __cmpsf2
                0x08000fc8                __aeabi_cfrcmple
                0x08000fd0                __aeabi_cfcmpeq
                0x08000fd0                __aeabi_cfcmple
                0x08000fe0                __aeabi_fcmpeq
                0x08000ff4                __aeabi_fcmplt
                0x08001008                __aeabi_fcmple
                0x0800101c                __aeabi_fcmpge
                0x08001030                __aeabi_fcmpgt
 .text          0x08001044       0x2c D:/RUN PROGRAMS/STM32CubeIDE_2.0.0/STM32CubeIDE/plugins/com.st.stm32cube.ide.mcu.externaltools.gnu-tools-for-stm32.13.3.rel1.win32_1.0.100.202509120712/tools/bin/../lib/gcc/arm-none-eabi/13.3.1/thumb/v7-m/nofp\libgcc.a(_arm_unordsf2.o)
                0x08001044                __unordsf2
                0x08001044                __aeabi_fcmpun
 .text          0x08001070       0x4c D:/RUN PROGRAMS/STM32CubeIDE_2.0.0/STM32CubeIDE/plugins/com.st.stm32cube.ide.mcu.externaltools.gnu-tools-for-stm32.13.3.rel1.win32_1.0.100.202509120712/tools/bin/../lib/gcc/arm-none-eabi/13.3.1/thumb/v7-m/nofp\libgcc.a(_arm_fixsfsi.o)
                0x08001070                __aeabi_f2iz
                0x08001070                __fixsfsi
 .text          0x080010bc       0x40 D:/RUN PROGRAMS/STM32CubeIDE_2.0.0/STM32CubeIDE/plugins/com.st.stm32cube.ide.mcu.externaltools.gnu-tools-for-stm32.13.3.rel1.win32_1.0.100.202509120712/tools/bin/../lib/gcc/arm-none-eabi/13.3.1/thumb/v7-m/nofp\libgcc.a(_arm_fixunssfsi.o)
                0x080010bc                __fixunssfsi
                0x080010bc                __aeabi_f2uiz
 *(.text*)
 .text.LCDI2C_init
                0x080010fc       0xdc ./Core/Src/LiquidCrystal_I2C.o
                0x080010fc                LCDI2C_init
 .text.LCDI2C_clear
                0x080011d8       0x14 ./Core/Src/LiquidCrystal_I2C.o
                0x080011d8                LCDI2C_clear
 .text.LCDI2C_display
                0x080011ec       0x2c ./Core/Src/LiquidCrystal_I2C.o
                0x080011ec                LCDI2C_display
 .text.LCDI2C_noBlink
                0x08001218       0x2c ./Core/Src/LiquidCrystal_I2C.o
                0x08001218                LCDI2C_noBlink
 .text.LCDI2C_blink
                0x08001244       0x2c ./Core/Src/LiquidCrystal_I2C.o
                0x08001244                LCDI2C_blink
 .text.LCDI2C_backlight
                0x08001270       0x18 ./Core/Src/LiquidCrystal_I2C.o
                0x08001270                LCDI2C_backlight
 .text.LCDI2C_setCursor
                0x08001288       0x58 ./Core/Src/LiquidCrystal_I2C.o
                0x08001288                LCDI2C_setCursor
 .text.LCDI2C_command
                0x080012e0       0x1c ./Core/Src/LiquidCrystal_I2C.o
                0x080012e0                LCDI2C_command
 .text.LCDI2C_write
                0x080012fc       0x1c ./Core/Src/LiquidCrystal_I2C.o
                0x080012fc                LCDI2C_write
 .text.LCDI2C_write_String
                0x08001318       0x2a ./Core/Src/LiquidCrystal_I2C.o
                0x08001318                LCDI2C_write_String
 .text.LCDI2C_send
                0x08001342       0x42 ./Core/Src/LiquidCrystal_I2C.o
                0x08001342                LCDI2C_send
 .text.LCDI2C_write4bits
                0x08001384       0x22 ./Core/Src/LiquidCrystal_I2C.o
                0x08001384                LCDI2C_write4bits
 *fill*         0x080013a6        0x2 
 .text.LCDI2C_expanderWrite
                0x080013a8       0x3c ./Core/Src/LiquidCrystal_I2C.o
                0x080013a8                LCDI2C_expanderWrite
 .text.LCDI2C_pulseEnable
                0x080013e4       0x2e ./Core/Src/LiquidCrystal_I2C.o
                0x080013e4                LCDI2C_pulseEnable
 .text.LCDI2C_blink_on
                0x08001412        0xc ./Core/Src/LiquidCrystal_I2C.o
                0x08001412                LCDI2C_blink_on
 .text.LCDI2C_blink_off
                0x0800141e        0xc ./Core/Src/LiquidCrystal_I2C.o
                0x0800141e                LCDI2C_blink_off
 .text.MAX31856_WriteRegister8
                0x0800142a       0x5a ./Core/Src/MAX31856.o
 .text.MAX31856_ReadRegisterN
                0x08001484       0x6a ./Core/Src/MAX31856.o
 .text.MAX31856_ReadRegister8
                0x080014ee       0x28 ./Core/Src/MAX31856.o
 .text.MAX31856_ReadRegister24
                0x08001516       0x56 ./Core/Src/MAX31856.o
 .text.MAX31856_Init
                0x0800156c       0x84 ./Core/Src/MAX31856.o
                0x0800156c                MAX31856_Init
 .text.MAX31856_SetConversionMode
                0x080015f0       0x5c ./Core/Src/MAX31856.o
                0x080015f0                MAX31856_SetConversionMode
 .text.MAX31856_SetThermocoupleType
                0x0800164c       0x48 ./Core/Src/MAX31856.o
                0x0800164c                MAX31856_SetThermocoupleType
 .text.MAX31856_ReadFault
                0x08001694       0x1a ./Core/Src/MAX31856.o
                0x08001694                MAX31856_ReadFault
 .text.MAX31856_SetNoiseFilter
                0x080016ae       0x44 ./Core/Src/MAX31856.o
                0x080016ae                MAX31856_SetNoiseFilter
 .text.MAX31856_TriggerOneShot
                0x080016f2       0x42 ./Core/Src/MAX31856.o
                0x080016f2                MAX31856_TriggerOneShot
 .text.MAX31856_ConversionComplete
                0x08001734       0x34 ./Core/Src/MAX31856.o
                0x08001734                MAX31856_ConversionComplete
 .text.MAX31856_ReadThermocoupleTemperature
                0x08001768       0x8c ./Core/Src/MAX31856.o
                0x08001768                MAX31856_ReadThermocoupleTemperature
 .text.PID_Initialize
                0x080017f4       0x7a ./Core/Src/PID_Controller.o
 *fill*         0x0800186e        0x2 
 .text.PID_Init
                0x08001870       0x7c ./Core/Src/PID_Controller.o
                0x08001870                PID_Init
 .text.PID_Compute
                0x080018ec      0x1b0 ./Core/Src/PID_Controller.o
                0x080018ec                PID_Compute
 .text.PID_SetTunings
                0x08001a9c      0x108 ./Core/Src/PID_Controller.o
                0x08001a9c                PID_SetTunings
 .text.PID_SetSampleTime
                0x08001ba4       0x6e ./Core/Src/PID_Controller.o
                0x08001ba4                PID_SetSampleTime
 .text.PID_SetOutputLimits
                0x08001c12       0xca ./Core/Src/PID_Controller.o
                0x08001c12                PID_SetOutputLimits
 .text.PID_SetMode
                0x08001cdc       0x48 ./Core/Src/PID_Controller.o
                0x08001cdc                PID_SetMode
 .text.PID_SetControllerDirection
                0x08001d24       0x76 ./Core/Src/PID_Controller.o
                0x08001d24                PID_SetControllerDirection
 .text.PID_GetKp
                0x08001d9a       0x16 ./Core/Src/PID_Controller.o
                0x08001d9a                PID_GetKp
 .text.PID_GetKi
                0x08001db0       0x16 ./Core/Src/PID_Controller.o
                0x08001db0                PID_GetKi
 .text.PID_GetKd
                0x08001dc6       0x16 ./Core/Src/PID_Controller.o
                0x08001dc6                PID_GetKd
 .text.PID_GetMode
                0x08001ddc       0x16 ./Core/Src/PID_Controller.o
                0x08001ddc                PID_GetMode
 *fill*         0x08001df2        0x2 
 .text.HAL_GPIO_EXTI_Callback
                0x08001df4       0xec ./Core/Src/main.o
                0x08001df4                HAL_GPIO_EXTI_Callback
 .text.HAL_TIM_PeriodElapsedCallback
                0x08001ee0       0x60 ./Core/Src/main.o
                0x08001ee0                HAL_TIM_PeriodElapsedCallback
 .text.Copy_To_LCD_Row
                0x08001f40       0x2e ./Core/Src/main.o
 *fill*         0x08001f6e        0x2 
 .text.Interval_Duration_Seconds
                0x08001f70       0x58 ./Core/Src/main.o
 .text.Sanitize_Settings
                0x08001fc8       0xb8 ./Core/Src/main.o
 .text.Commit_Pending_Edit
                0x08002080       0xd8 ./Core/Src/main.o
 .text.Stop_Heating_Control
                0x08002158       0xd0 ./Core/Src/main.o
 .text.Trip_Control_Fault
                0x08002228       0x3c ./Core/Src/main.o
 .text.Start_Profile
                0x08002264      0x1b4 ./Core/Src/main.o
 .text.Advance_Profile_If_Needed
                0x08002418       0xe0 ./Core/Src/main.o
 .text.Calculate_Profile_Setpoint
                0x080024f8       0xec ./Core/Src/main.o
 .text.Calculate_TIOT_Control_Setpoint
                0x080025e4      0x27c ./Core/Src/main.o
 .text.Update_TIOT_Rate_Estimate
                0x08002860      0x178 ./Core/Src/main.o
 .text.Reset_TIOT_Fast_Rate
                0x080029d8       0x94 ./Core/Src/main.o
 .text.Update_TIOT_Fast_Rate
                0x08002a6c      0x174 ./Core/Src/main.o
 .text.Limit_TIOT_Output
                0x08002be0      0x74c ./Core/Src/main.o
 .text.Reset_MT_Control
                0x0800332c       0xd4 ./Core/Src/main.o
 .text.Update_Temperature_Rate
                0x08003400      0x18c ./Core/Src/main.o
 .text.Apply_PID_Tunings
                0x0800358c       0xd0 ./Core/Src/main.o
 .text.MT_Hold_Output_Cap
                0x0800365c       0x5c ./Core/Src/main.o
 .text.MT_Hold_Initial_Bias
                0x080036b8       0x80 ./Core/Src/main.o
 .text.Enter_MT_Phase
                0x08003738       0xcc ./Core/Src/main.o
 .text.Update_MT_Control_Phase
                0x08003804      0x278 ./Core/Src/main.o
 .text.Limit_MT_Output
                0x08003a7c      0x348 ./Core/Src/main.o
 .text.Read_Temperature_Task
                0x08003dc4      0x2c4 ./Core/Src/main.o
 .text.Update_PID_And_SSR
                0x08004088      0x3ac ./Core/Src/main.o
 .text.Process_Buttons
                0x08004434      0x550 ./Core/Src/main.o
                0x08004434                Process_Buttons
 .text.Update_LCD
                0x08004984      0x454 ./Core/Src/main.o
                0x08004984                Update_LCD
 .text.Init_Default_Intervals
                0x08004dd8       0x44 ./Core/Src/main.o
                0x08004dd8                Init_Default_Intervals
 .text.Flash_Checksum
                0x08004e1c       0x58 ./Core/Src/main.o
 .text.Save_Settings_To_Flash
                0x08004e74      0x17c ./Core/Src/main.o
                0x08004e74                Save_Settings_To_Flash
 .text.Load_Settings_From_Flash
                0x08004ff0       0x90 ./Core/Src/main.o
                0x08004ff0                Load_Settings_From_Flash
 .text.main     0x08005080      0x158 ./Core/Src/main.o
                0x08005080                main
 .text.SystemClock_Config
                0x080051d8       0x8a ./Core/Src/main.o
                0x080051d8                SystemClock_Config
 *fill*         0x08005262        0x2 
 .text.MX_I2C2_Init
                0x08005264       0x5c ./Core/Src/main.o
 .text.MX_SPI1_Init
                0x080052c0       0x6c ./Core/Src/main.o
 .text.MX_TIM2_Init
                0x0800532c       0x9c ./Core/Src/main.o
 .text.MX_GPIO_Init
                0x080053c8       0xf8 ./Core/Src/main.o
 .text.Error_Handler
                0x080054c0        0xc ./Core/Src/main.o
                0x080054c0                Error_Handler
 .text.HAL_MspInit
                0x080054cc       0x64 ./Core/Src/stm32f1xx_hal_msp.o
                0x080054cc                HAL_MspInit
 .text.HAL_I2C_MspInit
                0x08005530       0x80 ./Core/Src/stm32f1xx_hal_msp.o
                0x08005530                HAL_I2C_MspInit
 .text.HAL_SPI_MspInit
                0x080055b0       0xb4 ./Core/Src/stm32f1xx_hal_msp.o
                0x080055b0                HAL_SPI_MspInit
 .text.HAL_TIM_Base_MspInit
                0x08005664       0x48 ./Core/Src/stm32f1xx_hal_msp.o
                0x08005664                HAL_TIM_Base_MspInit
 .text.NMI_Handler
                0x080056ac        0x8 ./Core/Src/stm32f1xx_it.o
                0x080056ac                NMI_Handler
 .text.HardFault_Handler
                0x080056b4        0x8 ./Core/Src/stm32f1xx_it.o
                0x080056b4                HardFault_Handler
 .text.MemManage_Handler
                0x080056bc        0x8 ./Core/Src/stm32f1xx_it.o
                0x080056bc                MemManage_Handler
 .text.BusFault_Handler
                0x080056c4        0x8 ./Core/Src/stm32f1xx_it.o
                0x080056c4                BusFault_Handler
 .text.UsageFault_Handler
                0x080056cc        0x8 ./Core/Src/stm32f1xx_it.o
                0x080056cc                UsageFault_Handler
 .text.SVC_Handler
                0x080056d4        0xc ./Core/Src/stm32f1xx_it.o
                0x080056d4                SVC_Handler
 .text.DebugMon_Handler
                0x080056e0        0xc ./Core/Src/stm32f1xx_it.o
                0x080056e0                DebugMon_Handler
 .text.PendSV_Handler
                0x080056ec        0xc ./Core/Src/stm32f1xx_it.o
                0x080056ec                PendSV_Handler
 .text.SysTick_Handler
                0x080056f8        0xc ./Core/Src/stm32f1xx_it.o
                0x080056f8                SysTick_Handler
 .text.EXTI9_5_IRQHandler
                0x08005704       0x18 ./Core/Src/stm32f1xx_it.o
                0x08005704                EXTI9_5_IRQHandler
 .text.TIM2_IRQHandler
                0x0800571c       0x14 ./Core/Src/stm32f1xx_it.o
                0x0800571c                TIM2_IRQHandler
 .text.EXTI15_10_IRQHandler
                0x08005730       0x20 ./Core/Src/stm32f1xx_it.o
                0x08005730                EXTI15_10_IRQHandler
 .text._getpid  0x08005750        0xe ./Core/Src/syscalls.o
                0x08005750                _getpid
 .text._kill    0x0800575e       0x20 ./Core/Src/syscalls.o
                0x0800575e                _kill
 .text._exit    0x0800577e       0x16 ./Core/Src/syscalls.o
                0x0800577e                _exit
 .text._read    0x08005794       0x3a ./Core/Src/syscalls.o
                0x08005794                _read
 .text._write   0x080057ce       0x38 ./Core/Src/syscalls.o
                0x080057ce                _write
 .text._close   0x08005806       0x16 ./Core/Src/syscalls.o
                0x08005806                _close
 .text._fstat   0x0800581c       0x1e ./Core/Src/syscalls.o
                0x0800581c                _fstat
 .text._isatty  0x0800583a       0x14 ./Core/Src/syscalls.o
                0x0800583a                _isatty
 .text._lseek   0x0800584e       0x18 ./Core/Src/syscalls.o
                0x0800584e                _lseek
 *fill*         0x08005866        0x2 
 .text._sbrk    0x08005868       0x6c ./Core/Src/sysmem.o
                0x08005868                _sbrk
 .text.SystemInit
                0x080058d4        0xc ./Core/Src/system_stm32f1xx.o
                0x080058d4                SystemInit
 .text.Reset_Handler
                0x080058e0       0x48 ./Core/Startup/startup_stm32f103c8tx.o
                0x080058e0                Reset_Handler
 .text.Default_Handler
                0x08005928        0x2 ./Core/Startup/startup_stm32f103c8tx.o
                0x08005928                RTC_Alarm_IRQHandler
                0x08005928                EXTI2_IRQHandler
                0x08005928                TIM1_CC_IRQHandler
                0x08005928                PVD_IRQHandler
                0x08005928                EXTI3_IRQHandler
                0x08005928                EXTI0_IRQHandler
                0x08005928                I2C2_EV_IRQHandler
                0x08005928                ADC1_2_IRQHandler
                0x08005928                SPI1_IRQHandler
                0x08005928                TAMPER_IRQHandler
                0x08005928                DMA1_Channel4_IRQHandler
                0x08005928                USART3_IRQHandler
                0x08005928                RTC_IRQHandler
                0x08005928                DMA1_Channel7_IRQHandler
                0x08005928                CAN1_RX1_IRQHandler
                0x08005928                TIM4_IRQHandler
                0x08005928                I2C1_EV_IRQHandler
                0x08005928                DMA1_Channel6_IRQHandler
                0x08005928                TIM3_IRQHandler
                0x08005928                RCC_IRQHandler
                0x08005928                TIM1_TRG_COM_IRQHandler
                0x08005928                DMA1_Channel1_IRQHandler
                0x08005928                Default_Handler
                0x08005928                SPI2_IRQHandler
                0x08005928                DMA1_Channel5_IRQHandler
                0x08005928                EXTI4_IRQHandler
                0x08005928                USB_LP_CAN1_RX0_IRQHandler
                0x08005928                USB_HP_CAN1_TX_IRQHandler
                0x08005928                DMA1_Channel3_IRQHandler
                0x08005928                TIM1_UP_IRQHandler
                0x08005928                WWDG_IRQHandler
                0x08005928                TIM1_BRK_IRQHandler
                0x08005928                EXTI1_IRQHandler
                0x08005928                USART2_IRQHandler
                0x08005928                I2C2_ER_IRQHandler
                0x08005928                DMA1_Channel2_IRQHandler
                0x08005928                CAN1_SCE_IRQHandler
                0x08005928                FLASH_IRQHandler
                0x08005928                USART1_IRQHandler
                0x08005928                I2C1_ER_IRQHandler
                0x08005928                USBWakeUp_IRQHandler
 *fill*         0x0800592a        0x2 
 .text.HAL_Init
                0x0800592c       0x2c ./Drivers/STM32F1xx_HAL_Driver/Src/stm32f1xx_hal.o
                0x0800592c                HAL_Init
 .text.HAL_InitTick
                0x08005958       0x60 ./Drivers/STM32F1xx_HAL_Driver/Src/stm32f1xx_hal.o
                0x08005958                HAL_InitTick
 .text.HAL_IncTick
                0x080059b8       0x24 ./Drivers/STM32F1xx_HAL_Driver/Src/stm32f1xx_hal.o
                0x080059b8                HAL_IncTick
 .text.HAL_GetTick
                0x080059dc       0x14 ./Drivers/STM32F1xx_HAL_Driver/Src/stm32f1xx_hal.o
                0x080059dc                HAL_GetTick
 .text.HAL_Delay
                0x080059f0       0x48 ./Drivers/STM32F1xx_HAL_Driver/Src/stm32f1xx_hal.o
                0x080059f0                HAL_Delay
 .text.__NVIC_SetPriorityGrouping
                0x08005a38       0x48 ./Drivers/STM32F1xx_HAL_Driver/Src/stm32f1xx_hal_cortex.o
 .text.__NVIC_GetPriorityGrouping
                0x08005a80       0x1c ./Drivers/STM32F1xx_HAL_Driver/Src/stm32f1xx_hal_cortex.o
 .text.__NVIC_EnableIRQ
                0x08005a9c       0x38 ./Drivers/STM32F1xx_HAL_Driver/Src/stm32f1xx_hal_cortex.o
 .text.__NVIC_SetPriority
                0x08005ad4       0x54 ./Drivers/STM32F1xx_HAL_Driver/Src/stm32f1xx_hal_cortex.o
 .text.NVIC_EncodePriority
                0x08005b28       0x64 ./Drivers/STM32F1xx_HAL_Driver/Src/stm32f1xx_hal_cortex.o
 .text.SysTick_Config
                0x08005b8c       0x44 ./Drivers/STM32F1xx_HAL_Driver/Src/stm32f1xx_hal_cortex.o
 .text.HAL_NVIC_SetPriorityGrouping
                0x08005bd0       0x16 ./Drivers/STM32F1xx_HAL_Driver/Src/stm32f1xx_hal_cortex.o
                0x08005bd0                HAL_NVIC_SetPriorityGrouping
 .text.HAL_NVIC_SetPriority
                0x08005be6       0x38 ./Drivers/STM32F1xx_HAL_Driver/Src/stm32f1xx_hal_cortex.o
                0x08005be6                HAL_NVIC_SetPriority
 .text.HAL_NVIC_EnableIRQ
                0x08005c1e       0x1c ./Drivers/STM32F1xx_HAL_Driver/Src/stm32f1xx_hal_cortex.o
                0x08005c1e                HAL_NVIC_EnableIRQ
 .text.HAL_SYSTICK_Config
                0x08005c3a       0x18 ./Drivers/STM32F1xx_HAL_Driver/Src/stm32f1xx_hal_cortex.o
                0x08005c3a                HAL_SYSTICK_Config
 *fill*         0x08005c52        0x2 
 .text.HAL_FLASH_Program
                0x08005c54       0xe0 ./Drivers/STM32F1xx_HAL_Driver/Src/stm32f1xx_hal_flash.o
                0x08005c54                HAL_FLASH_Program
 .text.HAL_FLASH_Unlock
                0x08005d34       0x4c ./Drivers/STM32F1xx_HAL_Driver/Src/stm32f1xx_hal_flash.o
                0x08005d34                HAL_FLASH_Unlock
 .text.HAL_FLASH_Lock
                0x08005d80       0x20 ./Drivers/STM32F1xx_HAL_Driver/Src/stm32f1xx_hal_flash.o
                0x08005d80                HAL_FLASH_Lock
 .text.FLASH_Program_HalfWord
                0x08005da0       0x38 ./Drivers/STM32F1xx_HAL_Driver/Src/stm32f1xx_hal_flash.o
 .text.FLASH_WaitForLastOperation
                0x08005dd8       0x8c ./Drivers/STM32F1xx_HAL_Driver/Src/stm32f1xx_hal_flash.o
                0x08005dd8                FLASH_WaitForLastOperation
 .text.FLASH_SetErrorCode
                0x08005e64       0xa0 ./Drivers/STM32F1xx_HAL_Driver/Src/stm32f1xx_hal_flash.o
 .text.HAL_FLASHEx_Erase
                0x08005f04       0xd8 ./Drivers/STM32F1xx_HAL_Driver/Src/stm32f1xx_hal_flash_ex.o
                0x08005f04                HAL_FLASHEx_Erase
 .text.FLASH_MassErase
                0x08005fdc       0x38 ./Drivers/STM32F1xx_HAL_Driver/Src/stm32f1xx_hal_flash_ex.o
 .text.FLASH_PageErase
                0x08006014       0x40 ./Drivers/STM32F1xx_HAL_Driver/Src/stm32f1xx_hal_flash_ex.o
                0x08006014                FLASH_PageErase
 .text.HAL_GPIO_Init
                0x08006054      0x308 ./Drivers/STM32F1xx_HAL_Driver/Src/stm32f1xx_hal_gpio.o
                0x08006054                HAL_GPIO_Init
 .text.HAL_GPIO_WritePin
                0x0800635c       0x30 ./Drivers/STM32F1xx_HAL_Driver/Src/stm32f1xx_hal_gpio.o
                0x0800635c                HAL_GPIO_WritePin
 .text.HAL_GPIO_EXTI_IRQHandler
                0x0800638c       0x30 ./Drivers/STM32F1xx_HAL_Driver/Src/stm32f1xx_hal_gpio.o
                0x0800638c                HAL_GPIO_EXTI_IRQHandler
 .text.HAL_I2C_Init
                0x080063bc      0x288 ./Drivers/STM32F1xx_HAL_Driver/Src/stm32f1xx_hal_i2c.o
                0x080063bc                HAL_I2C_Init
 .text.HAL_I2C_Master_Transmit
                0x08006644      0x1fc ./Drivers/STM32F1xx_HAL_Driver/Src/stm32f1xx_hal_i2c.o
                0x08006644                HAL_I2C_Master_Transmit
 .text.I2C_MasterRequestWrite
                0x08006840      0x104 ./Drivers/STM32F1xx_HAL_Driver/Src/stm32f1xx_hal_i2c.o
 .text.I2C_WaitOnFlagUntilTimeout
                0x08006944       0xf4 ./Drivers/STM32F1xx_HAL_Driver/Src/stm32f1xx_hal_i2c.o
 .text.I2C_WaitOnMasterAddressFlagUntilTimeout
                0x08006a38      0x140 ./Drivers/STM32F1xx_HAL_Driver/Src/stm32f1xx_hal_i2c.o
 .text.I2C_WaitOnTXEFlagUntilTimeout
                0x08006b78       0x90 ./Drivers/STM32F1xx_HAL_Driver/Src/stm32f1xx_hal_i2c.o
 .text.I2C_WaitOnBTFFlagUntilTimeout
                0x08006c08       0x90 ./Drivers/STM32F1xx_HAL_Driver/Src/stm32f1xx_hal_i2c.o
 .text.I2C_IsAcknowledgeFailed
                0x08006c98       0x5c ./Drivers/STM32F1xx_HAL_Driver/Src/stm32f1xx_hal_i2c.o
 .text.HAL_RCC_OscConfig
                0x08006cf4      0x504 ./Drivers/STM32F1xx_HAL_Driver/Src/stm32f1xx_hal_rcc.o
                0x08006cf4                HAL_RCC_OscConfig
 .text.HAL_RCC_ClockConfig
                0x080071f8      0x1d4 ./Drivers/STM32F1xx_HAL_Driver/Src/stm32f1xx_hal_rcc.o
                0x080071f8                HAL_RCC_ClockConfig
 .text.HAL_RCC_GetSysClockFreq
                0x080073cc       0xa8 ./Drivers/STM32F1xx_HAL_Driver/Src/stm32f1xx_hal_rcc.o
                0x080073cc                HAL_RCC_GetSysClockFreq
 .text.HAL_RCC_GetHCLKFreq
                0x08007474       0x14 ./Drivers/STM32F1xx_HAL_Driver/Src/stm32f1xx_hal_rcc.o
                0x08007474                HAL_RCC_GetHCLKFreq
 .text.HAL_RCC_GetPCLK1Freq
                0x08007488       0x28 ./Drivers/STM32F1xx_HAL_Driver/Src/stm32f1xx_hal_rcc.o
                0x08007488                HAL_RCC_GetPCLK1Freq
 .text.RCC_Delay
                0x080074b0       0x3c ./Drivers/STM32F1xx_HAL_Driver/Src/stm32f1xx_hal_rcc.o
 .text.HAL_SPI_Init
                0x080074ec      0x108 ./Drivers/STM32F1xx_HAL_Driver/Src/stm32f1xx_hal_spi.o
                0x080074ec                HAL_SPI_Init
 .text.HAL_SPI_Transmit
                0x080075f4      0x288 ./Drivers/STM32F1xx_HAL_Driver/Src/stm32f1xx_hal_spi.o
                0x080075f4                HAL_SPI_Transmit
 .text.HAL_SPI_Receive
                0x0800787c      0x232 ./Drivers/STM32F1xx_HAL_Driver/Src/stm32f1xx_hal_spi.o
                0x0800787c                HAL_SPI_Receive
 .text.HAL_SPI_TransmitReceive
                0x08007aae      0x352 ./Drivers/STM32F1xx_HAL_Driver/Src/stm32f1xx_hal_spi.o
                0x08007aae                HAL_SPI_TransmitReceive
 .text.SPI_WaitFlagStateUntilTimeout
                0x08007e00      0x110 ./Drivers/STM32F1xx_HAL_Driver/Src/stm32f1xx_hal_spi.o
 .text.SPI_EndRxTransaction
                0x08007f10       0xa4 ./Drivers/STM32F1xx_HAL_Driver/Src/stm32f1xx_hal_spi.o
 .text.SPI_EndRxTxTransaction
                0x08007fb4       0x62 ./Drivers/STM32F1xx_HAL_Driver/Src/stm32f1xx_hal_spi.o
 .text.HAL_TIM_Base_Init
                0x08008016       0x9e ./Drivers/STM32F1xx_HAL_Driver/Src/stm32f1xx_hal_tim.o
                0x08008016                HAL_TIM_Base_Init
 .text.HAL_TIM_Base_Start_IT
                0x080080b4       0xa4 ./Drivers/STM32F1xx_HAL_Driver/Src/stm32f1xx_hal_tim.o
                0x080080b4                HAL_TIM_Base_Start_IT
 .text.HAL_TIM_IRQHandler
                0x08008158      0x1e0 ./Drivers/STM32F1xx_HAL_Driver/Src/stm32f1xx_hal_tim.o
                0x08008158                HAL_TIM_IRQHandler
 .text.HAL_TIM_ConfigClockSource
                0x08008338      0x18e ./Drivers/STM32F1xx_HAL_Driver/Src/stm32f1xx_hal_tim.o
                0x08008338                HAL_TIM_ConfigClockSource
 .text.HAL_TIM_OC_DelayElapsedCallback
                0x080084c6       0x12 ./Drivers/STM32F1xx_HAL_Driver/Src/stm32f1xx_hal_tim.o
                0x080084c6                HAL_TIM_OC_DelayElapsedCallback
 .text.HAL_TIM_IC_CaptureCallback
                0x080084d8       0x12 ./Drivers/STM32F1xx_HAL_Driver/Src/stm32f1xx_hal_tim.o
                0x080084d8                HAL_TIM_IC_CaptureCallback
 .text.HAL_TIM_PWM_PulseFinishedCallback
                0x080084ea       0x12 ./Drivers/STM32F1xx_HAL_Driver/Src/stm32f1xx_hal_tim.o
                0x080084ea                HAL_TIM_PWM_PulseFinishedCallback
 .text.HAL_TIM_TriggerCallback
                0x080084fc       0x12 ./Drivers/STM32F1xx_HAL_Driver/Src/stm32f1xx_hal_tim.o
                0x080084fc                HAL_TIM_TriggerCallback
 *fill*         0x0800850e        0x2 
 .text.TIM_Base_SetConfig
                0x08008510       0xdc ./Drivers/STM32F1xx_HAL_Driver/Src/stm32f1xx_hal_tim.o
                0x08008510                TIM_Base_SetConfig
 .text.TIM_TI1_ConfigInputStage
                0x080085ec       0x5c ./Drivers/STM32F1xx_HAL_Driver/Src/stm32f1xx_hal_tim.o
 .text.TIM_TI2_ConfigInputStage
                0x08008648       0x5e ./Drivers/STM32F1xx_HAL_Driver/Src/stm32f1xx_hal_tim.o
 .text.TIM_ITRx_SetConfig
                0x080086a6       0x34 ./Drivers/STM32F1xx_HAL_Driver/Src/stm32f1xx_hal_tim.o
 .text.TIM_ETR_SetConfig
                0x080086da       0x3e ./Drivers/STM32F1xx_HAL_Driver/Src/stm32f1xx_hal_tim.o
                0x080086da                TIM_ETR_SetConfig
 .text.HAL_TIMEx_MasterConfigSynchronization
                0x08008718       0xbc ./Drivers/STM32F1xx_HAL_Driver/Src/stm32f1xx_hal_tim_ex.o
                0x08008718                HAL_TIMEx_MasterConfigSynchronization
 .text.HAL_TIMEx_CommutCallback
                0x080087d4       0x12 ./Drivers/STM32F1xx_HAL_Driver/Src/stm32f1xx_hal_tim_ex.o
                0x080087d4                HAL_TIMEx_CommutCallback
 .text.HAL_TIMEx_BreakCallback
                0x080087e6       0x12 ./Drivers/STM32F1xx_HAL_Driver/Src/stm32f1xx_hal_tim_ex.o
                0x080087e6                HAL_TIMEx_BreakCallback
 .text.__cvt    0x080087f8       0xc8 D:/RUN PROGRAMS/STM32CubeIDE_2.0.0/STM32CubeIDE/plugins/com.st.stm32cube.ide.mcu.externaltools.gnu-tools-for-stm32.13.3.rel1.win32_1.0.100.202509120712/tools/bin/../lib/gcc/arm-none-eabi/13.3.1/../../../../arm-none-eabi/lib/thumb/v7-m/nofp\libc_nano.a(libc_a-nano-vfprintf_float.o)
                0x080087f8                __cvt
 .text.__exponent
                0x080088c0       0x74 D:/RUN PROGRAMS/STM32CubeIDE_2.0.0/STM32CubeIDE/plugins/com.st.stm32cube.ide.mcu.externaltools.gnu-tools-for-stm32.13.3.rel1.win32_1.0.100.202509120712/tools/bin/../lib/gcc/arm-none-eabi/13.3.1/../../../../arm-none-eabi/lib/thumb/v7-m/nofp\libc_nano.a(libc_a-nano-vfprintf_float.o)
                0x080088c0                __exponent
 .text._printf_float
                0x08008934      0x458 D:/RUN PROGRAMS/STM32CubeIDE_2.0.0/STM32CubeIDE/plugins/com.st.stm32cube.ide.mcu.externaltools.gnu-tools-for-stm32.13.3.rel1.win32_1.0.100.202509120712/tools/bin/../lib/gcc/arm-none-eabi/13.3.1/../../../../arm-none-eabi/lib/thumb/v7-m/nofp\libc_nano.a(libc_a-nano-vfprintf_float.o)
                0x08008934                _printf_float
 .text._printf_common
                0x08008d8c       0xe4 D:/RUN PROGRAMS/STM32CubeIDE_2.0.0/STM32CubeIDE/plugins/com.st.stm32cube.ide.mcu.externaltools.gnu-tools-for-stm32.13.3.rel1.win32_1.0.100.202509120712/tools/bin/../lib/gcc/arm-none-eabi/13.3.1/../../../../arm-none-eabi/lib/thumb/v7-m/nofp\libc_nano.a(libc_a-nano-vfprintf_i.o)
                0x08008d8c                _printf_common
 .text._printf_i
                0x08008e70      0x23c D:/RUN PROGRAMS/STM32CubeIDE_2.0.0/STM32CubeIDE/plugins/com.st.stm32cube.ide.mcu.externaltools.gnu-tools-for-stm32.13.3.rel1.win32_1.0.100.202509120712/tools/bin/../lib/gcc/arm-none-eabi/13.3.1/../../../../arm-none-eabi/lib/thumb/v7-m/nofp\libc_nano.a(libc_a-nano-vfprintf_i.o)
                0x08008e70                _printf_i
 .text.std      0x080090ac       0x6c D:/RUN PROGRAMS/STM32CubeIDE_2.0.0/STM32CubeIDE/plugins/com.st.stm32cube.ide.mcu.externaltools.gnu-tools-for-stm32.13.3.rel1.win32_1.0.100.202509120712/tools/bin/../lib/gcc/arm-none-eabi/13.3.1/../../../../arm-none-eabi/lib/thumb/v7-m/nofp\libc_nano.a(libc_a-findfp.o)
 .text.stdio_exit_handler
                0x08009118       0x18 D:/RUN PROGRAMS/STM32CubeIDE_2.0.0/STM32CubeIDE/plugins/com.st.stm32cube.ide.mcu.externaltools.gnu-tools-for-stm32.13.3.rel1.win32_1.0.100.202509120712/tools/bin/../lib/gcc/arm-none-eabi/13.3.1/../../../../arm-none-eabi/lib/thumb/v7-m/nofp\libc_nano.a(libc_a-findfp.o)
 .text.cleanup_stdio
                0x08009130       0x40 D:/RUN PROGRAMS/STM32CubeIDE_2.0.0/STM32CubeIDE/plugins/com.st.stm32cube.ide.mcu.externaltools.gnu-tools-for-stm32.13.3.rel1.win32_1.0.100.202509120712/tools/bin/../lib/gcc/arm-none-eabi/13.3.1/../../../../arm-none-eabi/lib/thumb/v7-m/nofp\libc_nano.a(libc_a-findfp.o)
 .text.global_stdio_init.part.0
                0x08009170       0x3c D:/RUN PROGRAMS/STM32CubeIDE_2.0.0/STM32CubeIDE/plugins/com.st.stm32cube.ide.mcu.externaltools.gnu-tools-for-stm32.13.3.rel1.win32_1.0.100.202509120712/tools/bin/../lib/gcc/arm-none-eabi/13.3.1/../../../../arm-none-eabi/lib/thumb/v7-m/nofp\libc_nano.a(libc_a-findfp.o)
 .text.__sfp_lock_acquire
                0x080091ac        0xc D:/RUN PROGRAMS/STM32CubeIDE_2.0.0/STM32CubeIDE/plugins/com.st.stm32cube.ide.mcu.externaltools.gnu-tools-for-stm32.13.3.rel1.win32_1.0.100.202509120712/tools/bin/../lib/gcc/arm-none-eabi/13.3.1/../../../../arm-none-eabi/lib/thumb/v7-m/nofp\libc_nano.a(libc_a-findfp.o)
                0x080091ac                __sfp_lock_acquire
 .text.__sfp_lock_release
                0x080091b8        0xc D:/RUN PROGRAMS/STM32CubeIDE_2.0.0/STM32CubeIDE/plugins/com.st.stm32cube.ide.mcu.externaltools.gnu-tools-for-stm32.13.3.rel1.win32_1.0.100.202509120712/tools/bin/../lib/gcc/arm-none-eabi/13.3.1/../../../../arm-none-eabi/lib/thumb/v7-m/nofp\libc_nano.a(libc_a-findfp.o)
                0x080091b8                __sfp_lock_release
 .text.__sinit  0x080091c4       0x30 D:/RUN PROGRAMS/STM32CubeIDE_2.0.0/STM32CubeIDE/plugins/com.st.stm32cube.ide.mcu.externaltools.gnu-tools-for-stm32.13.3.rel1.win32_1.0.100.202509120712/tools/bin/../lib/gcc/arm-none-eabi/13.3.1/../../../../arm-none-eabi/lib/thumb/v7-m/nofp\libc_nano.a(libc_a-findfp.o)
                0x080091c4                __sinit
 .text._fwalk_sglue
                0x080091f4       0x3c D:/RUN PROGRAMS/STM32CubeIDE_2.0.0/STM32CubeIDE/plugins/com.st.stm32cube.ide.mcu.externaltools.gnu-tools-for-stm32.13.3.rel1.win32_1.0.100.202509120712/tools/bin/../lib/gcc/arm-none-eabi/13.3.1/../../../../arm-none-eabi/lib/thumb/v7-m/nofp\libc_nano.a(libc_a-fwalk.o)
                0x080091f4                _fwalk_sglue
 .text.snprintf
                0x08009230       0x6c D:/RUN PROGRAMS/STM32CubeIDE_2.0.0/STM32CubeIDE/plugins/com.st.stm32cube.ide.mcu.externaltools.gnu-tools-for-stm32.13.3.rel1.win32_1.0.100.202509120712/tools/bin/../lib/gcc/arm-none-eabi/13.3.1/../../../../arm-none-eabi/lib/thumb/v7-m/nofp\libc_nano.a(libc_a-snprintf.o)
                0x08009230                sniprintf
                0x08009230                snprintf
 .text.__sread  0x0800929c       0x22 D:/RUN PROGRAMS/STM32CubeIDE_2.0.0/STM32CubeIDE/plugins/com.st.stm32cube.ide.mcu.externaltools.gnu-tools-for-stm32.13.3.rel1.win32_1.0.100.202509120712/tools/bin/../lib/gcc/arm-none-eabi/13.3.1/../../../../arm-none-eabi/lib/thumb/v7-m/nofp\libc_nano.a(libc_a-stdio.o)
                0x0800929c                __sread
 .text.__swrite
                0x080092be       0x38 D:/RUN PROGRAMS/STM32CubeIDE_2.0.0/STM32CubeIDE/plugins/com.st.stm32cube.ide.mcu.externaltools.gnu-tools-for-stm32.13.3.rel1.win32_1.0.100.202509120712/tools/bin/../lib/gcc/arm-none-eabi/13.3.1/../../../../arm-none-eabi/lib/thumb/v7-m/nofp\libc_nano.a(libc_a-stdio.o)
                0x080092be                __swrite
 .text.__sseek  0x080092f6       0x24 D:/RUN PROGRAMS/STM32CubeIDE_2.0.0/STM32CubeIDE/plugins/com.st.stm32cube.ide.mcu.externaltools.gnu-tools-for-stm32.13.3.rel1.win32_1.0.100.202509120712/tools/bin/../lib/gcc/arm-none-eabi/13.3.1/../../../../arm-none-eabi/lib/thumb/v7-m/nofp\libc_nano.a(libc_a-stdio.o)
                0x080092f6                __sseek
 .text.__sclose
                0x0800931a        0x8 D:/RUN PROGRAMS/STM32CubeIDE_2.0.0/STM32CubeIDE/plugins/com.st.stm32cube.ide.mcu.externaltools.gnu-tools-for-stm32.13.3.rel1.win32_1.0.100.202509120712/tools/bin/../lib/gcc/arm-none-eabi/13.3.1/../../../../arm-none-eabi/lib/thumb/v7-m/nofp\libc_nano.a(libc_a-stdio.o)
                0x0800931a                __sclose
 .text.memset   0x08009322       0x10 D:/RUN PROGRAMS/STM32CubeIDE_2.0.0/STM32CubeIDE/plugins/com.st.stm32cube.ide.mcu.externaltools.gnu-tools-for-stm32.13.3.rel1.win32_1.0.100.202509120712/tools/bin/../lib/gcc/arm-none-eabi/13.3.1/../../../../arm-none-eabi/lib/thumb/v7-m/nofp\libc_nano.a(libc_a-memset.o)
                0x08009322                memset
 *fill*         0x08009332        0x2 
 .text._localeconv_r
                0x08009334        0x8 D:/RUN PROGRAMS/STM32CubeIDE_2.0.0/STM32CubeIDE/plugins/com.st.stm32cube.ide.mcu.externaltools.gnu-tools-for-stm32.13.3.rel1.win32_1.0.100.202509120712/tools/bin/../lib/gcc/arm-none-eabi/13.3.1/../../../../arm-none-eabi/lib/thumb/v7-m/nofp\libc_nano.a(libc_a-localeconv.o)
                0x08009334                _localeconv_r
 .text._close_r
                0x0800933c       0x20 D:/RUN PROGRAMS/STM32CubeIDE_2.0.0/STM32CubeIDE/plugins/com.st.stm32cube.ide.mcu.externaltools.gnu-tools-for-stm32.13.3.rel1.win32_1.0.100.202509120712/tools/bin/../lib/gcc/arm-none-eabi/13.3.1/../../../../arm-none-eabi/lib/thumb/v7-m/nofp\libc_nano.a(libc_a-closer.o)
                0x0800933c                _close_r
 .text._lseek_r
                0x0800935c       0x24 D:/RUN PROGRAMS/STM32CubeIDE_2.0.0/STM32CubeIDE/plugins/com.st.stm32cube.ide.mcu.externaltools.gnu-tools-for-stm32.13.3.rel1.win32_1.0.100.202509120712/tools/bin/../lib/gcc/arm-none-eabi/13.3.1/../../../../arm-none-eabi/lib/thumb/v7-m/nofp\libc_nano.a(libc_a-lseekr.o)
                0x0800935c                _lseek_r
 .text._read_r  0x08009380       0x24 D:/RUN PROGRAMS/STM32CubeIDE_2.0.0/STM32CubeIDE/plugins/com.st.stm32cube.ide.mcu.externaltools.gnu-tools-for-stm32.13.3.rel1.win32_1.0.100.202509120712/tools/bin/../lib/gcc/arm-none-eabi/13.3.1/../../../../arm-none-eabi/lib/thumb/v7-m/nofp\libc_nano.a(libc_a-readr.o)
                0x08009380                _read_r
 .text._write_r
                0x080093a4       0x24 D:/RUN PROGRAMS/STM32CubeIDE_2.0.0/STM32CubeIDE/plugins/com.st.stm32cube.ide.mcu.externaltools.gnu-tools-for-stm32.13.3.rel1.win32_1.0.100.202509120712/tools/bin/../lib/gcc/arm-none-eabi/13.3.1/../../../../arm-none-eabi/lib/thumb/v7-m/nofp\libc_nano.a(libc_a-writer.o)
                0x080093a4                _write_r
 .text.__errno  0x080093c8        0xc D:/RUN PROGRAMS/STM32CubeIDE_2.0.0/STM32CubeIDE/plugins/com.st.stm32cube.ide.mcu.externaltools.gnu-tools-for-stm32.13.3.rel1.win32_1.0.100.202509120712/tools/bin/../lib/gcc/arm-none-eabi/13.3.1/../../../../arm-none-eabi/lib/thumb/v7-m/nofp\libc_nano.a(libc_a-errno.o)
                0x080093c8                __errno
 .text.__libc_init_array
                0x080093d4       0x48 D:/RUN PROGRAMS/STM32CubeIDE_2.0.0/STM32CubeIDE/plugins/com.st.stm32cube.ide.mcu.externaltools.gnu-tools-for-stm32.13.3.rel1.win32_1.0.100.202509120712/tools/bin/../lib/gcc/arm-none-eabi/13.3.1/../../../../arm-none-eabi/lib/thumb/v7-m/nofp\libc_nano.a(libc_a-init.o)
                0x080093d4                __libc_init_array
 .text.__retarget_lock_init_recursive
                0x0800941c        0x2 D:/RUN PROGRAMS/STM32CubeIDE_2.0.0/STM32CubeIDE/plugins/com.st.stm32cube.ide.mcu.externaltools.gnu-tools-for-stm32.13.3.rel1.win32_1.0.100.202509120712/tools/bin/../lib/gcc/arm-none-eabi/13.3.1/../../../../arm-none-eabi/lib/thumb/v7-m/nofp\libc_nano.a(libc_a-lock.o)
                0x0800941c                __retarget_lock_init_recursive
 .text.__retarget_lock_acquire_recursive
                0x0800941e        0x2 D:/RUN PROGRAMS/STM32CubeIDE_2.0.0/STM32CubeIDE/plugins/com.st.stm32cube.ide.mcu.externaltools.gnu-tools-for-stm32.13.3.rel1.win32_1.0.100.202509120712/tools/bin/../lib/gcc/arm-none-eabi/13.3.1/../../../../arm-none-eabi/lib/thumb/v7-m/nofp\libc_nano.a(libc_a-lock.o)
                0x0800941e                __retarget_lock_acquire_recursive
 .text.__retarget_lock_release_recursive
                0x08009420        0x2 D:/RUN PROGRAMS/STM32CubeIDE_2.0.0/STM32CubeIDE/plugins/com.st.stm32cube.ide.mcu.externaltools.gnu-tools-for-stm32.13.3.rel1.win32_1.0.100.202509120712/tools/bin/../lib/gcc/arm-none-eabi/13.3.1/../../../../arm-none-eabi/lib/thumb/v7-m/nofp\libc_nano.a(libc_a-lock.o)
                0x08009420                __retarget_lock_release_recursive
 .text.strcpy   0x08009422       0x10 D:/RUN PROGRAMS/STM32CubeIDE_2.0.0/STM32CubeIDE/plugins/com.st.stm32cube.ide.mcu.externaltools.gnu-tools-for-stm32.13.3.rel1.win32_1.0.100.202509120712/tools/bin/../lib/gcc/arm-none-eabi/13.3.1/../../../../arm-none-eabi/lib/thumb/v7-m/nofp\libc_nano.a(libc_a-strcpy.o)
                0x08009422                strcpy
 .text.memchr   0x08009432       0x1c D:/RUN PROGRAMS/STM32CubeIDE_2.0.0/STM32CubeIDE/plugins/com.st.stm32cube.ide.mcu.externaltools.gnu-tools-for-stm32.13.3.rel1.win32_1.0.100.202509120712/tools/bin/../lib/gcc/arm-none-eabi/13.3.1/../../../../arm-none-eabi/lib/thumb/v7-m/nofp\libc_nano.a(libc_a-memchr-stub.o)
                0x08009432                memchr
 .text.memcpy   0x0800944e       0x1c D:/RUN PROGRAMS/STM32CubeIDE_2.0.0/STM32CubeIDE/plugins/com.st.stm32cube.ide.mcu.externaltools.gnu-tools-for-stm32.13.3.rel1.win32_1.0.100.202509120712/tools/bin/../lib/gcc/arm-none-eabi/13.3.1/../../../../arm-none-eabi/lib/thumb/v7-m/nofp\libc_nano.a(libc_a-memcpy-stub.o)
                0x0800944e                memcpy
 .text.quorem   0x0800946a      0x110 D:/RUN PROGRAMS/STM32CubeIDE_2.0.0/STM32CubeIDE/plugins/com.st.stm32cube.ide.mcu.externaltools.gnu-tools-for-stm32.13.3.rel1.win32_1.0.100.202509120712/tools/bin/../lib/gcc/arm-none-eabi/13.3.1/../../../../arm-none-eabi/lib/thumb/v7-m/nofp\libc_nano.a(libc_a-dtoa.o)
 *fill*         0x0800957a        0x6 
 .text._dtoa_r  0x08009580      0xba8 D:/RUN PROGRAMS/STM32CubeIDE_2.0.0/STM32CubeIDE/plugins/com.st.stm32cube.ide.mcu.externaltools.gnu-tools-for-stm32.13.3.rel1.win32_1.0.100.202509120712/tools/bin/../lib/gcc/arm-none-eabi/13.3.1/../../../../arm-none-eabi/lib/thumb/v7-m/nofp\libc_nano.a(libc_a-dtoa.o)
                0x08009580                _dtoa_r
 .text._free_r  0x0800a128       0x90 D:/RUN PROGRAMS/STM32CubeIDE_2.0.0/STM32CubeIDE/plugins/com.st.stm32cube.ide.mcu.externaltools.gnu-tools-for-stm32.13.3.rel1.win32_1.0.100.202509120712/tools/bin/../lib/gcc/arm-none-eabi/13.3.1/../../../../arm-none-eabi/lib/thumb/v7-m/nofp\libc_nano.a(libc_a-freer.o)
                0x0800a128                _free_r
 .text.malloc   0x0800a1b8       0x10 D:/RUN PROGRAMS/STM32CubeIDE_2.0.0/STM32CubeIDE/plugins/com.st.stm32cube.ide.mcu.externaltools.gnu-tools-for-stm32.13.3.rel1.win32_1.0.100.202509120712/tools/bin/../lib/gcc/arm-none-eabi/13.3.1/../../../../arm-none-eabi/lib/thumb/v7-m/nofp\libc_nano.a(libc_a-malloc.o)
                0x0800a1b8                malloc
 .text.sbrk_aligned
                0x0800a1c8       0x44 D:/RUN PROGRAMS/STM32CubeIDE_2.0.0/STM32CubeIDE/plugins/com.st.stm32cube.ide.mcu.externaltools.gnu-tools-for-stm32.13.3.rel1.win32_1.0.100.202509120712/tools/bin/../lib/gcc/arm-none-eabi/13.3.1/../../../../arm-none-eabi/lib/thumb/v7-m/nofp\libc_nano.a(libc_a-mallocr.o)
 .text._malloc_r
                0x0800a20c      0x100 D:/RUN PROGRAMS/STM32CubeIDE_2.0.0/STM32CubeIDE/plugins/com.st.stm32cube.ide.mcu.externaltools.gnu-tools-for-stm32.13.3.rel1.win32_1.0.100.202509120712/tools/bin/../lib/gcc/arm-none-eabi/13.3.1/../../../../arm-none-eabi/lib/thumb/v7-m/nofp\libc_nano.a(libc_a-mallocr.o)
                0x0800a20c                _malloc_r
 .text.__malloc_lock
                0x0800a30c        0xc D:/RUN PROGRAMS/STM32CubeIDE_2.0.0/STM32CubeIDE/plugins/com.st.stm32cube.ide.mcu.externaltools.gnu-tools-for-stm32.13.3.rel1.win32_1.0.100.202509120712/tools/bin/../lib/gcc/arm-none-eabi/13.3.1/../../../../arm-none-eabi/lib/thumb/v7-m/nofp\libc_nano.a(libc_a-mlock.o)
                0x0800a30c                __malloc_lock
 .text.__malloc_unlock
                0x0800a318        0xc D:/RUN PROGRAMS/STM32CubeIDE_2.0.0/STM32CubeIDE/plugins/com.st.stm32cube.ide.mcu.externaltools.gnu-tools-for-stm32.13.3.rel1.win32_1.0.100.202509120712/tools/bin/../lib/gcc/arm-none-eabi/13.3.1/../../../../arm-none-eabi/lib/thumb/v7-m/nofp\libc_nano.a(libc_a-mlock.o)
                0x0800a318                __malloc_unlock
 .text._Balloc  0x0800a324       0x80 D:/RUN PROGRAMS/STM32CubeIDE_2.0.0/STM32CubeIDE/plugins/com.st.stm32cube.ide.mcu.externaltools.gnu-tools-for-stm32.13.3.rel1.win32_1.0.100.202509120712/tools/bin/../lib/gcc/arm-none-eabi/13.3.1/../../../../arm-none-eabi/lib/thumb/v7-m/nofp\libc_nano.a(libc_a-mprec.o)
                0x0800a324                _Balloc
 .text._Bfree   0x0800a3a4       0x44 D:/RUN PROGRAMS/STM32CubeIDE_2.0.0/STM32CubeIDE/plugins/com.st.stm32cube.ide.mcu.externaltools.gnu-tools-for-stm32.13.3.rel1.win32_1.0.100.202509120712/tools/bin/../lib/gcc/arm-none-eabi/13.3.1/../../../../arm-none-eabi/lib/thumb/v7-m/nofp\libc_nano.a(libc_a-mprec.o)
                0x0800a3a4                _Bfree
 .text.__multadd
                0x0800a3e8       0x8c D:/RUN PROGRAMS/STM32CubeIDE_2.0.0/STM32CubeIDE/plugins/com.st.stm32cube.ide.mcu.externaltools.gnu-tools-for-stm32.13.3.rel1.win32_1.0.100.202509120712/tools/bin/../lib/gcc/arm-none-eabi/13.3.1/../../../../arm-none-eabi/lib/thumb/v7-m/nofp\libc_nano.a(libc_a-mprec.o)
                0x0800a3e8                __multadd
 .text.__hi0bits
                0x0800a474       0x3e D:/RUN PROGRAMS/STM32CubeIDE_2.0.0/STM32CubeIDE/plugins/com.st.stm32cube.ide.mcu.externaltools.gnu-tools-for-stm32.13.3.rel1.win32_1.0.100.202509120712/tools/bin/../lib/gcc/arm-none-eabi/13.3.1/../../../../arm-none-eabi/lib/thumb/v7-m/nofp\libc_nano.a(libc_a-mprec.o)
                0x0800a474                __hi0bits
 .text.__lo0bits
                0x0800a4b2       0x5a D:/RUN PROGRAMS/STM32CubeIDE_2.0.0/STM32CubeIDE/plugins/com.st.stm32cube.ide.mcu.externaltools.gnu-tools-for-stm32.13.3.rel1.win32_1.0.100.202509120712/tools/bin/../lib/gcc/arm-none-eabi/13.3.1/../../../../arm-none-eabi/lib/thumb/v7-m/nofp\libc_nano.a(libc_a-mprec.o)
                0x0800a4b2                __lo0bits
 .text.__i2b    0x0800a50c       0x2c D:/RUN PROGRAMS/STM32CubeIDE_2.0.0/STM32CubeIDE/plugins/com.st.stm32cube.ide.mcu.externaltools.gnu-tools-for-stm32.13.3.rel1.win32_1.0.100.202509120712/tools/bin/../lib/gcc/arm-none-eabi/13.3.1/../../../../arm-none-eabi/lib/thumb/v7-m/nofp\libc_nano.a(libc_a-mprec.o)
                0x0800a50c                __i2b
 .text.__multiply
                0x0800a538      0x144 D:/RUN PROGRAMS/STM32CubeIDE_2.0.0/STM32CubeIDE/plugins/com.st.stm32cube.ide.mcu.externaltools.gnu-tools-for-stm32.13.3.rel1.win32_1.0.100.202509120712/tools/bin/../lib/gcc/arm-none-eabi/13.3.1/../../../../arm-none-eabi/lib/thumb/v7-m/nofp\libc_nano.a(libc_a-mprec.o)
                0x0800a538                __multiply
 .text.__pow5mult
                0x0800a67c       0xb4 D:/RUN PROGRAMS/STM32CubeIDE_2.0.0/STM32CubeIDE/plugins/com.st.stm32cube.ide.mcu.externaltools.gnu-tools-for-stm32.13.3.rel1.win32_1.0.100.202509120712/tools/bin/../lib/gcc/arm-none-eabi/13.3.1/../../../../arm-none-eabi/lib/thumb/v7-m/nofp\libc_nano.a(libc_a-mprec.o)
                0x0800a67c                __pow5mult
 .text.__lshift
                0x0800a730       0xd8 D:/RUN PROGRAMS/STM32CubeIDE_2.0.0/STM32CubeIDE/plugins/com.st.stm32cube.ide.mcu.externaltools.gnu-tools-for-stm32.13.3.rel1.win32_1.0.100.202509120712/tools/bin/../lib/gcc/arm-none-eabi/13.3.1/../../../../arm-none-eabi/lib/thumb/v7-m/nofp\libc_nano.a(libc_a-mprec.o)
                0x0800a730                __lshift
 .text.__mcmp   0x0800a808       0x36 D:/RUN PROGRAMS/STM32CubeIDE_2.0.0/STM32CubeIDE/plugins/com.st.stm32cube.ide.mcu.externaltools.gnu-tools-for-stm32.13.3.rel1.win32_1.0.100.202509120712/tools/bin/../lib/gcc/arm-none-eabi/13.3.1/../../../../arm-none-eabi/lib/thumb/v7-m/nofp\libc_nano.a(libc_a-mprec.o)
                0x0800a808                __mcmp
 *fill*         0x0800a83e        0x2 
 .text.__mdiff  0x0800a840      0x128 D:/RUN PROGRAMS/STM32CubeIDE_2.0.0/STM32CubeIDE/plugins/com.st.stm32cube.ide.mcu.externaltools.gnu-tools-for-stm32.13.3.rel1.win32_1.0.100.202509120712/tools/bin/../lib/gcc/arm-none-eabi/13.3.1/../../../../arm-none-eabi/lib/thumb/v7-m/nofp\libc_nano.a(libc_a-mprec.o)
                0x0800a840                __mdiff
 .text.__d2b    0x0800a968       0xb0 D:/RUN PROGRAMS/STM32CubeIDE_2.0.0/STM32CubeIDE/plugins/com.st.stm32cube.ide.mcu.externaltools.gnu-tools-for-stm32.13.3.rel1.win32_1.0.100.202509120712/tools/bin/../lib/gcc/arm-none-eabi/13.3.1/../../../../arm-none-eabi/lib/thumb/v7-m/nofp\libc_nano.a(libc_a-mprec.o)
                0x0800a968                __d2b
 .text.__ssputs_r
                0x0800aa18       0xb6 D:/RUN PROGRAMS/STM32CubeIDE_2.0.0/STM32CubeIDE/plugins/com.st.stm32cube.ide.mcu.externaltools.gnu-tools-for-stm32.13.3.rel1.win32_1.0.100.202509120712/tools/bin/../lib/gcc/arm-none-eabi/13.3.1/../../../../arm-none-eabi/lib/thumb/v7-m/nofp\libc_nano.a(libc_a-nano-svfprintf.o)
                0x0800aa18                __ssputs_r
 *fill*         0x0800aace        0x2 
 .text._svfprintf_r
                0x0800aad0      0x1f8 D:/RUN PROGRAMS/STM32CubeIDE_2.0.0/STM32CubeIDE/plugins/com.st.stm32cube.ide.mcu.externaltools.gnu-tools-for-stm32.13.3.rel1.win32_1.0.100.202509120712/tools/bin/../lib/gcc/arm-none-eabi/13.3.1/../../../../arm-none-eabi/lib/thumb/v7-m/nofp\libc_nano.a(libc_a-nano-svfprintf.o)
                0x0800aad0                _svfiprintf_r
                0x0800aad0                _svfprintf_r
 .text.__sflush_r
                0x0800acc8      0x100 D:/RUN PROGRAMS/STM32CubeIDE_2.0.0/STM32CubeIDE/plugins/com.st.stm32cube.ide.mcu.externaltools.gnu-tools-for-stm32.13.3.rel1.win32_1.0.100.202509120712/tools/bin/../lib/gcc/arm-none-eabi/13.3.1/../../../../arm-none-eabi/lib/thumb/v7-m/nofp\libc_nano.a(libc_a-fflush.o)
                0x0800acc8                __sflush_r
 .text._fflush_r
                0x0800adc8       0x50 D:/RUN PROGRAMS/STM32CubeIDE_2.0.0/STM32CubeIDE/plugins/com.st.stm32cube.ide.mcu.externaltools.gnu-tools-for-stm32.13.3.rel1.win32_1.0.100.202509120712/tools/bin/../lib/gcc/arm-none-eabi/13.3.1/../../../../arm-none-eabi/lib/thumb/v7-m/nofp\libc_nano.a(libc_a-fflush.o)
                0x0800adc8                _fflush_r
 .text.memmove  0x0800ae18       0x34 D:/RUN PROGRAMS/STM32CubeIDE_2.0.0/STM32CubeIDE/plugins/com.st.stm32cube.ide.mcu.externaltools.gnu-tools-for-stm32.13.3.rel1.win32_1.0.100.202509120712/tools/bin/../lib/gcc/arm-none-eabi/13.3.1/../../../../arm-none-eabi/lib/thumb/v7-m/nofp\libc_nano.a(libc_a-memmove.o)
                0x0800ae18                memmove
 .text._sbrk_r  0x0800ae4c       0x20 D:/RUN PROGRAMS/STM32CubeIDE_2.0.0/STM32CubeIDE/plugins/com.st.stm32cube.ide.mcu.externaltools.gnu-tools-for-stm32.13.3.rel1.win32_1.0.100.202509120712/tools/bin/../lib/gcc/arm-none-eabi/13.3.1/../../../../arm-none-eabi/lib/thumb/v7-m/nofp\libc_nano.a(libc_a-sbrkr.o)
                0x0800ae4c                _sbrk_r
 .text.__assert_func
                0x0800ae6c       0x3c D:/RUN PROGRAMS/STM32CubeIDE_2.0.0/STM32CubeIDE/plugins/com.st.stm32cube.ide.mcu.externaltools.gnu-tools-for-stm32.13.3.rel1.win32_1.0.100.202509120712/tools/bin/../lib/gcc/arm-none-eabi/13.3.1/../../../../arm-none-eabi/lib/thumb/v7-m/nofp\libc_nano.a(libc_a-assert.o)
                0x0800ae6c                __assert_func
 .text._calloc_r
                0x0800aea8       0x28 D:/RUN PROGRAMS/STM32CubeIDE_2.0.0/STM32CubeIDE/plugins/com.st.stm32cube.ide.mcu.externaltools.gnu-tools-for-stm32.13.3.rel1.win32_1.0.100.202509120712/tools/bin/../lib/gcc/arm-none-eabi/13.3.1/../../../../arm-none-eabi/lib/thumb/v7-m/nofp\libc_nano.a(libc_a-callocr.o)
                0x0800aea8                _calloc_r
 .text.__ascii_mbtowc
                0x0800aed0       0x24 D:/RUN PROGRAMS/STM32CubeIDE_2.0.0/STM32CubeIDE/plugins/com.st.stm32cube.ide.mcu.externaltools.gnu-tools-for-stm32.13.3.rel1.win32_1.0.100.202509120712/tools/bin/../lib/gcc/arm-none-eabi/13.3.1/../../../../arm-none-eabi/lib/thumb/v7-m/nofp\libc_nano.a(libc_a-mbtowc_r.o)
                0x0800aed0                __ascii_mbtowc
 .text._realloc_r
                0x0800aef4       0x5c D:/RUN PROGRAMS/STM32CubeIDE_2.0.0/STM32CubeIDE/plugins/com.st.stm32cube.ide.mcu.externaltools.gnu-tools-for-stm32.13.3.rel1.win32_1.0.100.202509120712/tools/bin/../lib/gcc/arm-none-eabi/13.3.1/../../../../arm-none-eabi/lib/thumb/v7-m/nofp\libc_nano.a(libc_a-reallocr.o)
                0x0800aef4                _realloc_r
 .text.__ascii_wctomb
                0x0800af50       0x1a D:/RUN PROGRAMS/STM32CubeIDE_2.0.0/STM32CubeIDE/plugins/com.st.stm32cube.ide.mcu.externaltools.gnu-tools-for-stm32.13.3.rel1.win32_1.0.100.202509120712/tools/bin/../lib/gcc/arm-none-eabi/13.3.1/../../../../arm-none-eabi/lib/thumb/v7-m/nofp\libc_nano.a(libc_a-wctomb_r.o)
                0x0800af50                __ascii_wctomb
 *fill*         0x0800af6a        0x2 
 .text.fprintf  0x0800af6c       0x24 D:/RUN PROGRAMS/STM32CubeIDE_2.0.0/STM32CubeIDE/plugins/com.st.stm32cube.ide.mcu.externaltools.gnu-tools-for-stm32.13.3.rel1.win32_1.0.100.202509120712/tools/bin/../lib/gcc/arm-none-eabi/13.3.1/../../../../arm-none-eabi/lib/thumb/v7-m/nofp\libc_nano.a(libc_a-fprintf.o)
                0x0800af6c                fiprintf
                0x0800af6c                fprintf
 .text.abort    0x0800af90        0xe D:/RUN PROGRAMS/STM32CubeIDE_2.0.0/STM32CubeIDE/plugins/com.st.stm32cube.ide.mcu.externaltools.gnu-tools-for-stm32.13.3.rel1.win32_1.0.100.202509120712/tools/bin/../lib/gcc/arm-none-eabi/13.3.1/../../../../arm-none-eabi/lib/thumb/v7-m/nofp\libc_nano.a(libc_a-abort.o)
                0x0800af90                abort
 .text._malloc_usable_size_r
                0x0800af9e       0x10 D:/RUN PROGRAMS/STM32CubeIDE_2.0.0/STM32CubeIDE/plugins/com.st.stm32cube.ide.mcu.externaltools.gnu-tools-for-stm32.13.3.rel1.win32_1.0.100.202509120712/tools/bin/../lib/gcc/arm-none-eabi/13.3.1/../../../../arm-none-eabi/lib/thumb/v7-m/nofp\libc_nano.a(libc_a-msizer.o)
                0x0800af9e                _malloc_usable_size_r
 .text.__sfputc_r
                0x0800afae       0x2a D:/RUN PROGRAMS/STM32CubeIDE_2.0.0/STM32CubeIDE/plugins/com.st.stm32cube.ide.mcu.externaltools.gnu-tools-for-stm32.13.3.rel1.win32_1.0.100.202509120712/tools/bin/../lib/gcc/arm-none-eabi/13.3.1/../../../../arm-none-eabi/lib/thumb/v7-m/nofp\libc_nano.a(libc_a-nano-vfprintf.o)
 .text.__sfputs_r
                0x0800afd8       0x24 D:/RUN PROGRAMS/STM32CubeIDE_2.0.0/STM32CubeIDE/plugins/com.st.stm32cube.ide.mcu.externaltools.gnu-tools-for-stm32.13.3.rel1.win32_1.0.100.202509120712/tools/bin/../lib/gcc/arm-none-eabi/13.3.1/../../../../arm-none-eabi/lib/thumb/v7-m/nofp\libc_nano.a(libc_a-nano-vfprintf.o)
                0x0800afd8                __sfputs_r
 .text._vfprintf_r
                0x0800affc      0x230 D:/RUN PROGRAMS/STM32CubeIDE_2.0.0/STM32CubeIDE/plugins/com.st.stm32cube.ide.mcu.externaltools.gnu-tools-for-stm32.13.3.rel1.win32_1.0.100.202509120712/tools/bin/../lib/gcc/arm-none-eabi/13.3.1/../../../../arm-none-eabi/lib/thumb/v7-m/nofp\libc_nano.a(libc_a-nano-vfprintf.o)
                0x0800affc                _vfprintf_r
                0x0800affc                _vfiprintf_r
 .text.__swbuf_r
                0x0800b22c       0x7c D:/RUN PROGRAMS/STM32CubeIDE_2.0.0/STM32CubeIDE/plugins/com.st.stm32cube.ide.mcu.externaltools.gnu-tools-for-stm32.13.3.rel1.win32_1.0.100.202509120712/tools/bin/../lib/gcc/arm-none-eabi/13.3.1/../../../../arm-none-eabi/lib/thumb/v7-m/nofp\libc_nano.a(libc_a-wbuf.o)
                0x0800b22c                __swbuf_r
 .text.__swsetup_r
                0x0800b2a8       0xac D:/RUN PROGRAMS/STM32CubeIDE_2.0.0/STM32CubeIDE/plugins/com.st.stm32cube.ide.mcu.externaltools.gnu-tools-for-stm32.13.3.rel1.win32_1.0.100.202509120712/tools/bin/../lib/gcc/arm-none-eabi/13.3.1/../../../../arm-none-eabi/lib/thumb/v7-m/nofp\libc_nano.a(libc_a-wsetup.o)
                0x0800b2a8                __swsetup_r
 .text._raise_r
                0x0800b354       0x50 D:/RUN PROGRAMS/STM32CubeIDE_2.0.0/STM32CubeIDE/plugins/com.st.stm32cube.ide.mcu.externaltools.gnu-tools-for-stm32.13.3.rel1.win32_1.0.100.202509120712/tools/bin/../lib/gcc/arm-none-eabi/13.3.1/../../../../arm-none-eabi/lib/thumb/v7-m/nofp\libc_nano.a(libc_a-signal.o)
                0x0800b354                _raise_r
 .text.raise    0x0800b3a4       0x10 D:/RUN PROGRAMS/STM32CubeIDE_2.0.0/STM32CubeIDE/plugins/com.st.stm32cube.ide.mcu.externaltools.gnu-tools-for-stm32.13.3.rel1.win32_1.0.100.202509120712/tools/bin/../lib/gcc/arm-none-eabi/13.3.1/../../../../arm-none-eabi/lib/thumb/v7-m/nofp\libc_nano.a(libc_a-signal.o)
                0x0800b3a4                raise
 .text._kill_r  0x0800b3b4       0x24 D:/RUN PROGRAMS/STM32CubeIDE_2.0.0/STM32CubeIDE/plugins/com.st.stm32cube.ide.mcu.externaltools.gnu-tools-for-stm32.13.3.rel1.win32_1.0.100.202509120712/tools/bin/../lib/gcc/arm-none-eabi/13.3.1/../../../../arm-none-eabi/lib/thumb/v7-m/nofp\libc_nano.a(libc_a-signalr.o)
                0x0800b3b4                _kill_r
 .text._getpid_r
                0x0800b3d8        0x4 D:/RUN PROGRAMS/STM32CubeIDE_2.0.0/STM32CubeIDE/plugins/com.st.stm32cube.ide.mcu.externaltools.gnu-tools-for-stm32.13.3.rel1.win32_1.0.100.202509120712/tools/bin/../lib/gcc/arm-none-eabi/13.3.1/../../../../arm-none-eabi/lib/thumb/v7-m/nofp\libc_nano.a(libc_a-signalr.o)
                0x0800b3d8                _getpid_r
 .text.__swhatbuf_r
                0x0800b3dc       0x4a D:/RUN PROGRAMS/STM32CubeIDE_2.0.0/STM32CubeIDE/plugins/com.st.stm32cube.ide.mcu.externaltools.gnu-tools-for-stm32.13.3.rel1.win32_1.0.100.202509120712/tools/bin/../lib/gcc/arm-none-eabi/13.3.1/../../../../arm-none-eabi/lib/thumb/v7-m/nofp\libc_nano.a(libc_a-makebuf.o)
                0x0800b3dc                __swhatbuf_r
 .text.__smakebuf_r
                0x0800b426       0x78 D:/RUN PROGRAMS/STM32CubeIDE_2.0.0/STM32CubeIDE/plugins/com.st.stm32cube.ide.mcu.externaltools.gnu-tools-for-stm32.13.3.rel1.win32_1.0.100.202509120712/tools/bin/../lib/gcc/arm-none-eabi/13.3.1/../../../../arm-none-eabi/lib/thumb/v7-m/nofp\libc_nano.a(libc_a-makebuf.o)
                0x0800b426                __smakebuf_r
 *fill*         0x0800b49e        0x2 
 .text._fstat_r
                0x0800b4a0       0x24 D:/RUN PROGRAMS/STM32CubeIDE_2.0.0/STM32CubeIDE/plugins/com.st.stm32cube.ide.mcu.externaltools.gnu-tools-for-stm32.13.3.rel1.win32_1.0.100.202509120712/tools/bin/../lib/gcc/arm-none-eabi/13.3.1/../../../../arm-none-eabi/lib/thumb/v7-m/nofp\libc_nano.a(libc_a-fstatr.o)
                0x0800b4a0                _fstat_r
 .text._isatty_r
                0x0800b4c4       0x20 D:/RUN PROGRAMS/STM32CubeIDE_2.0.0/STM32CubeIDE/plugins/com.st.stm32cube.ide.mcu.externaltools.gnu-tools-for-stm32.13.3.rel1.win32_1.0.100.202509120712/tools/bin/../lib/gcc/arm-none-eabi/13.3.1/../../../../arm-none-eabi/lib/thumb/v7-m/nofp\libc_nano.a(libc_a-isattyr.o)
                0x0800b4c4                _isatty_r
 .text.expf     0x0800b4e4       0x4c D:/RUN PROGRAMS/STM32CubeIDE_2.0.0/STM32CubeIDE/plugins/com.st.stm32cube.ide.mcu.externaltools.gnu-tools-for-stm32.13.3.rel1.win32_1.0.100.202509120712/tools/bin/../lib/gcc/arm-none-eabi/13.3.1/../../../../arm-none-eabi/lib/thumb/v7-m/nofp\libm.a(libm_a-wf_exp.o)
                0x0800b4e4                expf
 .text.finitef  0x0800b530       0x10 D:/RUN PROGRAMS/STM32CubeIDE_2.0.0/STM32CubeIDE/plugins/com.st.stm32cube.ide.mcu.externaltools.gnu-tools-for-stm32.13.3.rel1.win32_1.0.100.202509120712/tools/bin/../lib/gcc/arm-none-eabi/13.3.1/../../../../arm-none-eabi/lib/thumb/v7-m/nofp\libm.a(libm_a-sf_finite.o)
                0x0800b530                finitef
 .text.lroundf  0x0800b540       0x58 D:/RUN PROGRAMS/STM32CubeIDE_2.0.0/STM32CubeIDE/plugins/com.st.stm32cube.ide.mcu.externaltools.gnu-tools-for-stm32.13.3.rel1.win32_1.0.100.202509120712/tools/bin/../lib/gcc/arm-none-eabi/13.3.1/../../../../arm-none-eabi/lib/thumb/v7-m/nofp\libm.a(libm_a-sf_lround.o)
                0x0800b540                lroundf
 .text.__ieee754_expf
                0x0800b598      0x1f0 D:/RUN PROGRAMS/STM32CubeIDE_2.0.0/STM32CubeIDE/plugins/com.st.stm32cube.ide.mcu.externaltools.gnu-tools-for-stm32.13.3.rel1.win32_1.0.100.202509120712/tools/bin/../lib/gcc/arm-none-eabi/13.3.1/../../../../arm-none-eabi/lib/thumb/v7-m/nofp\libm.a(libm_a-ef_exp.o)
                0x0800b598                __ieee754_expf
 .text.with_errnof
                0x0800b788       0x10 D:/RUN PROGRAMS/STM32CubeIDE_2.0.0/STM32CubeIDE/plugins/com.st.stm32cube.ide.mcu.externaltools.gnu-tools-for-stm32.13.3.rel1.win32_1.0.100.202509120712/tools/bin/../lib/gcc/arm-none-eabi/13.3.1/../../../../arm-none-eabi/lib/thumb/v7-m/nofp\libm.a(libm_a-math_errf.o)
 .text.xflowf   0x0800b798       0x1a D:/RUN PROGRAMS/STM32CubeIDE_2.0.0/STM32CubeIDE/plugins/com.st.stm32cube.ide.mcu.externaltools.gnu-tools-for-stm32.13.3.rel1.win32_1.0.100.202509120712/tools/bin/../lib/gcc/arm-none-eabi/13.3.1/../../../../arm-none-eabi/lib/thumb/v7-m/nofp\libm.a(libm_a-math_errf.o)
 .text.__math_uflowf
                0x0800b7b2        0x8 D:/RUN PROGRAMS/STM32CubeIDE_2.0.0/STM32CubeIDE/plugins/com.st.stm32cube.ide.mcu.externaltools.gnu-tools-for-stm32.13.3.rel1.win32_1.0.100.202509120712/tools/bin/../lib/gcc/arm-none-eabi/13.3.1/../../../../arm-none-eabi/lib/thumb/v7-m/nofp\libm.a(libm_a-math_errf.o)
                0x0800b7b2                __math_uflowf
 .text.__math_oflowf
                0x0800b7ba        0x8 D:/RUN PROGRAMS/STM32CubeIDE_2.0.0/STM32CubeIDE/plugins/com.st.stm32cube.ide.mcu.externaltools.gnu-tools-for-stm32.13.3.rel1.win32_1.0.100.202509120712/tools/bin/../lib/gcc/arm-none-eabi/13.3.1/../../../../arm-none-eabi/lib/thumb/v7-m/nofp\libm.a(libm_a-math_errf.o)
                0x0800b7ba                __math_oflowf
 *(.glue_7)
 .glue_7        0x0800b7c2        0x0 linker stubs
 *(.glue_7t)
 .glue_7t       0x0800b7c2        0x0 linker stubs
 *(.eh_frame)
 *fill*         0x0800b7c2        0x2 
 .eh_frame      0x0800b7c4        0x0 D:/RUN PROGRAMS/STM32CubeIDE_2.0.0/STM32CubeIDE/plugins/com.st.stm32cube.ide.mcu.externaltools.gnu-tools-for-stm32.13.3.rel1.win32_1.0.100.202509120712/tools/bin/../lib/gcc/arm-none-eabi/13.3.1/thumb/v7-m/nofp/crtbegin.o
 *(.init)
 .init          0x0800b7c4        0x4 D:/RUN PROGRAMS/STM32CubeIDE_2.0.0/STM32CubeIDE/plugins/com.st.stm32cube.ide.mcu.externaltools.gnu-tools-for-stm32.13.3.rel1.win32_1.0.100.202509120712/tools/bin/../lib/gcc/arm-none-eabi/13.3.1/thumb/v7-m/nofp/crti.o
                0x0800b7c4                _init
 .init          0x0800b7c8        0x8 D:/RUN PROGRAMS/STM32CubeIDE_2.0.0/STM32CubeIDE/plugins/com.st.stm32cube.ide.mcu.externaltools.gnu-tools-for-stm32.13.3.rel1.win32_1.0.100.202509120712/tools/bin/../lib/gcc/arm-none-eabi/13.3.1/thumb/v7-m/nofp/crtn.o
 *(.fini)
 .fini          0x0800b7d0        0x4 D:/RUN PROGRAMS/STM32CubeIDE_2.0.0/STM32CubeIDE/plugins/com.st.stm32cube.ide.mcu.externaltools.gnu-tools-for-stm32.13.3.rel1.win32_1.0.100.202509120712/tools/bin/../lib/gcc/arm-none-eabi/13.3.1/thumb/v7-m/nofp/crti.o
                0x0800b7d0                _fini
 .fini          0x0800b7d4        0x8 D:/RUN PROGRAMS/STM32CubeIDE_2.0.0/STM32CubeIDE/plugins/com.st.stm32cube.ide.mcu.externaltools.gnu-tools-for-stm32.13.3.rel1.win32_1.0.100.202509120712/tools/bin/../lib/gcc/arm-none-eabi/13.3.1/thumb/v7-m/nofp/crtn.o
                0x0800b7dc                        . = ALIGN (0x4)
                0x0800b7dc                        _etext = .

.vfp11_veneer   0x0800b7dc        0x0
 .vfp11_veneer  0x0800b7dc        0x0 linker stubs

.v4_bx          0x0800b7dc        0x0
 .v4_bx         0x0800b7dc        0x0 linker stubs

.iplt           0x0800b7dc        0x0
 .iplt          0x0800b7dc        0x0 D:/RUN PROGRAMS/STM32CubeIDE_2.0.0/STM32CubeIDE/plugins/com.st.stm32cube.ide.mcu.externaltools.gnu-tools-for-stm32.13.3.rel1.win32_1.0.100.202509120712/tools/bin/../lib/gcc/arm-none-eabi/13.3.1/thumb/v7-m/nofp/crtbegin.o

.rodata         0x0800b7e0      0x4fc
                0x0800b7e0                        . = ALIGN (0x4)
 *(.rodata)
 .rodata        0x0800b7e0      0x141 ./Core/Src/main.o
 *(.rodata*)
 *fill*         0x0800b921        0x3 
 .rodata.AHBPrescTable
                0x0800b924       0x10 ./Core/Src/system_stm32f1xx.o
                0x0800b924                AHBPrescTable
 .rodata.APBPrescTable
                0x0800b934        0x8 ./Core/Src/system_stm32f1xx.o
                0x0800b934                APBPrescTable
 .rodata.aPLLMULFactorTable.1
                0x0800b93c       0x10 ./Drivers/STM32F1xx_HAL_Driver/Src/stm32f1xx_hal_rcc.o
 .rodata.aPredivFactorTable.0
                0x0800b94c        0x2 ./Drivers/STM32F1xx_HAL_Driver/Src/stm32f1xx_hal_rcc.o
 .rodata._printf_float.str1.1
                0x0800b94e      0x171 D:/RUN PROGRAMS/STM32CubeIDE_2.0.0/STM32CubeIDE/plugins/com.st.stm32cube.ide.mcu.externaltools.gnu-tools-for-stm32.13.3.rel1.win32_1.0.100.202509120712/tools/bin/../lib/gcc/arm-none-eabi/13.3.1/../../../../arm-none-eabi/lib/thumb/v7-m/nofp\libc_nano.a(libc_a-nano-vfprintf_float.o)
                                 0x12 (size before relaxing)
 .rodata._printf_i.str1.1
                0x0800babf        0x0 D:/RUN PROGRAMS/STM32CubeIDE_2.0.0/STM32CubeIDE/plugins/com.st.stm32cube.ide.mcu.externaltools.gnu-tools-for-stm32.13.3.rel1.win32_1.0.100.202509120712/tools/bin/../lib/gcc/arm-none-eabi/13.3.1/../../../../arm-none-eabi/lib/thumb/v7-m/nofp\libc_nano.a(libc_a-nano-vfprintf_i.o)
                                 0x22 (size before relaxing)
 .rodata._dtoa_r.str1.1
                0x0800babf        0x0 D:/RUN PROGRAMS/STM32CubeIDE_2.0.0/STM32CubeIDE/plugins/com.st.stm32cube.ide.mcu.externaltools.gnu-tools-for-stm32.13.3.rel1.win32_1.0.100.202509120712/tools/bin/../lib/gcc/arm-none-eabi/13.3.1/../../../../arm-none-eabi/lib/thumb/v7-m/nofp\libc_nano.a(libc_a-dtoa.o)
                                 0x8f (size before relaxing)
 .rodata._Balloc.str1.1
                0x0800babf        0x0 D:/RUN PROGRAMS/STM32CubeIDE_2.0.0/STM32CubeIDE/plugins/com.st.stm32cube.ide.mcu.externaltools.gnu-tools-for-stm32.13.3.rel1.win32_1.0.100.202509120712/tools/bin/../lib/gcc/arm-none-eabi/13.3.1/../../../../arm-none-eabi/lib/thumb/v7-m/nofp\libc_nano.a(libc_a-mprec.o)
                                 0x70 (size before relaxing)
 .rodata.__multadd.str1.1
                0x0800babf        0x0 D:/RUN PROGRAMS/STM32CubeIDE_2.0.0/STM32CubeIDE/plugins/com.st.stm32cube.ide.mcu.externaltools.gnu-tools-for-stm32.13.3.rel1.win32_1.0.100.202509120712/tools/bin/../lib/gcc/arm-none-eabi/13.3.1/../../../../arm-none-eabi/lib/thumb/v7-m/nofp\libc_nano.a(libc_a-mprec.o)
                                 0x11 (size before relaxing)
 *fill*         0x0800babf        0x1 
 .rodata.p05.0  0x0800bac0        0xc D:/RUN PROGRAMS/STM32CubeIDE_2.0.0/STM32CubeIDE/plugins/com.st.stm32cube.ide.mcu.externaltools.gnu-tools-for-stm32.13.3.rel1.win32_1.0.100.202509120712/tools/bin/../lib/gcc/arm-none-eabi/13.3.1/../../../../arm-none-eabi/lib/thumb/v7-m/nofp\libc_nano.a(libc_a-mprec.o)
 *fill*         0x0800bacc        0x4 
 .rodata.__mprec_bigtens
                0x0800bad0       0x28 D:/RUN PROGRAMS/STM32CubeIDE_2.0.0/STM32CubeIDE/plugins/com.st.stm32cube.ide.mcu.externaltools.gnu-tools-for-stm32.13.3.rel1.win32_1.0.100.202509120712/tools/bin/../lib/gcc/arm-none-eabi/13.3.1/../../../../arm-none-eabi/lib/thumb/v7-m/nofp\libc_nano.a(libc_a-mprec.o)
                0x0800bad0                __mprec_bigtens
 .rodata.__mprec_tens
                0x0800baf8       0xc8 D:/RUN PROGRAMS/STM32CubeIDE_2.0.0/STM32CubeIDE/plugins/com.st.stm32cube.ide.mcu.externaltools.gnu-tools-for-stm32.13.3.rel1.win32_1.0.100.202509120712/tools/bin/../lib/gcc/arm-none-eabi/13.3.1/../../../../arm-none-eabi/lib/thumb/v7-m/nofp\libc_nano.a(libc_a-mprec.o)
                0x0800baf8                __mprec_tens
 .rodata._svfprintf_r.str1.1
                0x0800bbc0        0x0 D:/RUN PROGRAMS/STM32CubeIDE_2.0.0/STM32CubeIDE/plugins/com.st.stm32cube.ide.mcu.externaltools.gnu-tools-for-stm32.13.3.rel1.win32_1.0.100.202509120712/tools/bin/../lib/gcc/arm-none-eabi/13.3.1/../../../../arm-none-eabi/lib/thumb/v7-m/nofp\libc_nano.a(libc_a-nano-svfprintf.o)
                                 0x11 (size before relaxing)
 .rodata._setlocale_r.str1.1
                0x0800bbc0        0x0 D:/RUN PROGRAMS/STM32CubeIDE_2.0.0/STM32CubeIDE/plugins/com.st.stm32cube.ide.mcu.externaltools.gnu-tools-for-stm32.13.3.rel1.win32_1.0.100.202509120712/tools/bin/../lib/gcc/arm-none-eabi/13.3.1/../../../../arm-none-eabi/lib/thumb/v7-m/nofp\libc_nano.a(libc_a-locale.o)
                                  0x9 (size before relaxing)
 .rodata.str1.1
                0x0800bbc0        0x0 D:/RUN PROGRAMS/STM32CubeIDE_2.0.0/STM32CubeIDE/plugins/com.st.stm32cube.ide.mcu.externaltools.gnu-tools-for-stm32.13.3.rel1.win32_1.0.100.202509120712/tools/bin/../lib/gcc/arm-none-eabi/13.3.1/../../../../arm-none-eabi/lib/thumb/v7-m/nofp\libc_nano.a(libc_a-locale.o)
                                  0x2 (size before relaxing)
 .rodata.__assert_func.str1.1
                0x0800bbc0        0x0 D:/RUN PROGRAMS/STM32CubeIDE_2.0.0/STM32CubeIDE/plugins/com.st.stm32cube.ide.mcu.externaltools.gnu-tools-for-stm32.13.3.rel1.win32_1.0.100.202509120712/tools/bin/../lib/gcc/arm-none-eabi/13.3.1/../../../../arm-none-eabi/lib/thumb/v7-m/nofp\libc_nano.a(libc_a-assert.o)
                                 0x3d (size before relaxing)
 .rodata._ctype_
                0x0800bbc0      0x101 D:/RUN PROGRAMS/STM32CubeIDE_2.0.0/STM32CubeIDE/plugins/com.st.stm32cube.ide.mcu.externaltools.gnu-tools-for-stm32.13.3.rel1.win32_1.0.100.202509120712/tools/bin/../lib/gcc/arm-none-eabi/13.3.1/../../../../arm-none-eabi/lib/thumb/v7-m/nofp\libc_nano.a(libc_a-ctype_.o)
                0x0800bbc0                _ctype_
 .rodata._vfprintf_r.str1.1
                0x0800bcc1        0x0 D:/RUN PROGRAMS/STM32CubeIDE_2.0.0/STM32CubeIDE/plugins/com.st.stm32cube.ide.mcu.externaltools.gnu-tools-for-stm32.13.3.rel1.win32_1.0.100.202509120712/tools/bin/../lib/gcc/arm-none-eabi/13.3.1/../../../../arm-none-eabi/lib/thumb/v7-m/nofp\libc_nano.a(libc_a-nano-vfprintf.o)
                                 0x11 (size before relaxing)
 *fill*         0x0800bcc1        0x3 
 .rodata.ln2LO  0x0800bcc4        0x8 D:/RUN PROGRAMS/STM32CubeIDE_2.0.0/STM32CubeIDE/plugins/com.st.stm32cube.ide.mcu.externaltools.gnu-tools-for-stm32.13.3.rel1.win32_1.0.100.202509120712/tools/bin/../lib/gcc/arm-none-eabi/13.3.1/../../../../arm-none-eabi/lib/thumb/v7-m/nofp\libm.a(libm_a-ef_exp.o)
 .rodata.ln2HI  0x0800bccc        0x8 D:/RUN PROGRAMS/STM32CubeIDE_2.0.0/STM32CubeIDE/plugins/com.st.stm32cube.ide.mcu.externaltools.gnu-tools-for-stm32.13.3.rel1.win32_1.0.100.202509120712/tools/bin/../lib/gcc/arm-none-eabi/13.3.1/../../../../arm-none-eabi/lib/thumb/v7-m/nofp\libm.a(libm_a-ef_exp.o)
 .rodata.halF   0x0800bcd4        0x8 D:/RUN PROGRAMS/STM32CubeIDE_2.0.0/STM32CubeIDE/plugins/com.st.stm32cube.ide.mcu.externaltools.gnu-tools-for-stm32.13.3.rel1.win32_1.0.100.202509120712/tools/bin/../lib/gcc/arm-none-eabi/13.3.1/../../../../arm-none-eabi/lib/thumb/v7-m/nofp\libm.a(libm_a-ef_exp.o)
                0x0800bcdc                        . = ALIGN (0x4)

.ARM.extab      0x0800bcdc        0x0
                0x0800bcdc                        . = ALIGN (0x4)
 *(.ARM.extab* .gnu.linkonce.armextab.*)
                0x0800bcdc                        . = ALIGN (0x4)

.ARM            0x0800bcdc        0x8
                0x0800bcdc                        . = ALIGN (0x4)
                0x0800bcdc                        __exidx_start = .
 *(.ARM.exidx*)
 .ARM.exidx     0x0800bcdc        0x8 D:/RUN PROGRAMS/STM32CubeIDE_2.0.0/STM32CubeIDE/plugins/com.st.stm32cube.ide.mcu.externaltools.gnu-tools-for-stm32.13.3.rel1.win32_1.0.100.202509120712/tools/bin/../lib/gcc/arm-none-eabi/13.3.1/../../../../arm-none-eabi/lib/thumb/v7-m/nofp\libc_nano.a(libc_a-strcmp.o)
 .ARM.exidx     0x0800bce4        0x0 D:/RUN PROGRAMS/STM32CubeIDE_2.0.0/STM32CubeIDE/plugins/com.st.stm32cube.ide.mcu.externaltools.gnu-tools-for-stm32.13.3.rel1.win32_1.0.100.202509120712/tools/bin/../lib/gcc/arm-none-eabi/13.3.1/../../../../arm-none-eabi/lib/thumb/v7-m/nofp\libc_nano.a(libc_a-strlen.o)
                                  0x8 (size before relaxing)
                0x0800bce4                        __exidx_end = .
                0x0800bce4                        . = ALIGN (0x4)

.preinit_array  0x0800bce4        0x0
                0x0800bce4                        . = ALIGN (0x4)
                0x0800bce4                        PROVIDE (__preinit_array_start = .)
 *(.preinit_array*)
                0x0800bce4                        PROVIDE (__preinit_array_end = .)
                0x0800bce4                        . = ALIGN (0x4)

.init_array     0x0800bce4        0x4
                0x0800bce4                        . = ALIGN (0x4)
                0x0800bce4                        PROVIDE (__init_array_start = .)
 *(SORT_BY_NAME(.init_array.*))
 *(.init_array*)
 .init_array    0x0800bce4        0x4 D:/RUN PROGRAMS/STM32CubeIDE_2.0.0/STM32CubeIDE/plugins/com.st.stm32cube.ide.mcu.externaltools.gnu-tools-for-stm32.13.3.rel1.win32_1.0.100.202509120712/tools/bin/../lib/gcc/arm-none-eabi/13.3.1/thumb/v7-m/nofp/crtbegin.o
                0x0800bce8                        PROVIDE (__init_array_end = .)
                0x0800bce8                        . = ALIGN (0x4)

.fini_array     0x0800bce8        0x4
                0x0800bce8                        . = ALIGN (0x4)
                [!provide]                        PROVIDE (__fini_array_start = .)
 *(SORT_BY_NAME(.fini_array.*))
 *(.fini_array*)
 .fini_array    0x0800bce8        0x4 D:/RUN PROGRAMS/STM32CubeIDE_2.0.0/STM32CubeIDE/plugins/com.st.stm32cube.ide.mcu.externaltools.gnu-tools-for-stm32.13.3.rel1.win32_1.0.100.202509120712/tools/bin/../lib/gcc/arm-none-eabi/13.3.1/thumb/v7-m/nofp/crtbegin.o
                [!provide]                        PROVIDE (__fini_array_end = .)
                0x0800bcec                        . = ALIGN (0x4)
                0x0800bcec                        _sidata = LOADADDR (.data)

.rel.dyn        0x0800bcec        0x0
 .rel.iplt      0x0800bcec        0x0 D:/RUN PROGRAMS/STM32CubeIDE_2.0.0/STM32CubeIDE/plugins/com.st.stm32cube.ide.mcu.externaltools.gnu-tools-for-stm32.13.3.rel1.win32_1.0.100.202509120712/tools/bin/../lib/gcc/arm-none-eabi/13.3.1/thumb/v7-m/nofp/crtbegin.o

.data           0x20000000      0x1f0 load address 0x0800bcec
                0x20000000                        . = ALIGN (0x4)
                0x20000000                        _sdata = .
 *(.data)
 *(.data*)
 .data.Kp       0x20000000        0x4 ./Core/Src/main.o
                0x20000000                Kp
 .data.Ki       0x20000004        0x4 ./Core/Src/main.o
                0x20000004                Ki
 .data.Kd       0x20000008        0x4 ./Core/Src/main.o
                0x20000008                Kd
 .data.filtered_temp
                0x2000000c        0x4 ./Core/Src/main.o
                0x2000000c                filtered_temp
 .data.ki_is_active
                0x20000010        0x1 ./Core/Src/main.o
                0x20000010                ki_is_active
 .data.Total_Intervals
                0x20000011        0x1 ./Core/Src/main.o
                0x20000011                Total_Intervals
 .data.Current_Interval
                0x20000012        0x1 ./Core/Src/main.o
                0x20000012                Current_Interval
 .data.Setting_P_Index
                0x20000013        0x1 ./Core/Src/main.o
                0x20000013                Setting_P_Index
 .data.LCD_Needs_Update
                0x20000014        0x1 ./Core/Src/main.o
                0x20000014                LCD_Needs_Update
 .data.flash_write_ok
                0x20000015        0x1 ./Core/Src/main.o
                0x20000015                flash_write_ok
 .data.last_control_mode
                0x20000016        0x1 ./Core/Src/main.o
                0x20000016                last_control_mode
 *fill*         0x20000017        0x1 
 .data.tiot_full_power_rate_est_c_per_min
                0x20000018        0x4 ./Core/Src/main.o
                0x20000018                tiot_full_power_rate_est_c_per_min
 .data.SystemCoreClock
                0x2000001c        0x4 ./Core/Src/system_stm32f1xx.o
                0x2000001c                SystemCoreClock
 .data.uwTickPrio
                0x20000020        0x4 ./Drivers/STM32F1xx_HAL_Driver/Src/stm32f1xx_hal.o
                0x20000020                uwTickPrio
 .data.uwTickFreq
                0x20000024        0x1 ./Drivers/STM32F1xx_HAL_Driver/Src/stm32f1xx_hal.o
                0x20000024                uwTickFreq
 *fill*         0x20000025        0x3 
 .data.__sglue  0x20000028        0xc D:/RUN PROGRAMS/STM32CubeIDE_2.0.0/STM32CubeIDE/plugins/com.st.stm32cube.ide.mcu.externaltools.gnu-tools-for-stm32.13.3.rel1.win32_1.0.100.202509120712/tools/bin/../lib/gcc/arm-none-eabi/13.3.1/../../../../arm-none-eabi/lib/thumb/v7-m/nofp\libc_nano.a(libc_a-findfp.o)
                0x20000028                __sglue
 .data._impure_ptr
                0x20000034        0x4 D:/RUN PROGRAMS/STM32CubeIDE_2.0.0/STM32CubeIDE/plugins/com.st.stm32cube.ide.mcu.externaltools.gnu-tools-for-stm32.13.3.rel1.win32_1.0.100.202509120712/tools/bin/../lib/gcc/arm-none-eabi/13.3.1/../../../../arm-none-eabi/lib/thumb/v7-m/nofp\libc_nano.a(libc_a-impure.o)
                0x20000034                _impure_ptr
 .data._impure_data
                0x20000038       0x4c D:/RUN PROGRAMS/STM32CubeIDE_2.0.0/STM32CubeIDE/plugins/com.st.stm32cube.ide.mcu.externaltools.gnu-tools-for-stm32.13.3.rel1.win32_1.0.100.202509120712/tools/bin/../lib/gcc/arm-none-eabi/13.3.1/../../../../arm-none-eabi/lib/thumb/v7-m/nofp\libc_nano.a(libc_a-impure.o)
                0x20000038                _impure_data
 .data.__global_locale
                0x20000084      0x16c D:/RUN PROGRAMS/STM32CubeIDE_2.0.0/STM32CubeIDE/plugins/com.st.stm32cube.ide.mcu.externaltools.gnu-tools-for-stm32.13.3.rel1.win32_1.0.100.202509120712/tools/bin/../lib/gcc/arm-none-eabi/13.3.1/../../../../arm-none-eabi/lib/thumb/v7-m/nofp\libc_nano.a(libc_a-locale.o)
                0x20000084                __global_locale
 *(.RamFunc)
 *(.RamFunc*)
                0x200001f0                        . = ALIGN (0x4)
                0x200001f0                        _edata = .

.igot.plt       0x200001f0        0x0 load address 0x0800bedc
 .igot.plt      0x200001f0        0x0 D:/RUN PROGRAMS/STM32CubeIDE_2.0.0/STM32CubeIDE/plugins/com.st.stm32cube.ide.mcu.externaltools.gnu-tools-for-stm32.13.3.rel1.win32_1.0.100.202509120712/tools/bin/../lib/gcc/arm-none-eabi/13.3.1/thumb/v7-m/nofp/crtbegin.o
                0x200001f0                        . = ALIGN (0x4)

.bss            0x200001f0      0x3fc load address 0x0800bedc
                0x200001f0                        _sbss = .
                0x200001f0                        __bss_start__ = _sbss
 *(.bss)
 .bss           0x200001f0       0x1c D:/RUN PROGRAMS/STM32CubeIDE_2.0.0/STM32CubeIDE/plugins/com.st.stm32cube.ide.mcu.externaltools.gnu-tools-for-stm32.13.3.rel1.win32_1.0.100.202509120712/tools/bin/../lib/gcc/arm-none-eabi/13.3.1/thumb/v7-m/nofp/crtbegin.o
 *(.bss*)
 .bss.lcd       0x2000020c        0xc ./Core/Src/LiquidCrystal_I2C.o
                0x2000020c                lcd
 .bss.hi2c2     0x20000218       0x54 ./Core/Src/main.o
                0x20000218                hi2c2
 .bss.hspi1     0x2000026c       0x58 ./Core/Src/main.o
                0x2000026c                hspi1
 .bss.htim2     0x200002c4       0x48 ./Core/Src/main.o
                0x200002c4                htim2
 .bss.max31856  0x2000030c        0xc ./Core/Src/main.o
                0x2000030c                max31856
 .bss.pid_heater
                0x20000318       0x40 ./Core/Src/main.o
                0x20000318                pid_heater
 .bss.Input     0x20000358        0x4 ./Core/Src/main.o
                0x20000358                Input
 .bss.Output    0x2000035c        0x4 ./Core/Src/main.o
                0x2000035c                Output
 .bss.Setpoint  0x20000360        0x4 ./Core/Src/main.o
                0x20000360                Setpoint
 .bss.windowStartTime
                0x20000364        0x4 ./Core/Src/main.o
                0x20000364                windowStartTime
 .bss.active_output
                0x20000368        0x4 ./Core/Src/main.o
                0x20000368                active_output
 .bss.raw_temp  0x2000036c        0x4 ./Core/Src/main.o
                0x2000036c                raw_temp
 .bss.last_setpoint
                0x20000370        0x4 ./Core/Src/main.o
                0x20000370                last_setpoint
 .bss.max31856_fault_bits
                0x20000374        0x1 ./Core/Src/main.o
                0x20000374                max31856_fault_bits
 .bss.invalid_temp_count
                0x20000375        0x1 ./Core/Src/main.o
                0x20000375                invalid_temp_count
 .bss.valid_recovery_count
                0x20000376        0x1 ./Core/Src/main.o
                0x20000376                valid_recovery_count
 .bss.sensor_has_valid_sample
                0x20000377        0x1 ./Core/Src/main.o
                0x20000377                sensor_has_valid_sample
 .bss.max31856_ready
                0x20000378        0x1 ./Core/Src/main.o
                0x20000378                max31856_ready
 .bss.Control_Fault
                0x20000379        0x1 ./Core/Src/main.o
                0x20000379                Control_Fault
 *fill*         0x2000037a        0x2 
 .bss.last_time_PA8
                0x2000037c        0x4 ./Core/Src/main.o
                0x2000037c                last_time_PA8
 .bss.last_time_PA9
                0x20000380        0x4 ./Core/Src/main.o
                0x20000380                last_time_PA9
 .bss.last_time_PA10
                0x20000384        0x4 ./Core/Src/main.o
                0x20000384                last_time_PA10
 .bss.last_time_PA11
                0x20000388        0x4 ./Core/Src/main.o
                0x20000388                last_time_PA11
 .bss.last_time_PB15
                0x2000038c        0x4 ./Core/Src/main.o
                0x2000038c                last_time_PB15
 .bss.button_setting
                0x20000390        0x1 ./Core/Src/main.o
                0x20000390                button_setting
 .bss.button_redirect
                0x20000391        0x1 ./Core/Src/main.o
                0x20000391                button_redirect
 .bss.button_select
                0x20000392        0x1 ./Core/Src/main.o
                0x20000392                button_select
 .bss.button_tang
                0x20000393        0x1 ./Core/Src/main.o
                0x20000393                button_tang
 .bss.button_giam
                0x20000394        0x1 ./Core/Src/main.o
                0x20000394                button_giam
 *fill*         0x20000395        0x3 
 .bss.Intervals
                0x20000398       0x48 ./Core/Src/main.o
                0x20000398                Intervals
 .bss.System_Run_State
                0x200003e0        0x1 ./Core/Src/main.o
                0x200003e0                System_Run_State
 .bss.Current_UI_State
                0x200003e1        0x1 ./Core/Src/main.o
                0x200003e1                Current_UI_State
 *fill*         0x200003e2        0x2 
 .bss.Run_Total_Seconds
                0x200003e4        0x4 ./Core/Src/main.o