Archive member included to satisfy reference by file (symbol)

D:/RUN PROGRAMS/STM32CubeIDE_2.0.0/STM32CubeIDE/plugins/com.st.stm32cube.ide.mcu.externaltools.gnu-tools-for-stm32.13.3.rel1.win32_1.0.100.202509120712/tools/bin/../lib/gcc/arm-none-eabi/13.3.1/../../../../arm-none-eabi/lib/thumb/v7-m/nofp\libc_nano.a(libc_a-exit.o)
                              D:/RUN PROGRAMS/STM32CubeIDE_2.0.0/STM32CubeIDE/plugins/com.st.stm32cube.ide.mcu.externaltools.gnu-tools-for-stm32.13.3.rel1.win32_1.0.100.202509120712/tools/bin/../lib/gcc/arm-none-eabi/13.3.1/../../../../arm-none-eabi/lib/thumb/v7-m/nofp/crt0.o (exit)
D:/RUN PROGRAMS/STM32CubeIDE_2.0.0/STM32CubeIDE/plugins/com.st.stm32cube.ide.mcu.externaltools.gnu-tools-for-stm32.13.3.rel1.win32_1.0.100.202509120712/tools/bin/../lib/gcc/arm-none-eabi/13.3.1/../../../../arm-none-eabi/lib/thumb/v7-m/nofp\libc_nano.a(libc_a-nano-vfprintf_float.o)
                              (_printf_float)
D:/RUN PROGRAMS/STM32CubeIDE_2.0.0/STM32CubeIDE/plugins/com.st.stm32cube.ide.mcu.externaltools.gnu-tools-for-stm32.13.3.rel1.win32_1.0.100.202509120712/tools/bin/../lib/gcc/arm-none-eabi/13.3.1/../../../../arm-none-eabi/lib/thumb/v7-m/nofp\libc_nano.a(libc_a-nano-vfprintf_i.o)
                              D:/RUN PROGRAMS/STM32CubeIDE_2.0.0/STM32CubeIDE/plugins/com.st.stm32cube.ide.mcu.externaltools.gnu-tools-for-stm32.13.3.rel1.win32_1.0.100.202509120712/tools/bin/../lib/gcc/arm-none-eabi/13.3.1/../../../../arm-none-eabi/lib/thumb/v7-m/nofp\libc_nano.a(libc_a-nano-vfprintf_float.o) (_printf_common)
D:/RUN PROGRAMS/STM32CubeIDE_2.0.0/STM32CubeIDE/plugins/com.st.stm32cube.ide.mcu.externaltools.gnu-tools-for-stm32.13.3.rel1.win32_1.0.100.202509120712/tools/bin/../lib/gcc/arm-none-eabi/13.3.1/../../../../arm-none-eabi/lib/thumb/v7-m/nofp\libc_nano.a(libc_a-findfp.o)
                              D:/RUN PROGRAMS/STM32CubeIDE_2.0.0/STM32CubeIDE/plugins/com.st.stm32cube.ide.mcu.externaltools.gnu-tools-for-stm32.13.3.rel1.win32_1.0.100.202509120712/tools/bin/../lib/gcc/arm-none-eabi/13.3.1/../../../../arm-none-eabi/lib/thumb/v7-m/nofp\libc_nano.a(libc_a-exit.o) (__stdio_exit_handler)
D:/RUN PROGRAMS/STM32CubeIDE_2.0.0/STM32CubeIDE/plugins/com.st.stm32cube.ide.mcu.externaltools.gnu-tools-for-stm32.13.3.rel1.win32_1.0.100.202509120712/tools/bin/../lib/gcc/arm-none-eabi/13.3.1/../../../../arm-none-eabi/lib/thumb/v7-m/nofp\libc_nano.a(libc_a-fwalk.o)
                              D:/RUN PROGRAMS/STM32CubeIDE_2.0.0/STM32CubeIDE/plugins/com.st.stm32cube.ide.mcu.externaltools.gnu-tools-for-stm32.13.3.rel1.win32_1.0.100.202509120712/tools/bin/../lib/gcc/arm-none-eabi/13.3.1/../../../../arm-none-eabi/lib/thumb/v7-m/nofp\libc_nano.a(libc_a-findfp.o) (_fwalk_sglue)
D:/RUN PROGRAMS/STM32CubeIDE_2.0.0/STM32CubeIDE/plugins/com.st.stm32cube.ide.mcu.externaltools.gnu-tools-for-stm32.13.3.rel1.win32_1.0.100.202509120712/tools/bin/../lib/gcc/arm-none-eabi/13.3.1/../../../../arm-none-eabi/lib/thumb/v7-m/nofp\libc_nano.a(libc_a-snprintf.o)
                              ./Core/Src/LiquidCrystal_I2C.o (snprintf)
D:/RUN PROGRAMS/STM32CubeIDE_2.0.0/STM32CubeIDE/plugins/com.st.stm32cube.ide.mcu.externaltools.gnu-tools-for-stm32.13.3.rel1.win32_1.0.100.202509120712/tools/bin/../lib/gcc/arm-none-eabi/13.3.1/../../../../arm-none-eabi/lib/thumb/v7-m/nofp\libc_nano.a(libc_a-stdio.o)
                              D:/RUN PROGRAMS/STM32CubeIDE_2.0.0/STM32CubeIDE/plugins/com.st.stm32cube.ide.mcu.externaltools.gnu-tools-for-stm32.13.3.rel1.win32_1.0.100.202509120712/tools/bin/../lib/gcc/arm-none-eabi/13.3.1/../../../../arm-none-eabi/lib/thumb/v7-m/nofp\libc_nano.a(libc_a-findfp.o) (__sread)
D:/RUN PROGRAMS/STM32CubeIDE_2.0.0/STM32CubeIDE/plugins/com.st.stm32cube.ide.mcu.externaltools.gnu-tools-for-stm32.13.3.rel1.win32_1.0.100.202509120712/tools/bin/../lib/gcc/arm-none-eabi/13.3.1/../../../../arm-none-eabi/lib/thumb/v7-m/nofp\libc_nano.a(libc_a-memset.o)
                              D:/RUN PROGRAMS/STM32CubeIDE_2.0.0/STM32CubeIDE/plugins/com.st.stm32cube.ide.mcu.externaltools.gnu-tools-for-stm32.13.3.rel1.win32_1.0.100.202509120712/tools/bin/../lib/gcc/arm-none-eabi/13.3.1/../../../../arm-none-eabi/lib/thumb/v7-m/nofp/crt0.o (memset)
D:/RUN PROGRAMS/STM32CubeIDE_2.0.0/STM32CubeIDE/plugins/com.st.stm32cube.ide.mcu.externaltools.gnu-tools-for-stm32.13.3.rel1.win32_1.0.100.202509120712/tools/bin/../lib/gcc/arm-none-eabi/13.3.1/../../../../arm-none-eabi/lib/thumb/v7-m/nofp\libc_nano.a(libc_a-localeconv.o)
                              D:/RUN PROGRAMS/STM32CubeIDE_2.0.0/STM32CubeIDE/plugins/com.st.stm32cube.ide.mcu.externaltools.gnu-tools-for-stm32.13.3.rel1.win32_1.0.100.202509120712/tools/bin/../lib/gcc/arm-none-eabi/13.3.1/../../../../arm-none-eabi/lib/thumb/v7-m/nofp\libc_nano.a(libc_a-nano-vfprintf_float.o) (_localeconv_r)
[...]
Memory Configuration

Name             Origin             Length             Attributes
RAM              0x20000000         0x00005000         xrw
FLASH            0x08000000         0x00010000         xr
*default*        0x00000000         0xffffffff

Linker script and memory map

LOAD D:/RUN PROGRAMS/STM32CubeIDE_2.0.0/STM32CubeIDE/plugins/com.st.stm32cube.ide.mcu.externaltools.gnu-tools-for-stm32.13.3.rel1.win32_1.0.100.202509120712/tools/bin/../lib/gcc/arm-none-eabi/13.3.1/thumb/v7-m/nofp/crti.o
LOAD D:/RUN PROGRAMS/STM32CubeIDE_2.0.0/STM32CubeIDE/plugins/com.st.stm32cube.ide.mcu.externaltools.gnu-tools-for-stm32.13.3.rel1.win32_1.0.100.202509120712/tools/bin/../lib/gcc/arm-none-eabi/13.3.1/thumb/v7-m/nofp/crtbegin.o
LOAD D:/RUN PROGRAMS/STM32CubeIDE_2.0.0/STM32CubeIDE/plugins/com.st.stm32cube.ide.mcu.externaltools.gnu-tools-for-stm32.13.3.rel1.win32_1.0.100.202509120712/tools/bin/../lib/gcc/arm-none-eabi/13.3.1/../../../../arm-none-eabi/lib/thumb/v7-m/nofp/crt0.o
LOAD ./Core/Src/LiquidCrystal_I2C.o
LOAD ./Core/Src/MAX31856.o
LOAD ./Core/Src/PID_Controller.o
LOAD ./Core/Src/main.o
LOAD ./Core/Src/stm32f1xx_hal_msp.o
LOAD ./Core/Src/stm32f1xx_it.o
LOAD ./Core/Src/syscalls.o
LOAD ./Core/Src/sysmem.o
LOAD ./Core/Src/system_stm32f1xx.o
LOAD ./Core/Startup/startup_stm32f103c8tx.o
LOAD ./Drivers/STM32F1xx_HAL_Driver/Src/stm32f1xx_hal.o
LOAD ./Drivers/STM32F1xx_HAL_Driver/Src/stm32f1xx_hal_cortex.o
LOAD ./Drivers/STM32F1xx_HAL_Driver/Src/stm32f1xx_hal_dma.o
LOAD ./Drivers/STM32F1xx_HAL_Driver/Src/stm32f1xx_hal_exti.o
LOAD ./Drivers/STM32F1xx_HAL_Driver/Src/stm32f1xx_hal_flash.o
LOAD ./Drivers/STM32F1xx_HAL_Driver/Src/stm32f1xx_hal_flash_ex.o
LOAD ./Drivers/STM32F1xx_HAL_Driver/Src/stm32f1xx_hal_gpio.o
LOAD ./Drivers/STM32F1xx_HAL_Driver/Src/stm32f1xx_hal_gpio_ex.o
LOAD ./Drivers/STM32F1xx_HAL_Driver/Src/stm32f1xx_hal_i2c.o
LOAD ./Drivers/STM32F1xx_HAL_Driver/Src/stm32f1xx_hal_pwr.o
LOAD ./Drivers/STM32F1xx_HAL_Driver/Src/stm32f1xx_hal_rcc.o
LOAD ./Drivers/STM32F1xx_HAL_Driver/Src/stm32f1xx_hal_rcc_ex.o
LOAD ./Drivers/STM32F1xx_HAL_Driver/Src/stm32f1xx_hal_spi.o
LOAD ./Drivers/STM32F1xx_HAL_Driver/Src/stm32f1xx_hal_tim.o
LOAD ./Drivers/STM32F1xx_HAL_Driver/Src/stm32f1xx_hal_tim_ex.o
START GROUP
LOAD D:/RUN PROGRAMS/STM32CubeIDE_2.0.0/STM32CubeIDE/plugins/com.st.stm32cube.ide.mcu.externaltools.gnu-tools-for-stm32.13.3.rel1.win32_1.0.100.202509120712/tools/bin/../lib/gcc/arm-none-eabi/13.3.1/../../../../arm-none-eabi/lib/thumb/v7-m/nofp\libc_nano.a
LOAD D:/RUN PROGRAMS/STM32CubeIDE_2.0.0/STM32CubeIDE/plugins/com.st.stm32cube.ide.mcu.externaltools.gnu-tools-for-stm32.13.3.rel1.win32_1.0.100.202509120712/tools/bin/../lib/gcc/arm-none-eabi/13.3.1/../../../../arm-none-eabi/lib/thumb/v7-m/nofp\libm.a
END GROUP
START GROUP
LOAD D:/RUN PROGRAMS/STM32CubeIDE_2.0.0/STM32CubeIDE/plugins/com.st.stm32cube.ide.mcu.externaltools.gnu-tools-for-stm32.13.3.rel1.win32_1.0.100.202509120712/tools/bin/../lib/gcc/arm-none-eabi/13.3.1/thumb/v7-m/nofp\libgcc.a
LOAD D:/RUN PROGRAMS/STM32CubeIDE_2.0.0/STM32CubeIDE/plugins/com.st.stm32cube.ide.mcu.externaltools.gnu-tools-for-stm32.13.3.rel1.win32_1.0.100.202509120712/tools/bin/../lib/gcc/arm-none-eabi/13.3.1/../../../../arm-none-eabi/lib/thumb/v7-m/nofp\libc_nano.a
END GROUP
START GROUP
LOAD D:/RUN PROGRAMS/STM32CubeIDE_2.0.0/STM32CubeIDE/plugins/com.st.stm32cube.ide.mcu.externaltools.gnu-tools-for-stm32.13.3.rel1.win32_1.0.100.202509120712/tools/bin/../lib/gcc/arm-none-eabi/13.3.1/thumb/v7-m/nofp\libgcc.a
LOAD D:/RUN PROGRAMS/STM32CubeIDE_2.0.0/STM32CubeIDE/plugins/com.st.stm32cube.ide.mcu.externaltools.gnu-tools-for-stm32.13.3.rel1.win32_1.0.100.202509120712/tools/bin/../lib/gcc/arm-none-eabi/13.3.1/../../../../arm-none-eabi/lib/thumb/v7-m/nofp\libc_nano.a
LOAD D:/RUN PROGRAMS/STM32CubeIDE_2.0.0/STM32CubeIDE/plugins/com.st.stm32cube.ide.mcu.externaltools.gnu-tools-for-stm32.13.3.rel1.win32_1.0.100.202509120712/tools/bin/../lib/gcc/arm-none-eabi/13.3.1/../../../../arm-none-eabi/lib/thumb/v7-m/nofp\libnosys.a
END GROUP
START GROUP
LOAD D:/RUN PROGRAMS/STM32CubeIDE_2.0.0/STM32CubeIDE/plugins/com.st.stm32cube.ide.mcu.externaltools.gnu-tools-for-stm32.13.3.rel1.win32_1.0.100.202509120712/tools/bin/../lib/gcc/arm-none-eabi/13.3.1/thumb/v7-m/nofp\libgcc.a
LOAD D:/RUN PROGRAMS/STM32CubeIDE_2.0.0/STM32CubeIDE/plugins/com.st.stm32cube.ide.mcu.externaltools.gnu-tools-for-stm32.13.3.rel1.win32_1.0.100.202509120712/tools/bin/../lib/gcc/arm-none-eabi/13.3.1/../../../../arm-none-eabi/lib/thumb/v7-m/nofp\libc_nano.a
LOAD D:/RUN PROGRAMS/STM32CubeIDE_2.0.0/STM32CubeIDE/plugins/com.st.stm32cube.ide.mcu.externaltools.gnu-tools-for-stm32.13.3.rel1.win32_1.0.100.202509120712/tools/bin/../lib/gcc/arm-none-eabi/13.3.1/../../../../arm-none-eabi/lib/thumb/v7-m/nofp\libnosys.a
END GROUP
LOAD D:/RUN PROGRAMS/STM32CubeIDE_2.0.0/STM32CubeIDE/plugins/com.st.stm32cube.ide.mcu.externaltools.gnu-tools-for-stm32.13.3.rel1.win32_1.0.100.202509120712/tools/bin/../lib/gcc/arm-none-eabi/13.3.1/thumb/v7-m/nofp/crtend.o
LOAD D:/RUN PROGRAMS/STM32CubeIDE_2.0.0/STM32CubeIDE/plugins/com.st.stm32cube.ide.mcu.externaltools.gnu-tools-for-stm32.13.3.rel1.win32_1.0.100.202509120712/tools/bin/../lib/gcc/arm-none-eabi/13.3.1/thumb/v7-m/nofp/crtn.o
                0x20005000                        _estack = (ORIGIN (RAM) + LENGTH (RAM))
                0x00000200                        _Min_Heap_Size = 0x200
                0x00000400                        _Min_Stack_Size = 0x400

.isr_vector     0x08000000      0x10c
                0x08000000                        . = ALIGN (0x4)
 *(.isr_vector)
 .isr_vector    0x08000000      0x10c ./Core/Startup/startup_stm32f103c8tx.o
                0x08000000                g_pfnVectors
                0x0800010c                        . = ALIGN (0x4)

.text           0x08000110     0xafd4
                0x08000110                        . = ALIGN (0x4)
 *(.text)
 .text          0x08000110       0x40 D:/RUN PROGRAMS/STM32CubeIDE_2.0.0/STM32CubeIDE/plugins/com.st.stm32cube.ide.mcu.externaltools.gnu-tools-for-stm32.13.3.rel1.win32_1.0.100.202509120712/tools/bin/../lib/gcc/arm-none-eabi/13.3.1/thumb/v7-m/nofp/crtbegin.o
 .text          0x08000150       0x14 D:/RUN PROGRAMS/STM32CubeIDE_2.0.0/STM32CubeIDE/plugins/com.st.stm32cube.ide.mcu.externaltools.gnu-tools-for-stm32.13.3.rel1.win32_1.0.100.202509120712/tools/bin/../lib/gcc/arm-none-eabi/13.3.1/../../../../arm-none-eabi/lib/thumb/v7-m/nofp\libc_nano.a(libc_a-strcmp.o)
                0x08000150                strcmp
 .text          0x08000164       0x10 D:/RUN PROGRAMS/STM32CubeIDE_2.0.0/STM32CubeIDE/plugins/com.st.stm32cube.ide.mcu.externaltools.gnu-tools-for-stm32.13.3.rel1.win32_1.0.100.202509120712/tools/bin/../lib/gcc/arm-none-eabi/13.3.1/../../../../arm-none-eabi/lib/thumb/v7-m/nofp\libc_nano.a(libc_a-strlen.o)
                0x08000164                strlen
 .text          0x08000174      0x378 D:/RUN PROGRAMS/STM32CubeIDE_2.0.0/STM32CubeIDE/plugins/com.st.stm32cube.ide.mcu.externaltools.gnu-tools-for-stm32.13.3.rel1.win32_1.0.100.202509120712/tools/bin/../lib/gcc/arm-none-eabi/13.3.1/thumb/v7-m/nofp\libgcc.a(_arm_addsubdf3.o)
                0x08000174                __aeabi_drsub
                0x0800017c                __aeabi_dsub
                0x0800017c                __subdf3
                0x08000180                __aeabi_dadd
                0x08000180                __adddf3
                0x080003f8                __floatunsidf
                0x080003f8                __aeabi_ui2d
                0x08000418                __floatsidf
                0x08000418                __aeabi_i2d
                0x0800043c                __aeabi_f2d
                0x0800043c                __extendsfdf2
                0x08000480                __floatundidf
                0x08000480                __aeabi_ul2d
                0x08000490                __floatdidf
                0x08000490                __aeabi_l2d
 .text          0x080004ec      0x424 D:/RUN PROGRAMS/STM32CubeIDE_2.0.0/STM32CubeIDE/plugins/com.st.stm32cube.ide.mcu.externaltools.gnu-tools-for-stm32.13.3.rel1.win32_1.0.100.202509120712/tools/bin/../lib/gcc/arm-none-eabi/13.3.1/thumb/v7-m/nofp\libgcc.a(_arm_muldivdf3.o)
                0x080004ec                __aeabi_dmul
                0x080004ec                __muldf3
                0x08000740                __divdf3
                0x08000740                __aeabi_ddiv
 .text          0x08000910      0x110 D:/RUN PROGRAMS/STM32CubeIDE_2.0.0/STM32CubeIDE/plugins/com.st.stm32cube.ide.mcu.externaltools.gnu-tools-for-stm32.13.3.rel1.win32_1.0.100.202509120712/tools/bin/../lib/gcc/arm-none-eabi/13.3.1/thumb/v7-m/nofp\libgcc.a(_arm_cmpdf2.o)
                0x08000910                __gtdf2
                0x08000910                __gedf2
                0x08000918                __ltdf2
                0x08000918                __ledf2
                0x08000920                __nedf2
                0x08000920                __eqdf2
                0x08000920                __cmpdf2
                0x0800099c                __aeabi_cdrcmple
                0x080009ac                __aeabi_cdcmpeq
                0x080009ac                __aeabi_cdcmple
                0x080009bc                __aeabi_dcmpeq
                0x080009d0                __aeabi_dcmplt
                0x080009e4                __aeabi_dcmple
                0x080009f8                __aeabi_dcmpge
                0x08000a0c                __aeabi_dcmpgt
 .text          0x08000a20       0x2c D:/RUN PROGRAMS/STM32CubeIDE_2.0.0/STM32CubeIDE/plugins/com.st.stm32cube.ide.mcu.externaltools.gnu-tools-for-stm32.13.3.rel1.win32_1.0.100.202509120712/tools/bin/../lib/gcc/arm-none-eabi/13.3.1/thumb/v7-m/nofp\libgcc.a(_arm_unorddf2.o)
                0x08000a20                __unorddf2
                0x08000a20                __aeabi_dcmpun
 .text          0x08000a4c       0x50 D:/RUN PROGRAMS/STM32CubeIDE_2.0.0/STM32CubeIDE/plugins/com.st.stm32cube.ide.mcu.externaltools.gnu-tools-for-stm32.13.3.rel1.win32_1.0.100.202509120712/tools/bin/../lib/gcc/arm-none-eabi/13.3.1/thumb/v7-m/nofp\libgcc.a(_arm_fixdfsi.o)
                0x08000a4c                __aeabi_d2iz
                0x08000a4c                __fixdfsi
 .text          0x08000a9c      0x21c D:/RUN PROGRAMS/STM32CubeIDE_2.0.0/STM32CubeIDE/plugins/com.st.stm32cube.ide.mcu.externaltools.gnu-tools-for-stm32.13.3.rel1.win32_1.0.100.202509120712/tools/bin/../lib/gcc/arm-none-eabi/13.3.1/thumb/v7-m/nofp\libgcc.a(_arm_addsubsf3.o)
                0x08000a9c                __aeabi_frsub
                0x08000aa4                __subsf3
                0x08000aa4                __aeabi_fsub
                0x08000aa8                __aeabi_fadd
                0x08000aa8                __addsf3
                0x08000c08                __aeabi_ui2f
                0x08000c08                __floatunsisf
                0x08000c10                __aeabi_i2f
                0x08000c10                __floatsisf
                0x08000c2c                __aeabi_ul2f
                0x08000c2c                __floatundisf
                0x08000c3c                __aeabi_l2f
                0x08000c3c                __floatdisf
 .text          0x08000cb8      0x2a0 D:/RUN PROGRAMS/STM32CubeIDE_2.0.0/STM32CubeIDE/plugins/com.st.stm32cube.ide.mcu.externaltools.gnu-tools-for-stm32.13.3.rel1.win32_1.0.100.202509120712/tools/bin/../lib/gcc/arm-none-eabi/13.3.1/thumb/v7-m/nofp\libgcc.a(_arm_muldivsf3.o)
                0x08000cb8                __mulsf3
                0x08000cb8                __aeabi_fmul
                0x08000e20                __aeabi_fdiv
                0x08000e20                __divsf3
 .text          0x08000f58       0xec D:/RUN PROGRAMS/STM32CubeIDE_2.0.0/STM32CubeIDE/plugins/com.st.stm32cube.ide.mcu.externaltools.gnu-tools-for-stm32.13.3.rel1.win32_1.0.100.202509120712/tools/bin/../lib/gcc/arm-none-eabi/13.3.1/thumb/v7-m/nofp\libgcc.a(_arm_cmpsf2.o)
                0x08000f58                __gesf2
                0x08000f58                __gtsf2
                0x08000f60                __lesf2
                0x08000f60                __ltsf2
                0x08000f68                __nesf2
                0x08000f68                __eqsf2
                0x08000f68                __cmpsf2
                0x08000fc8                __aeabi_cfrcmple
                0x08000fd0                __aeabi_cfcmpeq
                0x08000fd0                __aeabi_cfcmple
                0x08000fe0                __aeabi_fcmpeq
                0x08000ff4                __aeabi_fcmplt
                0x08001008                __aeabi_fcmple
                0x0800101c                __aeabi_fcmpge
                0x08001030                __aeabi_fcmpgt
 .text          0x08001044       0x2c D:/RUN PROGRAMS/STM32CubeIDE_2.0.0/STM32CubeIDE/plugins/com.st.stm32cube.ide.mcu.externaltools.gnu-tools-for-stm32.13.3.rel1.win32_1.0.100.202509120712/tools/bin/../lib/gcc/arm-none-eabi/13.3.1/thumb/v7-m/nofp\libgcc.a(_arm_unordsf2.o)
                0x08001044                __unordsf2
                0x08001044                __aeabi_fcmpun
 .text          0x08001070       0x4c D:/RUN PROGRAMS/STM32CubeIDE_2.0.0/STM32CubeIDE/plugins/com.st.stm32cube.ide.mcu.externaltools.gnu-tools-for-stm32.13.3.rel1.win32_1.0.100.202509120712/tools/bin/../lib/gcc/arm-none-eabi/13.3.1/thumb/v7-m/nofp\libgcc.a(_arm_fixsfsi.o)
                0x08001070                __aeabi_f2iz
                0x08001070                __fixsfsi
 .text          0x080010bc       0x40 D:/RUN PROGRAMS/STM32CubeIDE_2.0.0/STM32CubeIDE/plugins/com.st.stm32cube.ide.mcu.externaltools.gnu-tools-for-stm32.13.3.rel1.win32_1.0.100.202509120712/tools/bin/../lib/gcc/arm-none-eabi/13.3.1/thumb/v7-m/nofp\libgcc.a(_arm_fixunssfsi.o)
                0x080010bc                __fixunssfsi
                0x080010bc                __aeabi_f2uiz
 *(.text*)
 .text.LCDI2C_init
                0x080010fc       0xdc ./Core/Src/LiquidCrystal_I2C.o
                0x080010fc                LCDI2C_init
 .text.LCDI2C_clear
                0x080011d8       0x14 ./Core/Src/LiquidCrystal_I2C.o
                0x080011d8                LCDI2C_clear
 .text.LCDI2C_display
                0x080011ec       0x2c ./Core/Src/LiquidCrystal_I2C.o
                0x080011ec                LCDI2C_display
 .text.LCDI2C_noBlink
                0x08001218       0x2c ./Core/Src/LiquidCrystal_I2C.o
                0x08001218                LCDI2C_noBlink
 .text.LCDI2C_blink
                0x08001244       0x2c ./Core/Src/LiquidCrystal_I2C.o
                0x08001244                LCDI2C_blink
 .text.LCDI2C_backlight
                0x08001270       0x18 ./Core/Src/LiquidCrystal_I2C.o
                0x08001270                LCDI2C_backlight
 .text.LCDI2C_setCursor
                0x08001288       0x58 ./Core/Src/LiquidCrystal_I2C.o
                0x08001288                LCDI2C_setCursor
 .text.LCDI2C_command
                0x080012e0       0x1c ./Core/Src/LiquidCrystal_I2C.o
                0x080012e0                LCDI2C_command
 .text.LCDI2C_write
                0x080012fc       0x1c ./Core/Src/LiquidCrystal_I2C.o
                0x080012fc                LCDI2C_write
 .text.LCDI2C_write_String
                0x08001318       0x2a ./Core/Src/LiquidCrystal_I2C.o
                0x08001318                LCDI2C_write_String
 .text.LCDI2C_send
                0x08001342       0x42 ./Core/Src/LiquidCrystal_I2C.o
                0x08001342                LCDI2C_send
 .text.LCDI2C_write4bits
                0x08001384       0x22 ./Core/Src/LiquidCrystal_I2C.o
                0x08001384                LCDI2C_write4bits
 *fill*         0x080013a6        0x2 
 .text.LCDI2C_expanderWrite
                0x080013a8       0x3c ./Core/Src/LiquidCrystal_I2C.o
                0x080013a8                LCDI2C_expanderWrite
 .text.LCDI2C_pulseEnable
                0x080013e4       0x2e ./Core/Src/LiquidCrystal_I2C.o
                0x080013e4                LCDI2C_pulseEnable
 .text.LCDI2C_blink_on
                0x08001412        0xc ./Core/Src/LiquidCrystal_I2C.o
                0x08001412                LCDI2C_blink_on
 .text.LCDI2C_blink_off
                0x0800141e        0xc ./Core/Src/LiquidCrystal_I2C.o
                0x0800141e                LCDI2C_blink_off
 .text.MAX31856_WriteRegister8
                0x0800142a       0x5a ./Core/Src/MAX31856.o
 .text.MAX31856_ReadRegisterN
                0x08001484       0x6a ./Core/Src/MAX31856.o
 .text.MAX31856_ReadRegister8
                0x080014ee       0x28 ./Core/Src/MAX31856.o
 .text.MAX31856_ReadRegister24
                0x08001516       0x56 ./Core/Src/MAX31856.o
 .text.MAX31856_Init
                0x0800156c       0x84 ./Core/Src/MAX31856.o
                0x0800156c                MAX31856_Init
 .text.MAX31856_SetConversionMode
                0x080015f0       0x5c ./Core/Src/MAX31856.o
                0x080015f0                MAX31856_SetConversionMode
 .text.MAX31856_SetThermocoupleType
                0x0800164c       0x48 ./Core/Src/MAX31856.o
                0x0800164c                MAX31856_SetThermocoupleType
 .text.MAX31856_ReadFault
                0x08001694       0x1a ./Core/Src/MAX31856.o
                0x08001694                MAX31856_ReadFault
 .text.MAX31856_SetNoiseFilter
                0x080016ae       0x44 ./Core/Src/MAX31856.o
                0x080016ae                MAX31856_SetNoiseFilter
 .text.MAX31856_TriggerOneShot
                0x080016f2       0x42 ./Core/Src/MAX31856.o
                0x080016f2                MAX31856_TriggerOneShot
 .text.MAX31856_ConversionComplete
                0x08001734       0x34 ./Core/Src/MAX31856.o
                0x08001734                MAX31856_ConversionComplete
 .text.MAX31856_ReadThermocoupleTemperature
                0x08001768       0x8c ./Core/Src/MAX31856.o
                0x08001768                MAX31856_ReadThermocoupleTemperature
 .text.PID_Initialize
                0x080017f4       0x7a ./Core/Src/PID_Controller.o
 *fill*         0x0800186e        0x2 
 .text.PID_Init
                0x08001870       0x7c ./Core/Src/PID_Controller.o
                0x08001870                PID_Init
 .text.PID_Compute
                0x080018ec      0x1b0 ./Core/Src/PID_Controller.o
                0x080018ec                PID_Compute
 .text.PID_SetTunings
                0x08001a9c      0x108 ./Core/Src/PID_Controller.o
                0x08001a9c                PID_SetTunings
 .text.PID_SetSampleTime
                0x08001ba4       0x6e ./Core/Src/PID_Controller.o
                0x08001ba4                PID_SetSampleTime
 .text.PID_SetOutputLimits
                0x08001c12       0xca ./Core/Src/PID_Controller.o
                0x08001c12                PID_SetOutputLimits
 .text.PID_SetMode
                0x08001cdc       0x48 ./Core/Src/PID_Controller.o
                0x08001cdc                PID_SetMode
 .text.PID_SetControllerDirection
                0x08001d24       0x76 ./Core/Src/PID_Controller.o
                0x08001d24                PID_SetControllerDirection
 .text.PID_GetKp
                0x08001d9a       0x16 ./Core/Src/PID_Controller.o
                0x08001d9a                PID_GetKp
 .text.PID_GetKi
                0x08001db0       0x16 ./Core/Src/PID_Controller.o
                0x08001db0                PID_GetKi
 .text.PID_GetKd
                0x08001dc6       0x16 ./Core/Src/PID_Controller.o
                0x08001dc6                PID_GetKd
 .text.PID_GetMode
                0x08001ddc       0x16 ./Core/Src/PID_Controller.o
                0x08001ddc                PID_GetMode
 *fill*         0x08001df2        0x2 
 .text.HAL_GPIO_EXTI_Callback
                0x08001df4       0xec ./Core/Src/main.o
                0x08001df4                HAL_GPIO_EXTI_Callback
 .text.HAL_TIM_PeriodElapsedCallback
                0x08001ee0       0x60 ./Core/Src/main.o
                0x08001ee0                HAL_TIM_PeriodElapsedCallback
 .text.Copy_To_LCD_Row
                0x08001f40       0x2e ./Core/Src/main.o
 *fill*         0x08001f6e        0x2 
 .text.Interval_Duration_Seconds
                0x08001f70       0x58 ./Core/Src/main.o
 .text.Sanitize_Settings
                0x08001fc8       0xb8 ./Core/Src/main.o
 .text.Commit_Pending_Edit
                0x08002080       0xd8 ./Core/Src/main.o
 .text.Stop_Heating_Control
                0x08002158       0xdc ./Core/Src/main.o
 .text.Trip_Control_Fault
                0x08002234       0x3c ./Core/Src/main.o
 .text.Start_Profile
                0x08002270      0x1b4 ./Core/Src/main.o
 .text.Advance_Profile_If_Needed
                0x08002424      0x134 ./Core/Src/main.o
 .text.Calculate_Profile_Setpoint
                0x08002558       0xec ./Core/Src/main.o
 .text.TIOT_Target_Reached
                0x08002644      0x110 ./Core/Src/main.o
 .text.Calculate_TIOT_Control_Setpoint
                0x08002754      0x294 ./Core/Src/main.o
 .text.Update_TIOT_Rate_Estimate
                0x080029e8      0x17c ./Core/Src/main.o
 .text.Limit_TIOT_Output
                0x08002b64      0x458 ./Core/Src/main.o
 .text.Reset_MT_Control
                0x08002fbc       0xd4 ./Core/Src/main.o
 .text.Update_Temperature_Rate
                0x08003090      0x18c ./Core/Src/main.o
 .text.Apply_PID_Tunings
                0x0800321c       0xd0 ./Core/Src/main.o
 .text.MT_Hold_Output_Cap
                0x080032ec       0x5c ./Core/Src/main.o
 .text.Enter_MT_Phase
                0x08003348      0x108 ./Core/Src/main.o
 .text.Update_MT_Control_Phase
                0x08003450      0x26c ./Core/Src/main.o
 .text.Limit_MT_Output
                0x080036bc      0x298 ./Core/Src/main.o
 .text.Read_Temperature_Task
                0x08003954      0x2bc ./Core/Src/main.o
 .text.Update_PID_And_SSR
                0x08003c10      0x3b0 ./Core/Src/main.o
 .text.Process_Buttons
                0x08003fc0      0x550 ./Core/Src/main.o
                0x08003fc0                Process_Buttons
 .text.Update_LCD
                0x08004510      0x454 ./Core/Src/main.o
                0x08004510                Update_LCD
 .text.Init_Default_Intervals
                0x08004964       0x44 ./Core/Src/main.o
                0x08004964                Init_Default_Intervals
 .text.Flash_Checksum
                0x080049a8       0x58 ./Core/Src/main.o
 .text.Save_Settings_To_Flash
                0x08004a00      0x17c ./Core/Src/main.o
                0x08004a00                Save_Settings_To_Flash
 .text.Load_Settings_From_Flash
                0x08004b7c       0x90 ./Core/Src/main.o
                0x08004b7c                Load_Settings_From_Flash
 .text.main     0x08004c0c      0x140 ./Core/Src/main.o
                0x08004c0c                main
 .text.SystemClock_Config
                0x08004d4c       0x8a ./Core/Src/main.o
                0x08004d4c                SystemClock_Config
 *fill*         0x08004dd6        0x2 
 .text.MX_I2C2_Init
                0x08004dd8       0x5c ./Core/Src/main.o
 .text.MX_SPI1_Init
                0x08004e34       0x6c ./Core/Src/main.o
 .text.MX_TIM2_Init
                0x08004ea0       0x9c ./Core/Src/main.o
 .text.MX_GPIO_Init
                0x08004f3c      0x118 ./Core/Src/main.o
 .text.Error_Handler
                0x08005054        0xc ./Core/Src/main.o
                0x08005054                Error_Handler
 .text.HAL_MspInit
                0x08005060       0x64 ./Core/Src/stm32f1xx_hal_msp.o
                0x08005060                HAL_MspInit
 .text.HAL_I2C_MspInit
                0x080050c4       0x80 ./Core/Src/stm32f1xx_hal_msp.o
                0x080050c4                HAL_I2C_MspInit
 .text.HAL_SPI_MspInit
                0x08005144       0xb4 ./Core/Src/stm32f1xx_hal_msp.o
                0x08005144                HAL_SPI_MspInit
 .text.HAL_TIM_Base_MspInit
                0x080051f8       0x48 ./Core/Src/stm32f1xx_hal_msp.o
                0x080051f8                HAL_TIM_Base_MspInit
 .text.NMI_Handler
                0x08005240        0x8 ./Core/Src/stm32f1xx_it.o
                0x08005240                NMI_Handler
 .text.HardFault_Handler
                0x08005248        0x8 ./Core/Src/stm32f1xx_it.o
                0x08005248                HardFault_Handler
 .text.MemManage_Handler
                0x08005250        0x8 ./Core/Src/stm32f1xx_it.o
                0x08005250                MemManage_Handler
 .text.BusFault_Handler
                0x08005258        0x8 ./Core/Src/stm32f1xx_it.o
                0x08005258                BusFault_Handler
 .text.UsageFault_Handler
                0x08005260        0x8 ./Core/Src/stm32f1xx_it.o
                0x08005260                UsageFault_Handler
 .text.SVC_Handler
                0x08005268        0xc ./Core/Src/stm32f1xx_it.o
                0x08005268                SVC_Handler
 .text.DebugMon_Handler
                0x08005274        0xc ./Core/Src/stm32f1xx_it.o
                0x08005274                DebugMon_Handler
 .text.PendSV_Handler
                0x08005280        0xc ./Core/Src/stm32f1xx_it.o
                0x08005280                PendSV_Handler
 .text.SysTick_Handler
                0x0800528c        0xc ./Core/Src/stm32f1xx_it.o
                0x0800528c                SysTick_Handler
 .text.EXTI9_5_IRQHandler
                0x08005298       0x18 ./Core/Src/stm32f1xx_it.o
                0x08005298                EXTI9_5_IRQHandler
 .text.TIM2_IRQHandler
                0x080052b0       0x14 ./Core/Src/stm32f1xx_it.o
                0x080052b0                TIM2_IRQHandler
 .text.EXTI15_10_IRQHandler
                0x080052c4       0x20 ./Core/Src/stm32f1xx_it.o
                0x080052c4                EXTI15_10_IRQHandler
 .text._getpid  0x080052e4        0xe ./Core/Src/syscalls.o
                0x080052e4                _getpid
 .text._kill    0x080052f2       0x20 ./Core/Src/syscalls.o
                0x080052f2                _kill
 .text._exit    0x08005312       0x16 ./Core/Src/syscalls.o
                0x08005312                _exit
 .text._read    0x08005328       0x3a ./Core/Src/syscalls.o
                0x08005328                _read
 .text._write   0x08005362       0x38 ./Core/Src/syscalls.o
                0x08005362                _write
 .text._close   0x0800539a       0x16 ./Core/Src/syscalls.o
                0x0800539a                _close
 .text._fstat   0x080053b0       0x1e ./Core/Src/syscalls.o
                0x080053b0                _fstat
 .text._isatty  0x080053ce       0x14 ./Core/Src/syscalls.o
                0x080053ce                _isatty
 .text._lseek   0x080053e2       0x18 ./Core/Src/syscalls.o
                0x080053e2                _lseek
 *fill*         0x080053fa        0x2 
 .text._sbrk    0x080053fc       0x6c ./Core/Src/sysmem.o
                0x080053fc                _sbrk
 .text.SystemInit
                0x08005468        0xc ./Core/Src/system_stm32f1xx.o
                0x08005468                SystemInit
 .text.Reset_Handler
                0x08005474       0x48 ./Core/Startup/startup_stm32f103c8tx.o
                0x08005474                Reset_Handler
 .text.Default_Handler
                0x080054bc        0x2 ./Core/Startup/startup_stm32f103c8tx.o
                0x080054bc                RTC_Alarm_IRQHandler
                0x080054bc                EXTI2_IRQHandler
                0x080054bc                TIM1_CC_IRQHandler
                0x080054bc                PVD_IRQHandler
                0x080054bc                EXTI3_IRQHandler
                0x080054bc                EXTI0_IRQHandler
                0x080054bc                I2C2_EV_IRQHandler
                0x080054bc                ADC1_2_IRQHandler
                0x080054bc                SPI1_IRQHandler
                0x080054bc                TAMPER_IRQHandler
                0x080054bc                DMA1_Channel4_IRQHandler
                0x080054bc                USART3_IRQHandler
                0x080054bc                RTC_IRQHandler
                0x080054bc                DMA1_Channel7_IRQHandler
                0x080054bc                CAN1_RX1_IRQHandler
                0x080054bc                TIM4_IRQHandler
                0x080054bc                I2C1_EV_IRQHandler
                0x080054bc                DMA1_Channel6_IRQHandler
                0x080054bc                TIM3_IRQHandler
                0x080054bc                RCC_IRQHandler
                0x080054bc                TIM1_TRG_COM_IRQHandler
                0x080054bc                DMA1_Channel1_IRQHandler
                0x080054bc                Default_Handler
                0x080054bc                SPI2_IRQHandler
                0x080054bc                DMA1_Channel5_IRQHandler
                0x080054bc                EXTI4_IRQHandler
                0x080054bc                USB_LP_CAN1_RX0_IRQHandler
                0x080054bc                USB_HP_CAN1_TX_IRQHandler
                0x080054bc                DMA1_Channel3_IRQHandler
                0x080054bc                TIM1_UP_IRQHandler
                0x080054bc                WWDG_IRQHandler
                0x080054bc                TIM1_BRK_IRQHandler
                0x080054bc                EXTI1_IRQHandler
                0x080054bc                USART2_IRQHandler
                0x080054bc                I2C2_ER_IRQHandler
                0x080054bc                DMA1_Channel2_IRQHandler
                0x080054bc                CAN1_SCE_IRQHandler
                0x080054bc                FLASH_IRQHandler
                0x080054bc                USART1_IRQHandler
                0x080054bc                I2C1_ER_IRQHandler
                0x080054bc                USBWakeUp_IRQHandler
 *fill*         0x080054be        0x2 
 .text.HAL_Init
                0x080054c0       0x2c ./Drivers/STM32F1xx_HAL_Driver/Src/stm32f1xx_hal.o
                0x080054c0                HAL_Init
 .text.HAL_InitTick
                0x080054ec       0x60 ./Drivers/STM32F1xx_HAL_Driver/Src/stm32f1xx_hal.o
                0x080054ec                HAL_InitTick
 .text.HAL_IncTick
                0x0800554c       0x24 ./Drivers/STM32F1xx_HAL_Driver/Src/stm32f1xx_hal.o
                0x0800554c                HAL_IncTick
 .text.HAL_GetTick
                0x08005570       0x14 ./Drivers/STM32F1xx_HAL_Driver/Src/stm32f1xx_hal.o
                0x08005570                HAL_GetTick
 .text.HAL_Delay
                0x08005584       0x48 ./Drivers/STM32F1xx_HAL_Driver/Src/stm32f1xx_hal.o
                0x08005584                HAL_Delay
 .text.__NVIC_SetPriorityGrouping
                0x080055cc       0x48 ./Drivers/STM32F1xx_HAL_Driver/Src/stm32f1xx_hal_cortex.o
 .text.__NVIC_GetPriorityGrouping
                0x08005614       0x1c ./Drivers/STM32F1xx_HAL_Driver/Src/stm32f1xx_hal_cortex.o
 .text.__NVIC_EnableIRQ
                0x08005630       0x38 ./Drivers/STM32F1xx_HAL_Driver/Src/stm32f1xx_hal_cortex.o
 .text.__NVIC_SetPriority
                0x08005668       0x54 ./Drivers/STM32F1xx_HAL_Driver/Src/stm32f1xx_hal_cortex.o
 .text.NVIC_EncodePriority
                0x080056bc       0x64 ./Drivers/STM32F1xx_HAL_Driver/Src/stm32f1xx_hal_cortex.o
 .text.SysTick_Config
                0x08005720       0x44 ./Drivers/STM32F1xx_HAL_Driver/Src/stm32f1xx_hal_cortex.o
 .text.HAL_NVIC_SetPriorityGrouping
                0x08005764       0x16 ./Drivers/STM32F1xx_HAL_Driver/Src/stm32f1xx_hal_cortex.o
                0x08005764                HAL_NVIC_SetPriorityGrouping
 .text.HAL_NVIC_SetPriority
                0x0800577a       0x38 ./Drivers/STM32F1xx_HAL_Driver/Src/stm32f1xx_hal_cortex.o
                0x0800577a                HAL_NVIC_SetPriority
 .text.HAL_NVIC_EnableIRQ
                0x080057b2       0x1c ./Drivers/STM32F1xx_HAL_Driver/Src/stm32f1xx_hal_cortex.o
                0x080057b2                HAL_NVIC_EnableIRQ
 .text.HAL_SYSTICK_Config
                0x080057ce       0x18 ./Drivers/STM32F1xx_HAL_Driver/Src/stm32f1xx_hal_cortex.o
                0x080057ce                HAL_SYSTICK_Config
 *fill*         0x080057e6        0x2 
 .text.HAL_FLASH_Program
                0x080057e8       0xe0 ./Drivers/STM32F1xx_HAL_Driver/Src/stm32f1xx_hal_flash.o
                0x080057e8                HAL_FLASH_Program
 .text.HAL_FLASH_Unlock
                0x080058c8       0x4c ./Drivers/STM32F1xx_HAL_Driver/Src/stm32f1xx_hal_flash.o
                0x080058c8                HAL_FLASH_Unlock
 .text.HAL_FLASH_Lock
                0x08005914       0x20 ./Drivers/STM32F1xx_HAL_Driver/Src/stm32f1xx_hal_flash.o
                0x08005914                HAL_FLASH_Lock
 .text.FLASH_Program_HalfWord
                0x08005934       0x38 ./Drivers/STM32F1xx_HAL_Driver/Src/stm32f1xx_hal_flash.o
 .text.FLASH_WaitForLastOperation
                0x0800596c       0x8c ./Drivers/STM32F1xx_HAL_Driver/Src/stm32f1xx_hal_flash.o
                0x0800596c                FLASH_WaitForLastOperation
 .text.FLASH_SetErrorCode
                0x080059f8       0xa0 ./Drivers/STM32F1xx_HAL_Driver/Src/stm32f1xx_hal_flash.o
 .text.HAL_FLASHEx_Erase
                0x08005a98       0xd8 ./Drivers/STM32F1xx_HAL_Driver/Src/stm32f1xx_hal_flash_ex.o
                0x08005a98                HAL_FLASHEx_Erase
 .text.FLASH_MassErase
                0x08005b70       0x38 ./Drivers/STM32F1xx_HAL_Driver/Src/stm32f1xx_hal_flash_ex.o
 .text.FLASH_PageErase
                0x08005ba8       0x40 ./Drivers/STM32F1xx_HAL_Driver/Src/stm32f1xx_hal_flash_ex.o
                0x08005ba8                FLASH_PageErase
 .text.HAL_GPIO_Init
                0x08005be8      0x308 ./Drivers/STM32F1xx_HAL_Driver/Src/stm32f1xx_hal_gpio.o
                0x08005be8                HAL_GPIO_Init
 .text.HAL_GPIO_WritePin
                0x08005ef0       0x30 ./Drivers/STM32F1xx_HAL_Driver/Src/stm32f1xx_hal_gpio.o
                0x08005ef0                HAL_GPIO_WritePin
 .text.HAL_GPIO_EXTI_IRQHandler
                0x08005f20       0x30 ./Drivers/STM32F1xx_HAL_Driver/Src/stm32f1xx_hal_gpio.o
                0x08005f20                HAL_GPIO_EXTI_IRQHandler
 .text.HAL_I2C_Init
                0x08005f50      0x288 ./Drivers/STM32F1xx_HAL_Driver/Src/stm32f1xx_hal_i2c.o
                0x08005f50                HAL_I2C_Init
 .text.HAL_I2C_Master_Transmit
                0x080061d8      0x1fc ./Drivers/STM32F1xx_HAL_Driver/Src/stm32f1xx_hal_i2c.o
                0x080061d8                HAL_I2C_Master_Transmit
 .text.I2C_MasterRequestWrite
                0x080063d4      0x104 ./Drivers/STM32F1xx_HAL_Driver/Src/stm32f1xx_hal_i2c.o
 .text.I2C_WaitOnFlagUntilTimeout
                0x080064d8       0xf4 ./Drivers/STM32F1xx_HAL_Driver/Src/stm32f1xx_hal_i2c.o
 .text.I2C_WaitOnMasterAddressFlagUntilTimeout
                0x080065cc      0x140 ./Drivers/STM32F1xx_HAL_Driver/Src/stm32f1xx_hal_i2c.o
 .text.I2C_WaitOnTXEFlagUntilTimeout
                0x0800670c       0x90 ./Drivers/STM32F1xx_HAL_Driver/Src/stm32f1xx_hal_i2c.o
 .text.I2C_WaitOnBTFFlagUntilTimeout
                0x0800679c       0x90 ./Drivers/STM32F1xx_HAL_Driver/Src/stm32f1xx_hal_i2c.o
 .text.I2C_IsAcknowledgeFailed
                0x0800682c       0x5c ./Drivers/STM32F1xx_HAL_Driver/Src/stm32f1xx_hal_i2c.o
 .text.HAL_RCC_OscConfig
                0x08006888      0x504 ./Drivers/STM32F1xx_HAL_Driver/Src/stm32f1xx_hal_rcc.o
                0x08006888                HAL_RCC_OscConfig
 .text.HAL_RCC_ClockConfig
                0x08006d8c      0x1d4 ./Drivers/STM32F1xx_HAL_Driver/Src/stm32f1xx_hal_rcc.o
                0x08006d8c                HAL_RCC_ClockConfig
 .text.HAL_RCC_GetSysClockFreq
                0x08006f60       0xa8 ./Drivers/STM32F1xx_HAL_Driver/Src/stm32f1xx_hal_rcc.o
                0x08006f60                HAL_RCC_GetSysClockFreq
 .text.HAL_RCC_GetHCLKFreq
                0x08007008       0x14 ./Drivers/STM32F1xx_HAL_Driver/Src/stm32f1xx_hal_rcc.o
                0x08007008                HAL_RCC_GetHCLKFreq
 .text.HAL_RCC_GetPCLK1Freq
                0x0800701c       0x28 ./Drivers/STM32F1xx_HAL_Driver/Src/stm32f1xx_hal_rcc.o
                0x0800701c                HAL_RCC_GetPCLK1Freq
 .text.RCC_Delay
                0x08007044       0x3c ./Drivers/STM32F1xx_HAL_Driver/Src/stm32f1xx_hal_rcc.o
 .text.HAL_SPI_Init
                0x08007080      0x108 ./Drivers/STM32F1xx_HAL_Driver/Src/stm32f1xx_hal_spi.o
                0x08007080                HAL_SPI_Init
 .text.HAL_SPI_Transmit
                0x08007188      0x288 ./Drivers/STM32F1xx_HAL_Driver/Src/stm32f1xx_hal_spi.o
                0x08007188                HAL_SPI_Transmit
 .text.HAL_SPI_Receive
                0x08007410      0x232 ./Drivers/STM32F1xx_HAL_Driver/Src/stm32f1xx_hal_spi.o
                0x08007410                HAL_SPI_Receive
 .text.HAL_SPI_TransmitReceive
                0x08007642      0x352 ./Drivers/STM32F1xx_HAL_Driver/Src/stm32f1xx_hal_spi.o
                0x08007642                HAL_SPI_TransmitReceive
 .text.SPI_WaitFlagStateUntilTimeout
                0x08007994      0x110 ./Drivers/STM32F1xx_HAL_Driver/Src/stm32f1xx_hal_spi.o
 .text.SPI_EndRxTransaction
                0x08007aa4       0xa4 ./Drivers/STM32F1xx_HAL_Driver/Src/stm32f1xx_hal_spi.o
 .text.SPI_EndRxTxTransaction
                0x08007b48       0x62 ./Drivers/STM32F1xx_HAL_Driver/Src/stm32f1xx_hal_spi.o
 .text.HAL_TIM_Base_Init
                0x08007baa       0x9e ./Drivers/STM32F1xx_HAL_Driver/Src/stm32f1xx_hal_tim.o
                0x08007baa                HAL_TIM_Base_Init
 .text.HAL_TIM_Base_Start_IT
                0x08007c48       0xa4 ./Drivers/STM32F1xx_HAL_Driver/Src/stm32f1xx_hal_tim.o
                0x08007c48                HAL_TIM_Base_Start_IT
 .text.HAL_TIM_IRQHandler
                0x08007cec      0x1e0 ./Drivers/STM32F1xx_HAL_Driver/Src/stm32f1xx_hal_tim.o
                0x08007cec                HAL_TIM_IRQHandler
 .text.HAL_TIM_ConfigClockSource
                0x08007ecc      0x18e ./Drivers/STM32F1xx_HAL_Driver/Src/stm32f1xx_hal_tim.o
                0x08007ecc                HAL_TIM_ConfigClockSource
 .text.HAL_TIM_OC_DelayElapsedCallback
                0x0800805a       0x12 ./Drivers/STM32F1xx_HAL_Driver/Src/stm32f1xx_hal_tim.o
                0x0800805a                HAL_TIM_OC_DelayElapsedCallback
 .text.HAL_TIM_IC_CaptureCallback
                0x0800806c       0x12 ./Drivers/STM32F1xx_HAL_Driver/Src/stm32f1xx_hal_tim.o
                0x0800806c                HAL_TIM_IC_CaptureCallback
 .text.HAL_TIM_PWM_PulseFinishedCallback
                0x0800807e       0x12 ./Drivers/STM32F1xx_HAL_Driver/Src/stm32f1xx_hal_tim.o
                0x0800807e                HAL_TIM_PWM_PulseFinishedCallback
 .text.HAL_TIM_TriggerCallback
                0x08008090       0x12 ./Drivers/STM32F1xx_HAL_Driver/Src/stm32f1xx_hal_tim.o
                0x08008090                HAL_TIM_TriggerCallback
 *fill*         0x080080a2        0x2 
 .text.TIM_Base_SetConfig
                0x080080a4       0xdc ./Drivers/STM32F1xx_HAL_Driver/Src/stm32f1xx_hal_tim.o
                0x080080a4                TIM_Base_SetConfig
 .text.TIM_TI1_ConfigInputStage
                0x08008180       0x5c ./Drivers/STM32F1xx_HAL_Driver/Src/stm32f1xx_hal_tim.o
 .text.TIM_TI2_ConfigInputStage
                0x080081dc       0x5e ./Drivers/STM32F1xx_HAL_Driver/Src/stm32f1xx_hal_tim.o
 .text.TIM_ITRx_SetConfig
                0x0800823a       0x34 ./Drivers/STM32F1xx_HAL_Driver/Src/stm32f1xx_hal_tim.o
 .text.TIM_ETR_SetConfig
                0x0800826e       0x3e ./Drivers/STM32F1xx_HAL_Driver/Src/stm32f1xx_hal_tim.o
                0x0800826e                TIM_ETR_SetConfig
 .text.HAL_TIMEx_MasterConfigSynchronization
                0x080082ac       0xbc ./Drivers/STM32F1xx_HAL_Driver/Src/stm32f1xx_hal_tim_ex.o
                0x080082ac                HAL_TIMEx_MasterConfigSynchronization
 .text.HAL_TIMEx_CommutCallback
                0x08008368       0x12 ./Drivers/STM32F1xx_HAL_Driver/Src/stm32f1xx_hal_tim_ex.o
                0x08008368                HAL_TIMEx_CommutCallback
 .text.HAL_TIMEx_BreakCallback
                0x0800837a       0x12 ./Drivers/STM32F1xx_HAL_Driver/Src/stm32f1xx_hal_tim_ex.o
                0x0800837a                HAL_TIMEx_BreakCallback
 .text.__cvt    0x0800838c       0xc8 D:/RUN PROGRAMS/STM32CubeIDE_2.0.0/STM32CubeIDE/plugins/com.st.stm32cube.ide.mcu.externaltools.gnu-tools-for-stm32.13.3.rel1.win32_1.0.100.202509120712/tools/bin/../lib/gcc/arm-none-eabi/13.3.1/../../../../arm-none-eabi/lib/thumb/v7-m/nofp\libc_nano.a(libc_a-nano-vfprintf_float.o)
                0x0800838c                __cvt
 .text.__exponent
                0x08008454       0x74 D:/RUN PROGRAMS/STM32CubeIDE_2.0.0/STM32CubeIDE/plugins/com.st.stm32cube.ide.mcu.externaltools.gnu-tools-for-stm32.13.3.rel1.win32_1.0.100.202509120712/tools/bin/../lib/gcc/arm-none-eabi/13.3.1/../../../../arm-none-eabi/lib/thumb/v7-m/nofp\libc_nano.a(libc_a-nano-vfprintf_float.o)
                0x08008454                __exponent
 .text._printf_float
                0x080084c8      0x458 D:/RUN PROGRAMS/STM32CubeIDE_2.0.0/STM32CubeIDE/plugins/com.st.stm32cube.ide.mcu.externaltools.gnu-tools-for-stm32.13.3.rel1.win32_1.0.100.202509120712/tools/bin/../lib/gcc/arm-none-eabi/13.3.1/../../../../arm-none-eabi/lib/thumb/v7-m/nofp\libc_nano.a(libc_a-nano-vfprintf_float.o)
                0x080084c8                _printf_float
 .text._printf_common
                0x08008920       0xe4 D:/RUN PROGRAMS/STM32CubeIDE_2.0.0/STM32CubeIDE/plugins/com.st.stm32cube.ide.mcu.externaltools.gnu-tools-for-stm32.13.3.rel1.win32_1.0.100.202509120712/tools/bin/../lib/gcc/arm-none-eabi/13.3.1/../../../../arm-none-eabi/lib/thumb/v7-m/nofp\libc_nano.a(libc_a-nano-vfprintf_i.o)
                0x08008920                _printf_common
 .text._printf_i
                0x08008a04      0x23c D:/RUN PROGRAMS/STM32CubeIDE_2.0.0/STM32CubeIDE/plugins/com.st.stm32cube.ide.mcu.externaltools.gnu-tools-for-stm32.13.3.rel1.win32_1.0.100.202509120712/tools/bin/../lib/gcc/arm-none-eabi/13.3.1/../../../../arm-none-eabi/lib/thumb/v7-m/nofp\libc_nano.a(libc_a-nano-vfprintf_i.o)
                0x08008a04                _printf_i
 .text.std      0x08008c40       0x6c D:/RUN PROGRAMS/STM32CubeIDE_2.0.0/STM32CubeIDE/plugins/com.st.stm32cube.ide.mcu.externaltools.gnu-tools-for-stm32.13.3.rel1.win32_1.0.100.202509120712/tools/bin/../lib/gcc/arm-none-eabi/13.3.1/../../../../arm-none-eabi/lib/thumb/v7-m/nofp\libc_nano.a(libc_a-findfp.o)
 .text.stdio_exit_handler
                0x08008cac       0x18 D:/RUN PROGRAMS/STM32CubeIDE_2.0.0/STM32CubeIDE/plugins/com.st.stm32cube.ide.mcu.externaltools.gnu-tools-for-stm32.13.3.rel1.win32_1.0.100.202509120712/tools/bin/../lib/gcc/arm-none-eabi/13.3.1/../../../../arm-none-eabi/lib/thumb/v7-m/nofp\libc_nano.a(libc_a-findfp.o)
 .text.cleanup_stdio
                0x08008cc4       0x40 D:/RUN PROGRAMS/STM32CubeIDE_2.0.0/STM32CubeIDE/plugins/com.st.stm32cube.ide.mcu.externaltools.gnu-tools-for-stm32.13.3.rel1.win32_1.0.100.202509120712/tools/bin/../lib/gcc/arm-none-eabi/13.3.1/../../../../arm-none-eabi/lib/thumb/v7-m/nofp\libc_nano.a(libc_a-findfp.o)
 .text.global_stdio_init.part.0
                0x08008d04       0x3c D:/RUN PROGRAMS/STM32CubeIDE_2.0.0/STM32CubeIDE/plugins/com.st.stm32cube.ide.mcu.externaltools.gnu-tools-for-stm32.13.3.rel1.win32_1.0.100.202509120712/tools/bin/../lib/gcc/arm-none-eabi/13.3.1/../../../../arm-none-eabi/lib/thumb/v7-m/nofp\libc_nano.a(libc_a-findfp.o)
 .text.__sfp_lock_acquire
                0x08008d40        0xc D:/RUN PROGRAMS/STM32CubeIDE_2.0.0/STM32CubeIDE/plugins/com.st.stm32cube.ide.mcu.externaltools.gnu-tools-for-stm32.13.3.rel1.win32_1.0.100.202509120712/tools/bin/../lib/gcc/arm-none-eabi/13.3.1/../../../../arm-none-eabi/lib/thumb/v7-m/nofp\libc_nano.a(libc_a-findfp.o)
                0x08008d40                __sfp_lock_acquire
 .text.__sfp_lock_release
                0x08008d4c        0xc D:/RUN PROGRAMS/STM32CubeIDE_2.0.0/STM32CubeIDE/plugins/com.st.stm32cube.ide.mcu.externaltools.gnu-tools-for-stm32.13.3.rel1.win32_1.0.100.202509120712/tools/bin/../lib/gcc/arm-none-eabi/13.3.1/../../../../arm-none-eabi/lib/thumb/v7-m/nofp\libc_nano.a(libc_a-findfp.o)
                0x08008d4c                __sfp_lock_release
 .text.__sinit  0x08008d58       0x30 D:/RUN PROGRAMS/STM32CubeIDE_2.0.0/STM32CubeIDE/plugins/com.st.stm32cube.ide.mcu.externaltools.gnu-tools-for-stm32.13.3.rel1.win32_1.0.100.202509120712/tools/bin/../lib/gcc/arm-none-eabi/13.3.1/../../../../arm-none-eabi/lib/thumb/v7-m/nofp\libc_nano.a(libc_a-findfp.o)
                0x08008d58                __sinit
 .text._fwalk_sglue
                0x08008d88       0x3c D:/RUN PROGRAMS/STM32CubeIDE_2.0.0/STM32CubeIDE/plugins/com.st.stm32cube.ide.mcu.externaltools.gnu-tools-for-stm32.13.3.rel1.win32_1.0.100.202509120712/tools/bin/../lib/gcc/arm-none-eabi/13.3.1/../../../../arm-none-eabi/lib/thumb/v7-m/nofp\libc_nano.a(libc_a-fwalk.o)
                0x08008d88                _fwalk_sglue
 .text.snprintf
                0x08008dc4       0x6c D:/RUN PROGRAMS/STM32CubeIDE_2.0.0/STM32CubeIDE/plugins/com.st.stm32cube.ide.mcu.externaltools.gnu-tools-for-stm32.13.3.rel1.win32_1.0.100.202509120712/tools/bin/../lib/gcc/arm-none-eabi/13.3.1/../../../../arm-none-eabi/lib/thumb/v7-m/nofp\libc_nano.a(libc_a-snprintf.o)
                0x08008dc4                sniprintf
                0x08008dc4                snprintf
 .text.__sread  0x08008e30       0x22 D:/RUN PROGRAMS/STM32CubeIDE_2.0.0/STM32CubeIDE/plugins/com.st.stm32cube.ide.mcu.externaltools.gnu-tools-for-stm32.13.3.rel1.win32_1.0.100.202509120712/tools/bin/../lib/gcc/arm-none-eabi/13.3.1/../../../../arm-none-eabi/lib/thumb/v7-m/nofp\libc_nano.a(libc_a-stdio.o)
                0x08008e30                __sread
 .text.__swrite
                0x08008e52       0x38 D:/RUN PROGRAMS/STM32CubeIDE_2.0.0/STM32CubeIDE/plugins/com.st.stm32cube.ide.mcu.externaltools.gnu-tools-for-stm32.13.3.rel1.win32_1.0.100.202509120712/tools/bin/../lib/gcc/arm-none-eabi/13.3.1/../../../../arm-none-eabi/lib/thumb/v7-m/nofp\libc_nano.a(libc_a-stdio.o)
                0x08008e52                __swrite
 .text.__sseek  0x08008e8a       0x24 D:/RUN PROGRAMS/STM32CubeIDE_2.0.0/STM32CubeIDE/plugins/com.st.stm32cube.ide.mcu.externaltools.gnu-tools-for-stm32.13.3.rel1.win32_1.0.100.202509120712/tools/bin/../lib/gcc/arm-none-eabi/13.3.1/../../../../arm-none-eabi/lib/thumb/v7-m/nofp\libc_nano.a(libc_a-stdio.o)
                0x08008e8a                __sseek
 .text.__sclose
                0x08008eae        0x8 D:/RUN PROGRAMS/STM32CubeIDE_2.0.0/STM32CubeIDE/plugins/com.st.stm32cube.ide.mcu.externaltools.gnu-tools-for-stm32.13.3.rel1.win32_1.0.100.202509120712/tools/bin/../lib/gcc/arm-none-eabi/13.3.1/../../../../arm-none-eabi/lib/thumb/v7-m/nofp\libc_nano.a(libc_a-stdio.o)
                0x08008eae                __sclose
 .text.memset   0x08008eb6       0x10 D:/RUN PROGRAMS/STM32CubeIDE_2.0.0/STM32CubeIDE/plugins/com.st.stm32cube.ide.mcu.externaltools.gnu-tools-for-stm32.13.3.rel1.win32_1.0.100.202509120712/tools/bin/../lib/gcc/arm-none-eabi/13.3.1/../../../../arm-none-eabi/lib/thumb/v7-m/nofp\libc_nano.a(libc_a-memset.o)
                0x08008eb6                memset
 *fill*         0x08008ec6        0x2 
 .text._localeconv_r
                0x08008ec8        0x8 D:/RUN PROGRAMS/STM32CubeIDE_2.0.0/STM32CubeIDE/plugins/com.st.stm32cube.ide.mcu.externaltools.gnu-tools-for-stm32.13.3.rel1.win32_1.0.100.202509120712/tools/bin/../lib/gcc/arm-none-eabi/13.3.1/../../../../arm-none-eabi/lib/thumb/v7-m/nofp\libc_nano.a(libc_a-localeconv.o)
                0x08008ec8                _localeconv_r
 .text._close_r
                0x08008ed0       0x20 D:/RUN PROGRAMS/STM32CubeIDE_2.0.0/STM32CubeIDE/plugins/com.st.stm32cube.ide.mcu.externaltools.gnu-tools-for-stm32.13.3.rel1.win32_1.0.100.202509120712/tools/bin/../lib/gcc/arm-none-eabi/13.3.1/../../../../arm-none-eabi/lib/thumb/v7-m/nofp\libc_nano.a(libc_a-closer.o)
                0x08008ed0                _close_r
 .text._lseek_r
                0x08008ef0       0x24 D:/RUN PROGRAMS/STM32CubeIDE_2.0.0/STM32CubeIDE/plugins/com.st.stm32cube.ide.mcu.externaltools.gnu-tools-for-stm32.13.3.rel1.win32_1.0.100.202509120712/tools/bin/../lib/gcc/arm-none-eabi/13.3.1/../../../../arm-none-eabi/lib/thumb/v7-m/nofp\libc_nano.a(libc_a-lseekr.o)
                0x08008ef0                _lseek_r
 .text._read_r  0x08008f14       0x24 D:/RUN PROGRAMS/STM32CubeIDE_2.0.0/STM32CubeIDE/plugins/com.st.stm32cube.ide.mcu.externaltools.gnu-tools-for-stm32.13.3.rel1.win32_1.0.100.202509120712/tools/bin/../lib/gcc/arm-none-eabi/13.3.1/../../../../arm-none-eabi/lib/thumb/v7-m/nofp\libc_nano.a(libc_a-readr.o)
                0x08008f14                _read_r
 .text._write_r
                0x08008f38       0x24 D:/RUN PROGRAMS/STM32CubeIDE_2.0.0/STM32CubeIDE/plugins/com.st.stm32cube.ide.mcu.externaltools.gnu-tools-for-stm32.13.3.rel1.win32_1.0.100.202509120712/tools/bin/../lib/gcc/arm-none-eabi/13.3.1/../../../../arm-none-eabi/lib/thumb/v7-m/nofp\libc_nano.a(libc_a-writer.o)
                0x08008f38                _write_r
 .text.__errno  0x08008f5c        0xc D:/RUN PROGRAMS/STM32CubeIDE_2.0.0/STM32CubeIDE/plugins/com.st.stm32cube.ide.mcu.externaltools.gnu-tools-for-stm32.13.3.rel1.win32_1.0.100.202509120712/tools/bin/../lib/gcc/arm-none-eabi/13.3.1/../../../../arm-none-eabi/lib/thumb/v7-m/nofp\libc_nano.a(libc_a-errno.o)
                0x08008f5c                __errno
 .text.__libc_init_array
                0x08008f68       0x48 D:/RUN PROGRAMS/STM32CubeIDE_2.0.0/STM32CubeIDE/plugins/com.st.stm32cube.ide.mcu.externaltools.gnu-tools-for-stm32.13.3.rel1.win32_1.0.100.202509120712/tools/bin/../lib/gcc/arm-none-eabi/13.3.1/../../../../arm-none-eabi/lib/thumb/v7-m/nofp\libc_nano.a(libc_a-init.o)
                0x08008f68                __libc_init_array
 .text.__retarget_lock_init_recursive
                0x08008fb0        0x2 D:/RUN PROGRAMS/STM32CubeIDE_2.0.0/STM32CubeIDE/plugins/com.st.stm32cube.ide.mcu.externaltools.gnu-tools-for-stm32.13.3.rel1.win32_1.0.100.202509120712/tools/bin/../lib/gcc/arm-none-eabi/13.3.1/../../../../arm-none-eabi/lib/thumb/v7-m/nofp\libc_nano.a(libc_a-lock.o)
                0x08008fb0                __retarget_lock_init_recursive
 .text.__retarget_lock_acquire_recursive
                0x08008fb2        0x2 D:/RUN PROGRAMS/STM32CubeIDE_2.0.0/STM32CubeIDE/plugins/com.st.stm32cube.ide.mcu.externaltools.gnu-tools-for-stm32.13.3.rel1.win32_1.0.100.202509120712/tools/bin/../lib/gcc/arm-none-eabi/13.3.1/../../../../arm-none-eabi/lib/thumb/v7-m/nofp\libc_nano.a(libc_a-lock.o)
                0x08008fb2                __retarget_lock_acquire_recursive
 .text.__retarget_lock_release_recursive
                0x08008fb4        0x2 D:/RUN PROGRAMS/STM32CubeIDE_2.0.0/STM32CubeIDE/plugins/com.st.stm32cube.ide.mcu.externaltools.gnu-tools-for-stm32.13.3.rel1.win32_1.0.100.202509120712/tools/bin/../lib/gcc/arm-none-eabi/13.3.1/../../../../arm-none-eabi/lib/thumb/v7-m/nofp\libc_nano.a(libc_a-lock.o)
                0x08008fb4                __retarget_lock_release_recursive
 .text.strcpy   0x08008fb6       0x10 D:/RUN PROGRAMS/STM32CubeIDE_2.0.0/STM32CubeIDE/plugins/com.st.stm32cube.ide.mcu.externaltools.gnu-tools-for-stm32.13.3.rel1.win32_1.0.100.202509120712/tools/bin/../lib/gcc/arm-none-eabi/13.3.1/../../../../arm-none-eabi/lib/thumb/v7-m/nofp\libc_nano.a(libc_a-strcpy.o)
                0x08008fb6                strcpy
 .text.memchr   0x08008fc6       0x1c D:/RUN PROGRAMS/STM32CubeIDE_2.0.0/STM32CubeIDE/plugins/com.st.stm32cube.ide.mcu.externaltools.gnu-tools-for-stm32.13.3.rel1.win32_1.0.100.202509120712/tools/bin/../lib/gcc/arm-none-eabi/13.3.1/../../../../arm-none-eabi/lib/thumb/v7-m/nofp\libc_nano.a(libc_a-memchr-stub.o)
                0x08008fc6                memchr
 .text.memcpy   0x08008fe2       0x1c D:/RUN PROGRAMS/STM32CubeIDE_2.0.0/STM32CubeIDE/plugins/com.st.stm32cube.ide.mcu.externaltools.gnu-tools-for-stm32.13.3.rel1.win32_1.0.100.202509120712/tools/bin/../lib/gcc/arm-none-eabi/13.3.1/../../../../arm-none-eabi/lib/thumb/v7-m/nofp\libc_nano.a(libc_a-memcpy-stub.o)
                0x08008fe2                memcpy
 .text.quorem   0x08008ffe      0x110 D:/RUN PROGRAMS/STM32CubeIDE_2.0.0/STM32CubeIDE/plugins/com.st.stm32cube.ide.mcu.externaltools.gnu-tools-for-stm32.13.3.rel1.win32_1.0.100.202509120712/tools/bin/../lib/gcc/arm-none-eabi/13.3.1/../../../../arm-none-eabi/lib/thumb/v7-m/nofp\libc_nano.a(libc_a-dtoa.o)
 *fill*         0x0800910e        0x2 
 .text._dtoa_r  0x08009110      0xba8 D:/RUN PROGRAMS/STM32CubeIDE_2.0.0/STM32CubeIDE/plugins/com.st.stm32cube.ide.mcu.externaltools.gnu-tools-for-stm32.13.3.rel1.win32_1.0.100.202509120712/tools/bin/../lib/gcc/arm-none-eabi/13.3.1/../../../../arm-none-eabi/lib/thumb/v7-m/nofp\libc_nano.a(libc_a-dtoa.o)
                0x08009110                _dtoa_r
 .text._free_r  0x08009cb8       0x90 D:/RUN PROGRAMS/STM32CubeIDE_2.0.0/STM32CubeIDE/plugins/com.st.stm32cube.ide.mcu.externaltools.gnu-tools-for-stm32.13.3.rel1.win32_1.0.100.202509120712/tools/bin/../lib/gcc/arm-none-eabi/13.3.1/../../../../arm-none-eabi/lib/thumb/v7-m/nofp\libc_nano.a(libc_a-freer.o)
                0x08009cb8                _free_r
 .text.malloc   0x08009d48       0x10 D:/RUN PROGRAMS/STM32CubeIDE_2.0.0/STM32CubeIDE/plugins/com.st.stm32cube.ide.mcu.externaltools.gnu-tools-for-stm32.13.3.rel1.win32_1.0.100.202509120712/tools/bin/../lib/gcc/arm-none-eabi/13.3.1/../../../../arm-none-eabi/lib/thumb/v7-m/nofp\libc_nano.a(libc_a-malloc.o)
                0x08009d48                malloc
 .text.sbrk_aligned
                0x08009d58       0x44 D:/RUN PROGRAMS/STM32CubeIDE_2.0.0/STM32CubeIDE/plugins/com.st.stm32cube.ide.mcu.externaltools.gnu-tools-for-stm32.13.3.rel1.win32_1.0.100.202509120712/tools/bin/../lib/gcc/arm-none-eabi/13.3.1/../../../../arm-none-eabi/lib/thumb/v7-m/nofp\libc_nano.a(libc_a-mallocr.o)
 .text._malloc_r
                0x08009d9c      0x100 D:/RUN PROGRAMS/STM32CubeIDE_2.0.0/STM32CubeIDE/plugins/com.st.stm32cube.ide.mcu.externaltools.gnu-tools-for-stm32.13.3.rel1.win32_1.0.100.202509120712/tools/bin/../lib/gcc/arm-none-eabi/13.3.1/../../../../arm-none-eabi/lib/thumb/v7-m/nofp\libc_nano.a(libc_a-mallocr.o)
                0x08009d9c                _malloc_r
 .text.__malloc_lock
                0x08009e9c        0xc D:/RUN PROGRAMS/STM32CubeIDE_2.0.0/STM32CubeIDE/plugins/com.st.stm32cube.ide.mcu.externaltools.gnu-tools-for-stm32.13.3.rel1.win32_1.0.100.202509120712/tools/bin/../lib/gcc/arm-none-eabi/13.3.1/../../../../arm-none-eabi/lib/thumb/v7-m/nofp\libc_nano.a(libc_a-mlock.o)
                0x08009e9c                __malloc_lock
 .text.__malloc_unlock
                0x08009ea8        0xc D:/RUN PROGRAMS/STM32CubeIDE_2.0.0/STM32CubeIDE/plugins/com.st.stm32cube.ide.mcu.externaltools.gnu-tools-for-stm32.13.3.rel1.win32_1.0.100.202509120712/tools/bin/../lib/gcc/arm-none-eabi/13.3.1/../../../../arm-none-eabi/lib/thumb/v7-m/nofp\libc_nano.a(libc_a-mlock.o)
                0x08009ea8                __malloc_unlock
 .text._Balloc  0x08009eb4       0x80 D:/RUN PROGRAMS/STM32CubeIDE_2.0.0/STM32CubeIDE/plugins/com.st.stm32cube.ide.mcu.externaltools.gnu-tools-for-stm32.13.3.rel1.win32_1.0.100.202509120712/tools/bin/../lib/gcc/arm-none-eabi/13.3.1/../../../../arm-none-eabi/lib/thumb/v7-m/nofp\libc_nano.a(libc_a-mprec.o)
                0x08009eb4                _Balloc
 .text._Bfree   0x08009f34       0x44 D:/RUN PROGRAMS/STM32CubeIDE_2.0.0/STM32CubeIDE/plugins/com.st.stm32cube.ide.mcu.externaltools.gnu-tools-for-stm32.13.3.rel1.win32_1.0.100.202509120712/tools/bin/../lib/gcc/arm-none-eabi/13.3.1/../../../../arm-none-eabi/lib/thumb/v7-m/nofp\libc_nano.a(libc_a-mprec.o)
                0x08009f34                _Bfree
 .text.__multadd
                0x08009f78       0x8c D:/RUN PROGRAMS/STM32CubeIDE_2.0.0/STM32CubeIDE/plugins/com.st.stm32cube.ide.mcu.externaltools.gnu-tools-for-stm32.13.3.rel1.win32_1.0.100.202509120712/tools/bin/../lib/gcc/arm-none-eabi/13.3.1/../../../../arm-none-eabi/lib/thumb/v7-m/nofp\libc_nano.a(libc_a-mprec.o)
                0x08009f78                __multadd
 .text.__hi0bits
                0x0800a004       0x3e D:/RUN PROGRAMS/STM32CubeIDE_2.0.0/STM32CubeIDE/plugins/com.st.stm32cube.ide.mcu.externaltools.gnu-tools-for-stm32.13.3.rel1.win32_1.0.100.202509120712/tools/bin/../lib/gcc/arm-none-eabi/13.3.1/../../../../arm-none-eabi/lib/thumb/v7-m/nofp\libc_nano.a(libc_a-mprec.o)
                0x0800a004                __hi0bits
 .text.__lo0bits
                0x0800a042       0x5a D:/RUN PROGRAMS/STM32CubeIDE_2.0.0/STM32CubeIDE/plugins/com.st.stm32cube.ide.mcu.externaltools.gnu-tools-for-stm32.13.3.rel1.win32_1.0.100.202509120712/tools/bin/../lib/gcc/arm-none-eabi/13.3.1/../../../../arm-none-eabi/lib/thumb/v7-m/nofp\libc_nano.a(libc_a-mprec.o)
                0x0800a042                __lo0bits
 .text.__i2b    0x0800a09c       0x2c D:/RUN PROGRAMS/STM32CubeIDE_2.0.0/STM32CubeIDE/plugins/com.st.stm32cube.ide.mcu.externaltools.gnu-tools-for-stm32.13.3.rel1.win32_1.0.100.202509120712/tools/bin/../lib/gcc/arm-none-eabi/13.3.1/../../../../arm-none-eabi/lib/thumb/v7-m/nofp\libc_nano.a(libc_a-mprec.o)
                0x0800a09c                __i2b
 .text.__multiply
                0x0800a0c8      0x144 D:/RUN PROGRAMS/STM32CubeIDE_2.0.0/STM32CubeIDE/plugins/com.st.stm32cube.ide.mcu.externaltools.gnu-tools-for-stm32.13.3.rel1.win32_1.0.100.202509120712/tools/bin/../lib/gcc/arm-none-eabi/13.3.1/../../../../arm-none-eabi/lib/thumb/v7-m/nofp\libc_nano.a(libc_a-mprec.o)
                0x0800a0c8                __multiply
 .text.__pow5mult
                0x0800a20c       0xb4 D:/RUN PROGRAMS/STM32CubeIDE_2.0.0/STM32CubeIDE/plugins/com.st.stm32cube.ide.mcu.externaltools.gnu-tools-for-stm32.13.3.rel1.win32_1.0.100.202509120712/tools/bin/../lib/gcc/arm-none-eabi/13.3.1/../../../../arm-none-eabi/lib/thumb/v7-m/nofp\libc_nano.a(libc_a-mprec.o)
                0x0800a20c                __pow5mult
 .text.__lshift
                0x0800a2c0       0xd8 D:/RUN PROGRAMS/STM32CubeIDE_2.0.0/STM32CubeIDE/plugins/com.st.stm32cube.ide.mcu.externaltools.gnu-tools-for-stm32.13.3.rel1.win32_1.0.100.202509120712/tools/bin/../lib/gcc/arm-none-eabi/13.3.1/../../../../arm-none-eabi/lib/thumb/v7-m/nofp\libc_nano.a(libc_a-mprec.o)
                0x0800a2c0                __lshift
 .text.__mcmp   0x0800a398       0x36 D:/RUN PROGRAMS/STM32CubeIDE_2.0.0/STM32CubeIDE/plugins/com.st.stm32cube.ide.mcu.externaltools.gnu-tools-for-stm32.13.3.rel1.win32_1.0.100.202509120712/tools/bin/../lib/gcc/arm-none-eabi/13.3.1/../../../../arm-none-eabi/lib/thumb/v7-m/nofp\libc_nano.a(libc_a-mprec.o)
                0x0800a398                __mcmp
 *fill*         0x0800a3ce        0x2 
 .text.__mdiff  0x0800a3d0      0x128 D:/RUN PROGRAMS/STM32CubeIDE_2.0.0/STM32CubeIDE/plugins/com.st.stm32cube.ide.mcu.externaltools.gnu-tools-for-stm32.13.3.rel1.win32_1.0.100.202509120712/tools/bin/../lib/gcc/arm-none-eabi/13.3.1/../../../../arm-none-eabi/lib/thumb/v7-m/nofp\libc_nano.a(libc_a-mprec.o)
                0x0800a3d0                __mdiff
 .text.__d2b    0x0800a4f8       0xb0 D:/RUN PROGRAMS/STM32CubeIDE_2.0.0/STM32CubeIDE/plugins/com.st.stm32cube.ide.mcu.externaltools.gnu-tools-for-stm32.13.3.rel1.win32_1.0.100.202509120712/tools/bin/../lib/gcc/arm-none-eabi/13.3.1/../../../../arm-none-eabi/lib/thumb/v7-m/nofp\libc_nano.a(libc_a-mprec.o)
                0x0800a4f8                __d2b
 .text.__ssputs_r
                0x0800a5a8       0xb6 D:/RUN PROGRAMS/STM32CubeIDE_2.0.0/STM32CubeIDE/plugins/com.st.stm32cube.ide.mcu.externaltools.gnu-tools-for-stm32.13.3.rel1.win32_1.0.100.202509120712/tools/bin/../lib/gcc/arm-none-eabi/13.3.1/../../../../arm-none-eabi/lib/thumb/v7-m/nofp\libc_nano.a(libc_a-nano-svfprintf.o)
                0x0800a5a8                __ssputs_r
 *fill*         0x0800a65e        0x2 
 .text._svfprintf_r
                0x0800a660      0x1f8 D:/RUN PROGRAMS/STM32CubeIDE_2.0.0/STM32CubeIDE/plugins/com.st.stm32cube.ide.mcu.externaltools.gnu-tools-for-stm32.13.3.rel1.win32_1.0.100.202509120712/tools/bin/../lib/gcc/arm-none-eabi/13.3.1/../../../../arm-none-eabi/lib/thumb/v7-m/nofp\libc_nano.a(libc_a-nano-svfprintf.o)
                0x0800a660                _svfiprintf_r
                0x0800a660                _svfprintf_r
 .text.__sflush_r
                0x0800a858      0x100 D:/RUN PROGRAMS/STM32CubeIDE_2.0.0/STM32CubeIDE/plugins/com.st.stm32cube.ide.mcu.externaltools.gnu-tools-for-stm32.13.3.rel1.win32_1.0.100.202509120712/tools/bin/../lib/gcc/arm-none-eabi/13.3.1/../../../../arm-none-eabi/lib/thumb/v7-m/nofp\libc_nano.a(libc_a-fflush.o)
                0x0800a858                __sflush_r
 .text._fflush_r
                0x0800a958       0x50 D:/RUN PROGRAMS/STM32CubeIDE_2.0.0/STM32CubeIDE/plugins/com.st.stm32cube.ide.mcu.externaltools.gnu-tools-for-stm32.13.3.rel1.win32_1.0.100.202509120712/tools/bin/../lib/gcc/arm-none-eabi/13.3.1/../../../../arm-none-eabi/lib/thumb/v7-m/nofp\libc_nano.a(libc_a-fflush.o)
                0x0800a958                _fflush_r
 .text.memmove  0x0800a9a8       0x34 D:/RUN PROGRAMS/STM32CubeIDE_2.0.0/STM32CubeIDE/plugins/com.st.stm32cube.ide.mcu.externaltools.gnu-tools-for-stm32.13.3.rel1.win32_1.0.100.202509120712/tools/bin/../lib/gcc/arm-none-eabi/13.3.1/../../../../arm-none-eabi/lib/thumb/v7-m/nofp\libc_nano.a(libc_a-memmove.o)
                0x0800a9a8                memmove
 .text._sbrk_r  0x0800a9dc       0x20 D:/RUN PROGRAMS/STM32CubeIDE_2.0.0/STM32CubeIDE/plugins/com.st.stm32cube.ide.mcu.externaltools.gnu-tools-for-stm32.13.3.rel1.win32_1.0.100.202509120712/tools/bin/../lib/gcc/arm-none-eabi/13.3.1/../../../../arm-none-eabi/lib/thumb/v7-m/nofp\libc_nano.a(libc_a-sbrkr.o)
                0x0800a9dc                _sbrk_r
 .text.__assert_func
                0x0800a9fc       0x3c D:/RUN PROGRAMS/STM32CubeIDE_2.0.0/STM32CubeIDE/plugins/com.st.stm32cube.ide.mcu.externaltools.gnu-tools-for-stm32.13.3.rel1.win32_1.0.100.202509120712/tools/bin/../lib/gcc/arm-none-eabi/13.3.1/../../../../arm-none-eabi/lib/thumb/v7-m/nofp\libc_nano.a(libc_a-assert.o)
                0x0800a9fc                __assert_func
 .text._calloc_r
                0x0800aa38       0x28 D:/RUN PROGRAMS/STM32CubeIDE_2.0.0/STM32CubeIDE/plugins/com.st.stm32cube.ide.mcu.externaltools.gnu-tools-for-stm32.13.3.rel1.win32_1.0.100.202509120712/tools/bin/../lib/gcc/arm-none-eabi/13.3.1/../../../../arm-none-eabi/lib/thumb/v7-m/nofp\libc_nano.a(libc_a-callocr.o)
                0x0800aa38                _calloc_r
 .text.__ascii_mbtowc
                0x0800aa60       0x24 D:/RUN PROGRAMS/STM32CubeIDE_2.0.0/STM32CubeIDE/plugins/com.st.stm32cube.ide.mcu.externaltools.gnu-tools-for-stm32.13.3.rel1.win32_1.0.100.202509120712/tools/bin/../lib/gcc/arm-none-eabi/13.3.1/../../../../arm-none-eabi/lib/thumb/v7-m/nofp\libc_nano.a(libc_a-mbtowc_r.o)
                0x0800aa60                __ascii_mbtowc
 .text._realloc_r
                0x0800aa84       0x5c D:/RUN PROGRAMS/STM32CubeIDE_2.0.0/STM32CubeIDE/plugins/com.st.stm32cube.ide.mcu.externaltools.gnu-tools-for-stm32.13.3.rel1.win32_1.0.100.202509120712/tools/bin/../lib/gcc/arm-none-eabi/13.3.1/../../../../arm-none-eabi/lib/thumb/v7-m/nofp\libc_nano.a(libc_a-reallocr.o)
                0x0800aa84                _realloc_r
 .text.__ascii_wctomb
                0x0800aae0       0x1a D:/RUN PROGRAMS/STM32CubeIDE_2.0.0/STM32CubeIDE/plugins/com.st.stm32cube.ide.mcu.externaltools.gnu-tools-for-stm32.13.3.rel1.win32_1.0.100.202509120712/tools/bin/../lib/gcc/arm-none-eabi/13.3.1/../../../../arm-none-eabi/lib/thumb/v7-m/nofp\libc_nano.a(libc_a-wctomb_r.o)
                0x0800aae0                __ascii_wctomb
 *fill*         0x0800aafa        0x2 
 .text.fprintf  0x0800aafc       0x24 D:/RUN PROGRAMS/STM32CubeIDE_2.0.0/STM32CubeIDE/plugins/com.st.stm32cube.ide.mcu.externaltools.gnu-tools-for-stm32.13.3.rel1.win32_1.0.100.202509120712/tools/bin/../lib/gcc/arm-none-eabi/13.3.1/../../../../arm-none-eabi/lib/thumb/v7-m/nofp\libc_nano.a(libc_a-fprintf.o)
                0x0800aafc                fiprintf
                0x0800aafc                fprintf
 .text.abort    0x0800ab20        0xe D:/RUN PROGRAMS/STM32CubeIDE_2.0.0/STM32CubeIDE/plugins/com.st.stm32cube.ide.mcu.externaltools.gnu-tools-for-stm32.13.3.rel1.win32_1.0.100.202509120712/tools/bin/../lib/gcc/arm-none-eabi/13.3.1/../../../../arm-none-eabi/lib/thumb/v7-m/nofp\libc_nano.a(libc_a-abort.o)
                0x0800ab20                abort
 .text._malloc_usable_size_r
                0x0800ab2e       0x10 D:/RUN PROGRAMS/STM32CubeIDE_2.0.0/STM32CubeIDE/plugins/com.st.stm32cube.ide.mcu.externaltools.gnu-tools-for-stm32.13.3.rel1.win32_1.0.100.202509120712/tools/bin/../lib/gcc/arm-none-eabi/13.3.1/../../../../arm-none-eabi/lib/thumb/v7-m/nofp\libc_nano.a(libc_a-msizer.o)
                0x0800ab2e                _malloc_usable_size_r
 .text.__sfputc_r
                0x0800ab3e       0x2a D:/RUN PROGRAMS/STM32CubeIDE_2.0.0/STM32CubeIDE/plugins/com.st.stm32cube.ide.mcu.externaltools.gnu-tools-for-stm32.13.3.rel1.win32_1.0.100.202509120712/tools/bin/../lib/gcc/arm-none-eabi/13.3.1/../../../../arm-none-eabi/lib/thumb/v7-m/nofp\libc_nano.a(libc_a-nano-vfprintf.o)
 .text.__sfputs_r
                0x0800ab68       0x24 D:/RUN PROGRAMS/STM32CubeIDE_2.0.0/STM32CubeIDE/plugins/com.st.stm32cube.ide.mcu.externaltools.gnu-tools-for-stm32.13.3.rel1.win32_1.0.100.202509120712/tools/bin/../lib/gcc/arm-none-eabi/13.3.1/../../../../arm-none-eabi/lib/thumb/v7-m/nofp\libc_nano.a(libc_a-nano-vfprintf.o)
                0x0800ab68                __sfputs_r
 .text._vfprintf_r
                0x0800ab8c      0x230 D:/RUN PROGRAMS/STM32CubeIDE_2.0.0/STM32CubeIDE/plugins/com.st.stm32cube.ide.mcu.externaltools.gnu-tools-for-stm32.13.3.rel1.win32_1.0.100.202509120712/tools/bin/../lib/gcc/arm-none-eabi/13.3.1/../../../../arm-none-eabi/lib/thumb/v7-m/nofp\libc_nano.a(libc_a-nano-vfprintf.o)
                0x0800ab8c                _vfprintf_r
                0x0800ab8c                _vfiprintf_r
 .text.__swbuf_r
                0x0800adbc       0x7c D:/RUN PROGRAMS/STM32CubeIDE_2.0.0/STM32CubeIDE/plugins/com.st.stm32cube.ide.mcu.externaltools.gnu-tools-for-stm32.13.3.rel1.win32_1.0.100.202509120712/tools/bin/../lib/gcc/arm-none-eabi/13.3.1/../../../../arm-none-eabi/lib/thumb/v7-m/nofp\libc_nano.a(libc_a-wbuf.o)
                0x0800adbc                __swbuf_r
 .text.__swsetup_r
                0x0800ae38       0xac D:/RUN PROGRAMS/STM32CubeIDE_2.0.0/STM32CubeIDE/plugins/com.st.stm32cube.ide.mcu.externaltools.gnu-tools-for-stm32.13.3.rel1.win32_1.0.100.202509120712/tools/bin/../lib/gcc/arm-none-eabi/13.3.1/../../../../arm-none-eabi/lib/thumb/v7-m/nofp\libc_nano.a(libc_a-wsetup.o)
                0x0800ae38                __swsetup_r
 .text._raise_r
                0x0800aee4       0x50 D:/RUN PROGRAMS/STM32CubeIDE_2.0.0/STM32CubeIDE/plugins/com.st.stm32cube.ide.mcu.externaltools.gnu-tools-for-stm32.13.3.rel1.win32_1.0.100.202509120712/tools/bin/../lib/gcc/arm-none-eabi/13.3.1/../../../../arm-none-eabi/lib/thumb/v7-m/nofp\libc_nano.a(libc_a-signal.o)
                0x0800aee4                _raise_r
 .text.raise    0x0800af34       0x10 D:/RUN PROGRAMS/STM32CubeIDE_2.0.0/STM32CubeIDE/plugins/com.st.stm32cube.ide.mcu.externaltools.gnu-tools-for-stm32.13.3.rel1.win32_1.0.100.202509120712/tools/bin/../lib/gcc/arm-none-eabi/13.3.1/../../../../arm-none-eabi/lib/thumb/v7-m/nofp\libc_nano.a(libc_a-signal.o)
                0x0800af34                raise
 .text._kill_r  0x0800af44       0x24 D:/RUN PROGRAMS/STM32CubeIDE_2.0.0/STM32CubeIDE/plugins/com.st.stm32cube.ide.mcu.externaltools.gnu-tools-for-stm32.13.3.rel1.win32_1.0.100.202509120712/tools/bin/../lib/gcc/arm-none-eabi/13.3.1/../../../../arm-none-eabi/lib/thumb/v7-m/nofp\libc_nano.a(libc_a-signalr.o)
                0x0800af44                _kill_r
 .text._getpid_r
                0x0800af68        0x4 D:/RUN PROGRAMS/STM32CubeIDE_2.0.0/STM32CubeIDE/plugins/com.st.stm32cube.ide.mcu.externaltools.gnu-tools-for-stm32.13.3.rel1.win32_1.0.100.202509120712/tools/bin/../lib/gcc/arm-none-eabi/13.3.1/../../../../arm-none-eabi/lib/thumb/v7-m/nofp\libc_nano.a(libc_a-signalr.o)
                0x0800af68                _getpid_r
 .text.__swhatbuf_r
                0x0800af6c       0x4a D:/RUN PROGRAMS/STM32CubeIDE_2.0.0/STM32CubeIDE/plugins/com.st.stm32cube.ide.mcu.externaltools.gnu-tools-for-stm32.13.3.rel1.win32_1.0.100.202509120712/tools/bin/../lib/gcc/arm-none-eabi/13.3.1/../../../../arm-none-eabi/lib/thumb/v7-m/nofp\libc_nano.a(libc_a-makebuf.o)
                0x0800af6c                __swhatbuf_r
 .text.__smakebuf_r
                0x0800afb6       0x78 D:/RUN PROGRAMS/STM32CubeIDE_2.0.0/STM32CubeIDE/plugins/com.st.stm32cube.ide.mcu.externaltools.gnu-tools-for-stm32.13.3.rel1.win32_1.0.100.202509120712/tools/bin/../lib/gcc/arm-none-eabi/13.3.1/../../../../arm-none-eabi/lib/thumb/v7-m/nofp\libc_nano.a(libc_a-makebuf.o)
                0x0800afb6                __smakebuf_r
 *fill*         0x0800b02e        0x2 
 .text._fstat_r
                0x0800b030       0x24 D:/RUN PROGRAMS/STM32CubeIDE_2.0.0/STM32CubeIDE/plugins/com.st.stm32cube.ide.mcu.externaltools.gnu-tools-for-stm32.13.3.rel1.win32_1.0.100.202509120712/tools/bin/../lib/gcc/arm-none-eabi/13.3.1/../../../../arm-none-eabi/lib/thumb/v7-m/nofp\libc_nano.a(libc_a-fstatr.o)
                0x0800b030                _fstat_r
 .text._isatty_r
                0x0800b054       0x20 D:/RUN PROGRAMS/STM32CubeIDE_2.0.0/STM32CubeIDE/plugins/com.st.stm32cube.ide.mcu.externaltools.gnu-tools-for-stm32.13.3.rel1.win32_1.0.100.202509120712/tools/bin/../lib/gcc/arm-none-eabi/13.3.1/../../../../arm-none-eabi/lib/thumb/v7-m/nofp\libc_nano.a(libc_a-isattyr.o)
                0x0800b054                _isatty_r
 .text.lroundf  0x0800b074       0x58 D:/RUN PROGRAMS/STM32CubeIDE_2.0.0/STM32CubeIDE/plugins/com.st.stm32cube.ide.mcu.externaltools.gnu-tools-for-stm32.13.3.rel1.win32_1.0.100.202509120712/tools/bin/../lib/gcc/arm-none-eabi/13.3.1/../../../../arm-none-eabi/lib/thumb/v7-m/nofp\libm.a(libm_a-sf_lround.o)
                0x0800b074                lroundf
 *(.glue_7)
 .glue_7        0x0800b0cc        0x0 linker stubs
 *(.glue_7t)
 .glue_7t       0x0800b0cc        0x0 linker stubs
 *(.eh_frame)
 .eh_frame      0x0800b0cc        0x0 D:/RUN PROGRAMS/STM32CubeIDE_2.0.0/STM32CubeIDE/plugins/com.st.stm32cube.ide.mcu.externaltools.gnu-tools-for-stm32.13.3.rel1.win32_1.0.100.202509120712/tools/bin/../lib/gcc/arm-none-eabi/13.3.1/thumb/v7-m/nofp/crtbegin.o
 *(.init)
 .init          0x0800b0cc        0x4 D:/RUN PROGRAMS/STM32CubeIDE_2.0.0/STM32CubeIDE/plugins/com.st.stm32cube.ide.mcu.externaltools.gnu-tools-for-stm32.13.3.rel1.win32_1.0.100.202509120712/tools/bin/../lib/gcc/arm-none-eabi/13.3.1/thumb/v7-m/nofp/crti.o
                0x0800b0cc                _init
 .init          0x0800b0d0        0x8 D:/RUN PROGRAMS/STM32CubeIDE_2.0.0/STM32CubeIDE/plugins/com.st.stm32cube.ide.mcu.externaltools.gnu-tools-for-stm32.13.3.rel1.win32_1.0.100.202509120712/tools/bin/../lib/gcc/arm-none-eabi/13.3.1/thumb/v7-m/nofp/crtn.o
 *(.fini)
 .fini          0x0800b0d8        0x4 D:/RUN PROGRAMS/STM32CubeIDE_2.0.0/STM32CubeIDE/plugins/com.st.stm32cube.ide.mcu.externaltools.gnu-tools-for-stm32.13.3.rel1.win32_1.0.100.202509120712/tools/bin/../lib/gcc/arm-none-eabi/13.3.1/thumb/v7-m/nofp/crti.o
                0x0800b0d8                _fini
 .fini          0x0800b0dc        0x8 D:/RUN PROGRAMS/STM32CubeIDE_2.0.0/STM32CubeIDE/plugins/com.st.stm32cube.ide.mcu.externaltools.gnu-tools-for-stm32.13.3.rel1.win32_1.0.100.202509120712/tools/bin/../lib/gcc/arm-none-eabi/13.3.1/thumb/v7-m/nofp/crtn.o
                0x0800b0e4                        . = ALIGN (0x4)
                0x0800b0e4                        _etext = .

.vfp11_veneer   0x0800b0e4        0x0
 .vfp11_veneer  0x0800b0e4        0x0 linker stubs

.v4_bx          0x0800b0e4        0x0
 .v4_bx         0x0800b0e4        0x0 linker stubs

.iplt           0x0800b0e4        0x0
 .iplt          0x0800b0e4        0x0 D:/RUN PROGRAMS/STM32CubeIDE_2.0.0/STM32CubeIDE/plugins/com.st.stm32cube.ide.mcu.externaltools.gnu-tools-for-stm32.13.3.rel1.win32_1.0.100.202509120712/tools/bin/../lib/gcc/arm-none-eabi/13.3.1/thumb/v7-m/nofp/crtbegin.o

.rodata         0x0800b0e8      0x4e4
                0x0800b0e8                        . = ALIGN (0x4)
 *(.rodata)
 .rodata        0x0800b0e8      0x141 ./Core/Src/main.o
 *(.rodata*)
 *fill*         0x0800b229        0x3 
 .rodata.AHBPrescTable
                0x0800b22c       0x10 ./Core/Src/system_stm32f1xx.o
                0x0800b22c                AHBPrescTable
 .rodata.APBPrescTable
                0x0800b23c        0x8 ./Core/Src/system_stm32f1xx.o
                0x0800b23c                APBPrescTable
 .rodata.aPLLMULFactorTable.1
                0x0800b244       0x10 ./Drivers/STM32F1xx_HAL_Driver/Src/stm32f1xx_hal_rcc.o
 .rodata.aPredivFactorTable.0
                0x0800b254        0x2 ./Drivers/STM32F1xx_HAL_Driver/Src/stm32f1xx_hal_rcc.o
 .rodata._printf_float.str1.1
                0x0800b256      0x171 D:/RUN PROGRAMS/STM32CubeIDE_2.0.0/STM32CubeIDE/plugins/com.st.stm32cube.ide.mcu.externaltools.gnu-tools-for-stm32.13.3.rel1.win32_1.0.100.202509120712/tools/bin/../lib/gcc/arm-none-eabi/13.3.1/../../../../arm-none-eabi/lib/thumb/v7-m/nofp\libc_nano.a(libc_a-nano-vfprintf_float.o)
                                 0x12 (size before relaxing)
 .rodata._printf_i.str1.1
                0x0800b3c7        0x0 D:/RUN PROGRAMS/STM32CubeIDE_2.0.0/STM32CubeIDE/plugins/com.st.stm32cube.ide.mcu.externaltools.gnu-tools-for-stm32.13.3.rel1.win32_1.0.100.202509120712/tools/bin/../lib/gcc/arm-none-eabi/13.3.1/../../../../arm-none-eabi/lib/thumb/v7-m/nofp\libc_nano.a(libc_a-nano-vfprintf_i.o)
                                 0x22 (size before relaxing)
 .rodata._dtoa_r.str1.1
                0x0800b3c7        0x0 D:/RUN PROGRAMS/STM32CubeIDE_2.0.0/STM32CubeIDE/plugins/com.st.stm32cube.ide.mcu.externaltools.gnu-tools-for-stm32.13.3.rel1.win32_1.0.100.202509120712/tools/bin/../lib/gcc/arm-none-eabi/13.3.1/../../../../arm-none-eabi/lib/thumb/v7-m/nofp\libc_nano.a(libc_a-dtoa.o)
                                 0x8f (size before relaxing)
 .rodata._Balloc.str1.1
                0x0800b3c7        0x0 D:/RUN PROGRAMS/STM32CubeIDE_2.0.0/STM32CubeIDE/plugins/com.st.stm32cube.ide.mcu.externaltools.gnu-tools-for-stm32.13.3.rel1.win32_1.0.100.202509120712/tools/bin/../lib/gcc/arm-none-eabi/13.3.1/../../../../arm-none-eabi/lib/thumb/v7-m/nofp\libc_nano.a(libc_a-mprec.o)
                                 0x70 (size before relaxing)
 .rodata.__multadd.str1.1
                0x0800b3c7        0x0 D:/RUN PROGRAMS/STM32CubeIDE_2.0.0/STM32CubeIDE/plugins/com.st.stm32cube.ide.mcu.externaltools.gnu-tools-for-stm32.13.3.rel1.win32_1.0.100.202509120712/tools/bin/../lib/gcc/arm-none-eabi/13.3.1/../../../../arm-none-eabi/lib/thumb/v7-m/nofp\libc_nano.a(libc_a-mprec.o)
                                 0x11 (size before relaxing)
 *fill*         0x0800b3c7        0x1 
 .rodata.p05.0  0x0800b3c8        0xc D:/RUN PROGRAMS/STM32CubeIDE_2.0.0/STM32CubeIDE/plugins/com.st.stm32cube.ide.mcu.externaltools.gnu-tools-for-stm32.13.3.rel1.win32_1.0.100.202509120712/tools/bin/../lib/gcc/arm-none-eabi/13.3.1/../../../../arm-none-eabi/lib/thumb/v7-m/nofp\libc_nano.a(libc_a-mprec.o)
 *fill*         0x0800b3d4        0x4 
 .rodata.__mprec_bigtens
                0x0800b3d8       0x28 D:/RUN PROGRAMS/STM32CubeIDE_2.0.0/STM32CubeIDE/plugins/com.st.stm32cube.ide.mcu.externaltools.gnu-tools-for-stm32.13.3.rel1.win32_1.0.100.202509120712/tools/bin/../lib/gcc/arm-none-eabi/13.3.1/../../../../arm-none-eabi/lib/thumb/v7-m/nofp\libc_nano.a(libc_a-mprec.o)
                0x0800b3d8                __mprec_bigtens
 .rodata.__mprec_tens
                0x0800b400       0xc8 D:/RUN PROGRAMS/STM32CubeIDE_2.0.0/STM32CubeIDE/plugins/com.st.stm32cube.ide.mcu.externaltools.gnu-tools-for-stm32.13.3.rel1.win32_1.0.100.202509120712/tools/bin/../lib/gcc/arm-none-eabi/13.3.1/../../../../arm-none-eabi/lib/thumb/v7-m/nofp\libc_nano.a(libc_a-mprec.o)
                0x0800b400                __mprec_tens
 .rodata._svfprintf_r.str1.1
                0x0800b4c8        0x0 D:/RUN PROGRAMS/STM32CubeIDE_2.0.0/STM32CubeIDE/plugins/com.st.stm32cube.ide.mcu.externaltools.gnu-tools-for-stm32.13.3.rel1.win32_1.0.100.202509120712/tools/bin/../lib/gcc/arm-none-eabi/13.3.1/../../../../arm-none-eabi/lib/thumb/v7-m/nofp\libc_nano.a(libc_a-nano-svfprintf.o)
                                 0x11 (size before relaxing)
 .rodata._setlocale_r.str1.1
                0x0800b4c8        0x0 D:/RUN PROGRAMS/STM32CubeIDE_2.0.0/STM32CubeIDE/plugins/com.st.stm32cube.ide.mcu.externaltools.gnu-tools-for-stm32.13.3.rel1.win32_1.0.100.202509120712/tools/bin/../lib/gcc/arm-none-eabi/13.3.1/../../../../arm-none-eabi/lib/thumb/v7-m/nofp\libc_nano.a(libc_a-locale.o)
                                  0x9 (size before relaxing)
 .rodata.str1.1
                0x0800b4c8        0x0 D:/RUN PROGRAMS/STM32CubeIDE_2.0.0/STM32CubeIDE/plugins/com.st.stm32cube.ide.mcu.externaltools.gnu-tools-for-stm32.13.3.rel1.win32_1.0.100.202509120712/tools/bin/../lib/gcc/arm-none-eabi/13.3.1/../../../../arm-none-eabi/lib/thumb/v7-m/nofp\libc_nano.a(libc_a-locale.o)
                                  0x2 (size before relaxing)
 .rodata.__assert_func.str1.1
                0x0800b4c8        0x0 D:/RUN PROGRAMS/STM32CubeIDE_2.0.0/STM32CubeIDE/plugins/com.st.stm32cube.ide.mcu.externaltools.gnu-tools-for-stm32.13.3.rel1.win32_1.0.100.202509120712/tools/bin/../lib/gcc/arm-none-eabi/13.3.1/../../../../arm-none-eabi/lib/thumb/v7-m/nofp\libc_nano.a(libc_a-assert.o)
                                 0x3d (size before relaxing)
 .rodata._ctype_
                0x0800b4c8      0x101 D:/RUN PROGRAMS/STM32CubeIDE_2.0.0/STM32CubeIDE/plugins/com.st.stm32cube.ide.mcu.externaltools.gnu-tools-for-stm32.13.3.rel1.win32_1.0.100.202509120712/tools/bin/../lib/gcc/arm-none-eabi/13.3.1/../../../../arm-none-eabi/lib/thumb/v7-m/nofp\libc_nano.a(libc_a-ctype_.o)
                0x0800b4c8                _ctype_
 .rodata._vfprintf_r.str1.1
                0x0800b5c9        0x0 D:/RUN PROGRAMS/STM32CubeIDE_2.0.0/STM32CubeIDE/plugins/com.st.stm32cube.ide.mcu.externaltools.gnu-tools-for-stm32.13.3.rel1.win32_1.0.100.202509120712/tools/bin/../lib/gcc/arm-none-eabi/13.3.1/../../../../arm-none-eabi/lib/thumb/v7-m/nofp\libc_nano.a(libc_a-nano-vfprintf.o)
                                 0x11 (size before relaxing)
                0x0800b5cc                        . = ALIGN (0x4)
 *fill*         0x0800b5c9        0x3 

.ARM.extab      0x0800b5cc        0x0
                0x0800b5cc                        . = ALIGN (0x4)
 *(.ARM.extab* .gnu.linkonce.armextab.*)
                0x0800b5cc                        . = ALIGN (0x4)

.ARM            0x0800b5cc        0x8
                0x0800b5cc                        . = ALIGN (0x4)
                0x0800b5cc                        __exidx_start = .
 *(.ARM.exidx*)
 .ARM.exidx     0x0800b5cc        0x8 D:/RUN PROGRAMS/STM32CubeIDE_2.0.0/STM32CubeIDE/plugins/com.st.stm32cube.ide.mcu.externaltools.gnu-tools-for-stm32.13.3.rel1.win32_1.0.100.202509120712/tools/bin/../lib/gcc/arm-none-eabi/13.3.1/../../../../arm-none-eabi/lib/thumb/v7-m/nofp\libc_nano.a(libc_a-strcmp.o)
 .ARM.exidx     0x0800b5d4        0x0 D:/RUN PROGRAMS/STM32CubeIDE_2.0.0/STM32CubeIDE/plugins/com.st.stm32cube.ide.mcu.externaltools.gnu-tools-for-stm32.13.3.rel1.win32_1.0.100.202509120712/tools/bin/../lib/gcc/arm-none-eabi/13.3.1/../../../../arm-none-eabi/lib/thumb/v7-m/nofp\libc_nano.a(libc_a-strlen.o)
                                  0x8 (size before relaxing)
                0x0800b5d4                        __exidx_end = .
                0x0800b5d4                        . = ALIGN (0x4)

.preinit_array  0x0800b5d4        0x0
                0x0800b5d4                        . = ALIGN (0x4)
                0x0800b5d4                        PROVIDE (__preinit_array_start = .)
 *(.preinit_array*)
                0x0800b5d4                        PROVIDE (__preinit_array_end = .)
                0x0800b5d4                        . = ALIGN (0x4)

.init_array     0x0800b5d4        0x4
                0x0800b5d4                        . = ALIGN (0x4)
                0x0800b5d4                        PROVIDE (__init_array_start = .)
 *(SORT_BY_NAME(.init_array.*))
 *(.init_array*)
 .init_array    0x0800b5d4        0x4 D:/RUN PROGRAMS/STM32CubeIDE_2.0.0/STM32CubeIDE/plugins/com.st.stm32cube.ide.mcu.externaltools.gnu-tools-for-stm32.13.3.rel1.win32_1.0.100.202509120712/tools/bin/../lib/gcc/arm-none-eabi/13.3.1/thumb/v7-m/nofp/crtbegin.o
                0x0800b5d8                        PROVIDE (__init_array_end = .)
                0x0800b5d8                        . = ALIGN (0x4)

.fini_array     0x0800b5d8        0x4
                0x0800b5d8                        . = ALIGN (0x4)
                [!provide]                        PROVIDE (__fini_array_start = .)
 *(SORT_BY_NAME(.fini_array.*))
 *(.fini_array*)
 .fini_array    0x0800b5d8        0x4 D:/RUN PROGRAMS/STM32CubeIDE_2.0.0/STM32CubeIDE/plugins/com.st.stm32cube.ide.mcu.externaltools.gnu-tools-for-stm32.13.3.rel1.win32_1.0.100.202509120712/tools/bin/../lib/gcc/arm-none-eabi/13.3.1/thumb/v7-m/nofp/crtbegin.o
                [!provide]                        PROVIDE (__fini_array_end = .)
                0x0800b5dc                        . = ALIGN (0x4)
                0x0800b5dc                        _sidata = LOADADDR (.data)

.rel.dyn        0x0800b5dc        0x0
 .rel.iplt      0x0800b5dc        0x0 D:/RUN PROGRAMS/STM32CubeIDE_2.0.0/STM32CubeIDE/plugins/com.st.stm32cube.ide.mcu.externaltools.gnu-tools-for-stm32.13.3.rel1.win32_1.0.100.202509120712/tools/bin/../lib/gcc/arm-none-eabi/13.3.1/thumb/v7-m/nofp/crtbegin.o

.data           0x20000000      0x1f0 load address 0x0800b5dc
                0x20000000                        . = ALIGN (0x4)
                0x20000000                        _sdata = .
 *(.data)
 *(.data*)
 .data.Kp       0x20000000        0x4 ./Core/Src/main.o
                0x20000000                Kp
 .data.Ki       0x20000004        0x4 ./Core/Src/main.o
                0x20000004                Ki
 .data.Kd       0x20000008        0x4 ./Core/Src/main.o
                0x20000008                Kd
 .data.filtered_temp
                0x2000000c        0x4 ./Core/Src/main.o
                0x2000000c                filtered_temp
 .data.ki_is_active
                0x20000010        0x1 ./Core/Src/main.o
                0x20000010                ki_is_active
 .data.Total_Intervals
                0x20000011        0x1 ./Core/Src/main.o
                0x20000011                Total_Intervals
 .data.Current_Interval
                0x20000012        0x1 ./Core/Src/main.o
                0x20000012                Current_Interval
 .data.Setting_P_Index
                0x20000013        0x1 ./Core/Src/main.o
                0x20000013                Setting_P_Index
 .data.LCD_Needs_Update
                0x20000014        0x1 ./Core/Src/main.o
                0x20000014                LCD_Needs_Update
 .data.flash_write_ok
                0x20000015        0x1 ./Core/Src/main.o
                0x20000015                flash_write_ok
 .data.last_control_mode
                0x20000016        0x1 ./Core/Src/main.o
                0x20000016                last_control_mode
 *fill*         0x20000017        0x1 
 .data.tiot_full_power_rate_est_c_per_min
                0x20000018        0x4 ./Core/Src/main.o
                0x20000018                tiot_full_power_rate_est_c_per_min
 .data.SystemCoreClock
                0x2000001c        0x4 ./Core/Src/system_stm32f1xx.o
                0x2000001c                SystemCoreClock
 .data.uwTickPrio
                0x20000020        0x4 ./Drivers/STM32F1xx_HAL_Driver/Src/stm32f1xx_hal.o
                0x20000020                uwTickPrio
 .data.uwTickFreq
                0x20000024        0x1 ./Drivers/STM32F1xx_HAL_Driver/Src/stm32f1xx_hal.o
                0x20000024                uwTickFreq
 *fill*         0x20000025        0x3 
 .data.__sglue  0x20000028        0xc D:/RUN PROGRAMS/STM32CubeIDE_2.0.0/STM32CubeIDE/plugins/com.st.stm32cube.ide.mcu.externaltools.gnu-tools-for-stm32.13.3.rel1.win32_1.0.100.202509120712/tools/bin/../lib/gcc/arm-none-eabi/13.3.1/../../../../arm-none-eabi/lib/thumb/v7-m/nofp\libc_nano.a(libc_a-findfp.o)
                0x20000028                __sglue
 .data._impure_ptr
                0x20000034        0x4 D:/RUN PROGRAMS/STM32CubeIDE_2.0.0/STM32CubeIDE/plugins/com.st.stm32cube.ide.mcu.externaltools.gnu-tools-for-stm32.13.3.rel1.win32_1.0.100.202509120712/tools/bin/../lib/gcc/arm-none-eabi/13.3.1/../../../../arm-none-eabi/lib/thumb/v7-m/nofp\libc_nano.a(libc_a-impure.o)
                0x20000034                _impure_ptr
 .data._impure_data
                0x20000038       0x4c D:/RUN PROGRAMS/STM32CubeIDE_2.0.0/STM32CubeIDE/plugins/com.st.stm32cube.ide.mcu.externaltools.gnu-tools-for-stm32.13.3.rel1.win32_1.0.100.202509120712/tools/bin/../lib/gcc/arm-none-eabi/13.3.1/../../../../arm-none-eabi/lib/thumb/v7-m/nofp\libc_nano.a(libc_a-impure.o)
                0x20000038                _impure_data
 .data.__global_locale
                0x20000084      0x16c D:/RUN PROGRAMS/STM32CubeIDE_2.0.0/STM32CubeIDE/plugins/com.st.stm32cube.ide.mcu.externaltools.gnu-tools-for-stm32.13.3.rel1.win32_1.0.100.202509120712/tools/bin/../lib/gcc/arm-none-eabi/13.3.1/../../../../arm-none-eabi/lib/thumb/v7-m/nofp\libc_nano.a(libc_a-locale.o)
                0x20000084                __global_locale
 *(.RamFunc)
 *(.RamFunc*)
                0x200001f0                        . = ALIGN (0x4)
                0x200001f0                        _edata = .

.igot.plt       0x200001f0        0x0 load address 0x0800b7cc
 .igot.plt      0x200001f0        0x0 D:/RUN PROGRAMS/STM32CubeIDE_2.0.0/STM32CubeIDE/plugins/com.st.stm32cube.ide.mcu.externaltools.gnu-tools-for-stm32.13.3.rel1.win32_1.0.100.202509120712/tools/bin/../lib/gcc/arm-none-eabi/13.3.1/thumb/v7-m/nofp/crtbegin.o
                0x200001f0                        . = ALIGN (0x4)

.bss            0x200001f0      0x3ec load address 0x0800b7cc
                0x200001f0                        _sbss = .
                0x200001f0                        __bss_start__ = _sbss
 *(.bss)
 .bss           0x200001f0       0x1c D:/RUN PROGRAMS/STM32CubeIDE_2.0.0/STM32CubeIDE/plugins/com.st.stm32cube.ide.mcu.externaltools.gnu-tools-for-stm32.13.3.rel1.win32_1.0.100.202509120712/tools/bin/../lib/gcc/arm-none-eabi/13.3.1/thumb/v7-m/nofp/crtbegin.o
 *(.bss*)
 .bss.lcd       0x2000020c        0xc ./Core/Src/LiquidCrystal_I2C.o
                0x2000020c                lcd
 .bss.hi2c2     0x20000218       0x54 ./Core/Src/main.o
                0x20000218                hi2c2
 .bss.hspi1     0x2000026c       0x58 ./Core/Src/main.o
                0x2000026c                hspi1
 .bss.htim2     0x200002c4       0x48 ./Core/Src/main.o
                0x200002c4                htim2
 .bss.max31856  0x2000030c        0xc ./Core/Src/main.o
                0x2000030c                max31856
 .bss.pid_heater
                0x20000318       0x40 ./Core/Src/main.o
                0x20000318                pid_heater
 .bss.Input     0x20000358        0x4 ./Core/Src/main.o
                0x20000358                Input
 .bss.Output    0x2000035c        0x4 ./Core/Src/main.o
                0x2000035c                Output
 .bss.Setpoint  0x20000360        0x4 ./Core/Src/main.o
                0x20000360                Setpoint
 .bss.windowStartTime
                0x20000364        0x4 ./Core/Src/main.o
                0x20000364                windowStartTime
 .bss.active_output
                0x20000368        0x4 ./Core/Src/main.o
                0x20000368                active_output
 .bss.raw_temp  0x2000036c        0x4 ./Core/Src/main.o
                0x2000036c                raw_temp
 .bss.last_setpoint
                0x20000370        0x4 ./Core/Src/main.o
                0x20000370                last_setpoint
 .bss.max31856_fault_bits
                0x20000374        0x1 ./Core/Src/main.o
                0x20000374                max31856_fault_bits
 .bss.invalid_temp_count
                0x20000375        0x1 ./Core/Src/main.o
                0x20000375                invalid_temp_count
 .bss.valid_recovery_count
                0x20000376        0x1 ./Core/Src/main.o
                0x20000376                valid_recovery_count
 .bss.sensor_has_valid_sample
                0x20000377        0x1 ./Core/Src/main.o
                0x20000377                sensor_has_valid_sample
 .bss.max31856_ready
                0x20000378        0x1 ./Core/Src/main.o
                0x20000378                max31856_ready
 .bss.Control_Fault
                0x20000379        0x1 ./Core/Src/main.o
                0x20000379                Control_Fault
 *fill*         0x2000037a        0x2 
 .bss.last_time_PA8
                0x2000037c        0x4 ./Core/Src/main.o
                0x2000037c                last_time_PA8
 .bss.last_time_PA9
                0x20000380        0x4 ./Core/Src/main.o
                0x20000380                last_time_PA9
 .bss.last_time_PA10
                0x20000384        0x4 ./Core/Src/main.o
                0x20000384                last_time_PA10
 .bss.last_time_PA11
                0x20000388        0x4 ./Core/Src/main.o
                0x20000388                last_time_PA11
 .bss.last_time_PB15
                0x2000038c        0x4 ./Core/Src/main.o
                0x2000038c                last_time_PB15
 .bss.button_setting
                0x20000390        0x1 ./Core/Src/main.o
                0x20000390                button_setting
 .bss.button_redirect
                0x20000391        0x1 ./Core/Src/main.o
                0x20000391                button_redirect
 .bss.button_select
                0x20000392        0x1 ./Core/Src/main.o
                0x20000392                button_select
 .bss.button_tang
                0x20000393        0x1 ./Core/Src/main.o
                0x20000393                button_tang
 .bss.button_giam
                0x20000394        0x1 ./Core/Src/main.o
                0x20000394                button_giam
 *fill*         0x20000395        0x3 
 .bss.Intervals
                0x20000398       0x48 ./Core/Src/main.o
                0x20000398                Intervals
 .bss.System_Run_State
                0x200003e0        0x1 ./Core/Src/main.o
                0x200003e0                System_Run_State
 .bss.Current_UI_State
                0x200003e1        0x1 ./Core/Src/main.o
                0x200003e1                Current_UI_State
 *fill*         0x200003e2        0x2 
 .bss.Run_Total_Seconds
                0x200003e4        0x4 ./Core/Src/main.o
                0x200003e4                Run_Total_Seconds
 .bss.Target_Run_Seconds
                0x200003e8        0x4 ./Core/Src/main.o
                0x200003e8                Target_Run_Seconds
 .bss.Current_Temp
                0x200003ec        0x4 ./Core/Src/main.o
                0x200003ec                Current_Temp
 .bss.Current_Interval_Start_Sec
                0x200003f0        0x4 ./Core/Src/main.o
                0x200003f0                Current_Interval_Start_Sec
 .bss.Current_Interval_Start_Temp
                0x200003f4        0x4 ./Core/Src/main.o
                0x200003f4                Current_Interval_Start_Temp
 .bss.Menu_Cursor
                0x200003f8        0x1 ./Core/Src/main.o
                0x200003f8                Menu_Cursor
 .bss.Temp_Digit_Index
                0x200003f9        0x1 ./Core/Src/main.o
                0x200003f9                Temp_Digit_Index
 .bss.Time_Field_Index
                0x200003fa        0x1 ./Core/Src/main.o
                0x200003fa                Time_Field_Index
 *fill*         0x200003fb        0x1 
 .bss.Temp_Edit_Val
                0x200003fc        0x2 ./Core/Src/main.o
                0x200003fc                Temp_Edit_Val
 .bss.Time_Edit_H
                0x200003fe        0x1 ./Core/Src/main.o
                0x200003fe                Time_Edit_H
 .bss.Time_Edit_M
                0x200003ff        0x1 ./Core/Src/main.o
                0x200003ff                Time_Edit_M
 .bss.Time_Edit_S
                0x20000400        0x1 ./Core/Src/main.o
                0x20000400                Time_Edit_S
 *fill*         0x20000401        0x3 
 .bss.prev_lcd_row1
                0x20000404       0x11 ./Core/Src/main.o
                0x20000404                prev_lcd_row1
 *fill*         0x20000415        0x3 
 .bss.prev_lcd_row2
                0x20000418       0x11 ./Core/Src/main.o
                0x20000418                prev_lcd_row2
 *fill*         0x20000429        0x3 
 .bss.last_temp_read_time
                0x2000042c        0x4 ./Core/Src/main.o
                0x2000042c                last_temp_read_time
 .bss.temp_rate_c_per_min
                0x20000430        0x4 ./Core/Src/main.o
                0x20000430                temp_rate_c_per_min
 .bss.temp_rate_last_temp
                0x20000434        0x4 ./Core/Src/main.o
                0x20000434                temp_rate_last_temp
 .bss.temp_rate_last_time_ms
                0x20000438        0x4 ./Core/Src/main.o
                0x20000438                temp_rate_last_time_ms
 .bss.temp_rate_initialized
                0x2000043c        0x1 ./Core/Src/main.o
                0x2000043c                temp_rate_initialized
 .bss.mt_control_phase
                0x2000043d        0x1 ./Core/Src/main.o
                0x2000043d                mt_control_phase
 *fill*         0x2000043e        0x2 
 .bss.mt_predicted_temp_c
                0x20000440        0x4 ./Core/Src/main.o
                0x20000440                mt_predicted_temp_c
 .bss.mt_output_limit_ms
                0x20000444        0x4 ./Core/Src/main.o
                0x20000444                mt_output_limit_ms
 .bss.mt_precoast_output_ms
                0x20000448        0x4 ./Core/Src/main.o
                0x20000448                mt_precoast_output_ms
 .bss.last_control_interval
                0x2000044c        0x1 ./Core/Src/main.o
                0x2000044c                last_control_interval
 *fill*         0x2000044d        0x3 
 .bss.tiot_ideal_temp_c
                0x20000450        0x4 ./Core/Src/main.o